Archive member included to satisfy reference by file (symbol)

C:\Users\Tob14\Documents\MCUXpressoIDE_10.0.2_411\workspace\lpc_board_ea_devkit_4088\Debug\liblpc_board_ea_devkit_4088.a(board.o)
                              ./example/src/main.o (Board_Init)
C:\Users\Tob14\Documents\MCUXpressoIDE_10.0.2_411\workspace\lpc_board_ea_devkit_4088\Debug\liblpc_board_ea_devkit_4088.a(board_sysinit.o)
                              ./example/src/sysinit.o (Board_SystemInit)
C:\Users\Tob14\Documents\MCUXpressoIDE_10.0.2_411\workspace\lpc_board_ea_devkit_4088\Debug\liblpc_board_ea_devkit_4088.a(uda1380.o)
                              C:\Users\Tob14\Documents\MCUXpressoIDE_10.0.2_411\workspace\lpc_board_ea_devkit_4088\Debug\liblpc_board_ea_devkit_4088.a(board.o) (UDA1380_Init)
C:\Users\Tob14\Documents\MCUXpressoIDE_10.0.2_411\workspace\lpc_chip_40xx\Debug\liblpc_chip_40xx.a(chip_17xx_40xx.o)
                              ./example/src/main.o (SystemCoreClockUpdate)
C:\Users\Tob14\Documents\MCUXpressoIDE_10.0.2_411\workspace\lpc_chip_40xx\Debug\liblpc_chip_40xx.a(clock_17xx_40xx.o)
                              C:\Users\Tob14\Documents\MCUXpressoIDE_10.0.2_411\workspace\lpc_chip_40xx\Debug\liblpc_chip_40xx.a(chip_17xx_40xx.o) (Chip_Clock_SetupPLL)
C:\Users\Tob14\Documents\MCUXpressoIDE_10.0.2_411\workspace\lpc_chip_40xx\Debug\liblpc_chip_40xx.a(emc_17xx_40xx.o)
                              C:\Users\Tob14\Documents\MCUXpressoIDE_10.0.2_411\workspace\lpc_board_ea_devkit_4088\Debug\liblpc_board_ea_devkit_4088.a(board_sysinit.o) (Chip_EMC_Dynamic_Init)
C:\Users\Tob14\Documents\MCUXpressoIDE_10.0.2_411\workspace\lpc_chip_40xx\Debug\liblpc_chip_40xx.a(fpu_init.o)
                              ./example/src/sysinit.o (fpuInit)
C:\Users\Tob14\Documents\MCUXpressoIDE_10.0.2_411\workspace\lpc_chip_40xx\Debug\liblpc_chip_40xx.a(i2c_17xx_40xx.o)
                              C:\Users\Tob14\Documents\MCUXpressoIDE_10.0.2_411\workspace\lpc_board_ea_devkit_4088\Debug\liblpc_board_ea_devkit_4088.a(uda1380.o) (Chip_I2C_EventHandlerPolling)
C:\Users\Tob14\Documents\MCUXpressoIDE_10.0.2_411\workspace\lpc_chip_40xx\Debug\liblpc_chip_40xx.a(i2s_17xx_40xx.o)
                              C:\Users\Tob14\Documents\MCUXpressoIDE_10.0.2_411\workspace\lpc_board_ea_devkit_4088\Debug\liblpc_board_ea_devkit_4088.a(board.o) (Chip_I2S_Init)
C:\Users\Tob14\Documents\MCUXpressoIDE_10.0.2_411\workspace\lpc_chip_40xx\Debug\liblpc_chip_40xx.a(iocon_17xx_40xx.o)
                              C:\Users\Tob14\Documents\MCUXpressoIDE_10.0.2_411\workspace\lpc_board_ea_devkit_4088\Debug\liblpc_board_ea_devkit_4088.a(board_sysinit.o) (Chip_IOCON_SetPinMuxing)
C:\Users\Tob14\Documents\MCUXpressoIDE_10.0.2_411\workspace\lpc_chip_40xx\Debug\liblpc_chip_40xx.a(ssp_17xx_40xx.o)
                              C:\Users\Tob14\Documents\MCUXpressoIDE_10.0.2_411\workspace\lpc_board_ea_devkit_4088\Debug\liblpc_board_ea_devkit_4088.a(board.o) (Chip_SSP_WriteFrames_Blocking)
C:\Users\Tob14\Documents\MCUXpressoIDE_10.0.2_411\workspace\lpc_chip_40xx\Debug\liblpc_chip_40xx.a(sysctl_17xx_40xx.o)
                              C:\Users\Tob14\Documents\MCUXpressoIDE_10.0.2_411\workspace\lpc_board_ea_devkit_4088\Debug\liblpc_board_ea_devkit_4088.a(board_sysinit.o) (Chip_SYSCTL_PeriphReset)
C:\Users\Tob14\Documents\MCUXpressoIDE_10.0.2_411\workspace\lpc_chip_40xx\Debug\liblpc_chip_40xx.a(sysinit_17xx_40xx.o)
                              C:\Users\Tob14\Documents\MCUXpressoIDE_10.0.2_411\workspace\lpc_board_ea_devkit_4088\Debug\liblpc_board_ea_devkit_4088.a(board_sysinit.o) (Chip_SetupXtalClocking)
c:/nxp/mcuxpressoide_10.0.2_411/ide/tools/bin/../lib/gcc/arm-none-eabi/5.4.1/../../../../arm-none-eabi/lib/armv7e-m/softfp\libcr_semihost_nf.a(_cr__main.o)
                              ./example/src/cr_startup_lpc40xx.o (__main)
c:/nxp/mcuxpressoide_10.0.2_411/ide/tools/bin/../lib/gcc/arm-none-eabi/5.4.1/../../../../arm-none-eabi/lib/armv7e-m/softfp\libcr_c.a(memcpy.o)
                              C:\Users\Tob14\Documents\MCUXpressoIDE_10.0.2_411\workspace\lpc_board_ea_devkit_4088\Debug\liblpc_board_ea_devkit_4088.a(board.o) (memcpy)
c:/nxp/mcuxpressoide_10.0.2_411/ide/tools/bin/../lib/gcc/arm-none-eabi/5.4.1/../../../../arm-none-eabi/lib/armv7e-m/softfp\libcr_c.a(initio.o)
                              c:/nxp/mcuxpressoide_10.0.2_411/ide/tools/bin/../lib/gcc/arm-none-eabi/5.4.1/../../../../arm-none-eabi/lib/armv7e-m/softfp\libcr_semihost_nf.a(_cr__main.o) (_initio)
c:/nxp/mcuxpressoide_10.0.2_411/ide/tools/bin/../lib/gcc/arm-none-eabi/5.4.1/../../../../arm-none-eabi/lib/armv7e-m/softfp\libcr_c.a(setvbuf.o)
                              c:/nxp/mcuxpressoide_10.0.2_411/ide/tools/bin/../lib/gcc/arm-none-eabi/5.4.1/../../../../arm-none-eabi/lib/armv7e-m/softfp\libcr_c.a(initio.o) (setvbuf)
c:/nxp/mcuxpressoide_10.0.2_411/ide/tools/bin/../lib/gcc/arm-none-eabi/5.4.1/../../../../arm-none-eabi/lib/armv7e-m/softfp\libcr_c.a(_fdopen.o)
[...]
Memory Configuration

Name             Origin             Length             Attributes
MFlash512        0x00000000         0x00080000         xr
RamLoc64         0x10000000         0x00010000         xrw
RamPeriph32      0x20000000         0x00008000         xrw
*default*        0x00000000         0xffffffff

Linker script and memory map

LOAD ./example/src/cr_startup_lpc40xx.o
LOAD ./example/src/main.o
LOAD ./example/src/sysinit.o
LOAD C:\Users\Tob14\Documents\MCUXpressoIDE_10.0.2_411\workspace\lpc_board_ea_devkit_4088\Debug\liblpc_board_ea_devkit_4088.a
LOAD C:\Users\Tob14\Documents\MCUXpressoIDE_10.0.2_411\workspace\lpc_chip_40xx\Debug\liblpc_chip_40xx.a
START GROUP
LOAD c:/nxp/mcuxpressoide_10.0.2_411/ide/tools/bin/../lib/gcc/arm-none-eabi/5.4.1/../../../../arm-none-eabi/lib/armv7e-m/softfp\libcr_semihost_nf.a
LOAD c:/nxp/mcuxpressoide_10.0.2_411/ide/tools/bin/../lib/gcc/arm-none-eabi/5.4.1/../../../../arm-none-eabi/lib/armv7e-m/softfp\libcr_c.a
LOAD c:/nxp/mcuxpressoide_10.0.2_411/ide/tools/bin/../lib/gcc/arm-none-eabi/5.4.1/armv7e-m/softfp\libcr_eabihelpers.a
END GROUP
                0x00000000                __base_MFlash512 = 0x0
                0x00000000                __base_Flash = 0x0
                0x00080000                __top_MFlash512 = 0x80000
                0x00080000                __top_Flash = 0x80000
                0x10000000                __base_RamLoc64 = 0x10000000
                0x10000000                __base_RAM = 0x10000000
                0x10010000                __top_RamLoc64 = 0x10010000
                0x10010000                __top_RAM = 0x10010000
                0x20000000                __base_RamPeriph32 = 0x20000000
                0x20000000                __base_RAM2 = 0x20000000
                0x20008000                __top_RamPeriph32 = 0x20008000
                0x20008000                __top_RAM2 = 0x20008000

.text           0x00000000     0x18d8
 FILL mask 0xff
                0x00000000                __vectors_start__ = ABSOLUTE (.)
 *(.isr_vector)
 .isr_vector    0x00000000       0xe4 ./example/src/cr_startup_lpc40xx.o
                0x00000000                g_pfnVectors
                0x000000e4                . = ALIGN (0x4)
                0x000000e4                __section_table_start = .
                0x000000e4                __data_section_table = .
                0x000000e4        0x4 LONG 0x18d8 LOADADDR (.data)
                0x000000e8        0x4 LONG 0x10000000 ADDR (.data)
                0x000000ec        0x4 LONG 0x0 SIZEOF (.data)
                0x000000f0        0x4 LONG 0x18d8 LOADADDR (.data_RAM2)
                0x000000f4        0x4 LONG 0x20000000 ADDR (.data_RAM2)
                0x000000f8        0x4 LONG 0x0 SIZEOF (.data_RAM2)
                0x000000fc                __data_section_table_end = .
                0x000000fc                __bss_section_table = .
                0x000000fc        0x4 LONG 0x10000000 ADDR (.bss)
                0x00000100        0x4 LONG 0xbc SIZEOF (.bss)
                0x00000104        0x4 LONG 0x20000000 ADDR (.bss_RAM2)
                0x00000108        0x4 LONG 0x0 SIZEOF (.bss_RAM2)
                0x0000010c                __bss_section_table_end = .
                0x0000010c                __section_table_end = .
 *(.after_vectors*)
 .after_vectors
                0x0000010c      0x168 ./example/src/cr_startup_lpc40xx.o
                0x0000010c                data_init
                0x00000150                bss_init
                0x00000188                ResetISR
                0x00000220                NMI_Handler
                0x00000228                HardFault_Handler
                0x00000230                MemManage_Handler
                0x00000238                BusFault_Handler
                0x00000240                UsageFault_Handler
                0x00000248                SVC_Handler
                0x00000250                DebugMon_Handler
                0x00000258                PendSV_Handler
                0x00000260                SysTick_Handler
                0x00000268                I2C1_IRQHandler
                0x00000268                EINT2_IRQHandler
                0x00000268                UART1_IRQHandler
                0x00000268                EINT3_IRQHandler
                0x00000268                CANActivity_IRQHandler
                0x00000268                TIMER3_IRQHandler
                0x00000268                UART0_IRQHandler
                0x00000268                I2C0_IRQHandler
                0x00000268                PWM1_IRQHandler
                0x00000268                IntDefaultHandler
                0x00000268                PLL0_IRQHandler
                0x00000268                CAN_IRQHandler
                0x00000268                PLL1_IRQHandler
                0x00000268                RIT_IRQHandler
                0x00000268                I2S_IRQHandler
                0x00000268                I2C2_IRQHandler
                0x00000268                RTC_IRQHandler
                0x00000268                TIMER0_IRQHandler
                0x00000268                SPI_IRQHandler
                0x00000268                LCD_IRQHandler
                0x00000268                SDIO_IRQHandler
                0x00000268                EINT1_IRQHandler
                0x00000268                TIMER1_IRQHandler
                0x00000268                UART2_IRQHandler
                0x00000268                UART4_IRQHandler
                0x00000268                ADC_IRQHandler
                0x00000268                SSP1_IRQHandler
                0x00000268                USB_IRQHandler
                0x00000268                BOD_IRQHandler
                0x00000268                TIMER2_IRQHandler
                0x00000268                WDT_IRQHandler
                0x00000268                USBActivity_IRQHandler
                0x00000268                QEI_IRQHandler
                0x00000268                EINT0_IRQHandler
                0x00000268                ETH_IRQHandler
                0x00000268                PWM0_IRQHandler
                0x00000268                SSP2_IRQHandler
                0x00000268                EEPROM_IRQHandler
                0x00000268                SSP0_IRQHandler
                0x00000268                DMA_IRQHandler
                0x00000268                GPIO_IRQHandler
                0x00000268                UART3_IRQHandler
                0x00000268                MCPWM_IRQHandler
 *(.text*)
 .text.main     0x00000274       0x10 ./example/src/main.o
                0x00000274                main
 .text.SystemInit
                0x00000284       0x28 ./example/src/sysinit.o
                0x00000284                SystemInit
 .text.Chip_IOCON_Init
                0x000002ac       0x18 C:\Users\Tob14\Documents\MCUXpressoIDE_10.0.2_411\workspace\lpc_board_ea_devkit_4088\Debug\liblpc_board_ea_devkit_4088.a(board.o)
 .text.Chip_IOCON_PinMuxSet
                0x000002c4       0x30 C:\Users\Tob14\Documents\MCUXpressoIDE_10.0.2_411\workspace\lpc_board_ea_devkit_4088\Debug\liblpc_board_ea_devkit_4088.a(board.o)
 .text.Chip_GPIO_Init
                0x000002f4       0x18 C:\Users\Tob14\Documents\MCUXpressoIDE_10.0.2_411\workspace\lpc_board_ea_devkit_4088\Debug\liblpc_board_ea_devkit_4088.a(board.o)
 .text.Chip_GPIO_SetPinState
                0x0000030c       0x6c C:\Users\Tob14\Documents\MCUXpressoIDE_10.0.2_411\workspace\lpc_board_ea_devkit_4088\Debug\liblpc_board_ea_devkit_4088.a(board.o)
 .text.Chip_GPIO_WritePortBit
                0x00000378       0x2c C:\Users\Tob14\Documents\MCUXpressoIDE_10.0.2_411\workspace\lpc_board_ea_devkit_4088\Debug\liblpc_board_ea_devkit_4088.a(board.o)
 .text.Chip_GPIO_SetPinDIROutput
                0x000003a4       0x3c C:\Users\Tob14\Documents\MCUXpressoIDE_10.0.2_411\workspace\lpc_board_ea_devkit_4088\Debug\liblpc_board_ea_devkit_4088.a(board.o)
 .text.Chip_GPIO_SetPinDIRInput
                0x000003e0       0x3c C:\Users\Tob14\Documents\MCUXpressoIDE_10.0.2_411\workspace\lpc_board_ea_devkit_4088\Debug\liblpc_board_ea_devkit_4088.a(board.o)
 .text.Chip_GPIO_SetPinDIR
                0x0000041c       0x44 C:\Users\Tob14\Documents\MCUXpressoIDE_10.0.2_411\workspace\lpc_board_ea_devkit_4088\Debug\liblpc_board_ea_devkit_4088.a(board.o)
 .text.Chip_GPIO_WriteDirBit
                0x00000460       0x30 C:\Users\Tob14\Documents\MCUXpressoIDE_10.0.2_411\workspace\lpc_board_ea_devkit_4088\Debug\liblpc_board_ea_devkit_4088.a(board.o)
 .text.Board_LED_Init
                0x00000490       0x70 C:\Users\Tob14\Documents\MCUXpressoIDE_10.0.2_411\workspace\lpc_board_ea_devkit_4088\Debug\liblpc_board_ea_devkit_4088.a(board.o)
 .text.Board_Init
                0x00000500       0x20 C:\Users\Tob14\Documents\MCUXpressoIDE_10.0.2_411\workspace\lpc_board_ea_devkit_4088\Debug\liblpc_board_ea_devkit_4088.a(board.o)
                0x00000500                Board_Init
 .text.Chip_SYSCTL_EnableBoost
                0x00000520       0x1c C:\Users\Tob14\Documents\MCUXpressoIDE_10.0.2_411\workspace\lpc_board_ea_devkit_4088\Debug\liblpc_board_ea_devkit_4088.a(board_sysinit.o)
 .text.Chip_Clock_SetEMCClockDiv
                0x0000053c       0x24 C:\Users\Tob14\Documents\MCUXpressoIDE_10.0.2_411\workspace\lpc_board_ea_devkit_4088\Debug\liblpc_board_ea_devkit_4088.a(board_sysinit.o)
 .text.Chip_IOCON_PinMuxSet
                0x00000560       0x30 C:\Users\Tob14\Documents\MCUXpressoIDE_10.0.2_411\workspace\lpc_board_ea_devkit_4088\Debug\liblpc_board_ea_devkit_4088.a(board_sysinit.o)
 .text.Board_SetupMuxing
                0x00000590       0x84 C:\Users\Tob14\Documents\MCUXpressoIDE_10.0.2_411\workspace\lpc_board_ea_devkit_4088\Debug\liblpc_board_ea_devkit_4088.a(board_sysinit.o)
                0x00000590                Board_SetupMuxing
 .text.Board_SetupClocking
                0x00000614       0x1c C:\Users\Tob14\Documents\MCUXpressoIDE_10.0.2_411\workspace\lpc_board_ea_devkit_4088\Debug\liblpc_board_ea_devkit_4088.a(board_sysinit.o)
                0x00000614                Board_SetupClocking
 .text.Board_SetupExtMemory
                0x00000630       0x5c C:\Users\Tob14\Documents\MCUXpressoIDE_10.0.2_411\workspace\lpc_board_ea_devkit_4088\Debug\liblpc_board_ea_devkit_4088.a(board_sysinit.o)
                0x00000630                Board_SetupExtMemory
 .text.Board_SystemInit
                0x0000068c       0x14 C:\Users\Tob14\Documents\MCUXpressoIDE_10.0.2_411\workspace\lpc_board_ea_devkit_4088\Debug\liblpc_board_ea_devkit_4088.a(board_sysinit.o)
                0x0000068c                Board_SystemInit
 .text.SystemCoreClockUpdate
                0x000006a0       0x18 C:\Users\Tob14\Documents\MCUXpressoIDE_10.0.2_411\workspace\lpc_chip_40xx\Debug\liblpc_chip_40xx.a(chip_17xx_40xx.o)
                0x000006a0                SystemCoreClockUpdate
 .text.Chip_Clock_IsMainPLLEnabled
                0x000006b8       0x28 C:\Users\Tob14\Documents\MCUXpressoIDE_10.0.2_411\workspace\lpc_chip_40xx\Debug\liblpc_chip_40xx.a(clock_17xx_40xx.o)
 .text.Chip_Clock_FeedPLL
                0x000006e0       0x38 C:\Users\Tob14\Documents\MCUXpressoIDE_10.0.2_411\workspace\lpc_chip_40xx\Debug\liblpc_chip_40xx.a(clock_17xx_40xx.o)
 .text.Chip_Clock_GetMainPLLSource
                0x00000718       0x20 C:\Users\Tob14\Documents\MCUXpressoIDE_10.0.2_411\workspace\lpc_chip_40xx\Debug\liblpc_chip_40xx.a(clock_17xx_40xx.o)
 .text.Chip_Clock_GetMainOscRate
                0x00000738       0x18 C:\Users\Tob14\Documents\MCUXpressoIDE_10.0.2_411\workspace\lpc_chip_40xx\Debug\liblpc_chip_40xx.a(clock_17xx_40xx.o)
 .text.Chip_Clock_GetIntOscRate
                0x00000750       0x14 C:\Users\Tob14\Documents\MCUXpressoIDE_10.0.2_411\workspace\lpc_chip_40xx\Debug\liblpc_chip_40xx.a(clock_17xx_40xx.o)
 .text.Chip_Clock_GetMainPLLInClockRate
                0x00000764       0x10 C:\Users\Tob14\Documents\MCUXpressoIDE_10.0.2_411\workspace\lpc_chip_40xx\Debug\liblpc_chip_40xx.a(clock_17xx_40xx.o)
 .text.Chip_Clock_EnablePLL
                0x00000774       0x44 C:\Users\Tob14\Documents\MCUXpressoIDE_10.0.2_411\workspace\lpc_chip_40xx\Debug\liblpc_chip_40xx.a(clock_17xx_40xx.o)
                0x00000774                Chip_Clock_EnablePLL
 .text.Chip_Clock_DisablePLL
                0x000007b8       0x48 C:\Users\Tob14\Documents\MCUXpressoIDE_10.0.2_411\workspace\lpc_chip_40xx\Debug\liblpc_chip_40xx.a(clock_17xx_40xx.o)
                0x000007b8                Chip_Clock_DisablePLL
 .text.Chip_Clock_SetupPLL
                0x00000800       0x4c C:\Users\Tob14\Documents\MCUXpressoIDE_10.0.2_411\workspace\lpc_chip_40xx\Debug\liblpc_chip_40xx.a(clock_17xx_40xx.o)
                0x00000800                Chip_Clock_SetupPLL
 .text.Chip_Clock_EnablePeriphClock
                0x0000084c       0x54 C:\Users\Tob14\Documents\MCUXpressoIDE_10.0.2_411\workspace\lpc_chip_40xx\Debug\liblpc_chip_40xx.a(clock_17xx_40xx.o)
                0x0000084c                Chip_Clock_EnablePeriphClock
 .text.Chip_Clock_SetCPUClockSource
                0x000008a0       0x44 C:\Users\Tob14\Documents\MCUXpressoIDE_10.0.2_411\workspace\lpc_chip_40xx\Debug\liblpc_chip_40xx.a(clock_17xx_40xx.o)
                0x000008a0                Chip_Clock_SetCPUClockSource
 .text.Chip_Clock_GetCPUClockSource
                0x000008e4       0x30 C:\Users\Tob14\Documents\MCUXpressoIDE_10.0.2_411\workspace\lpc_chip_40xx\Debug\liblpc_chip_40xx.a(clock_17xx_40xx.o)
                0x000008e4                Chip_Clock_GetCPUClockSource
 .text.Chip_Clock_SetCPUClockDiv
                0x00000914       0x30 C:\Users\Tob14\Documents\MCUXpressoIDE_10.0.2_411\workspace\lpc_chip_40xx\Debug\liblpc_chip_40xx.a(clock_17xx_40xx.o)
                0x00000914                Chip_Clock_SetCPUClockDiv
 .text.Chip_Clock_GetCPUClockDiv
                0x00000944       0x1c C:\Users\Tob14\Documents\MCUXpressoIDE_10.0.2_411\workspace\lpc_chip_40xx\Debug\liblpc_chip_40xx.a(clock_17xx_40xx.o)
                0x00000944                Chip_Clock_GetCPUClockDiv
 .text.Chip_Clock_GetSYSCLKRate
                0x00000960       0x2c C:\Users\Tob14\Documents\MCUXpressoIDE_10.0.2_411\workspace\lpc_chip_40xx\Debug\liblpc_chip_40xx.a(clock_17xx_40xx.o)
                0x00000960                Chip_Clock_GetSYSCLKRate
 .text.Chip_Clock_GetMainPLLOutClockRate
                0x0000098c       0x40 C:\Users\Tob14\Documents\MCUXpressoIDE_10.0.2_411\workspace\lpc_chip_40xx\Debug\liblpc_chip_40xx.a(clock_17xx_40xx.o)
                0x0000098c                Chip_Clock_GetMainPLLOutClockRate
 .text.Chip_Clock_GetMainClockRate
                0x000009cc       0x28 C:\Users\Tob14\Documents\MCUXpressoIDE_10.0.2_411\workspace\lpc_chip_40xx\Debug\liblpc_chip_40xx.a(clock_17xx_40xx.o)
                0x000009cc                Chip_Clock_GetMainClockRate
 .text.Chip_Clock_GetSystemClockRate
                0x000009f4       0x18 C:\Users\Tob14\Documents\MCUXpressoIDE_10.0.2_411\workspace\lpc_chip_40xx\Debug\liblpc_chip_40xx.a(clock_17xx_40xx.o)
                0x000009f4                Chip_Clock_GetSystemClockRate
 .text.Chip_Clock_SetSPIFIClockSource
                0x00000a0c       0x34 C:\Users\Tob14\Documents\MCUXpressoIDE_10.0.2_411\workspace\lpc_chip_40xx\Debug\liblpc_chip_40xx.a(clock_17xx_40xx.o)
                0x00000a0c                Chip_Clock_SetSPIFIClockSource
 .text.Chip_Clock_SetSPIFIClockDiv
                0x00000a40       0x30 C:\Users\Tob14\Documents\MCUXpressoIDE_10.0.2_411\workspace\lpc_chip_40xx\Debug\liblpc_chip_40xx.a(clock_17xx_40xx.o)
                0x00000a40                Chip_Clock_SetSPIFIClockDiv
 .text.Chip_Clock_GetEMCClockDiv
                0x00000a70       0x1c C:\Users\Tob14\Documents\MCUXpressoIDE_10.0.2_411\workspace\lpc_chip_40xx\Debug\liblpc_chip_40xx.a(emc_17xx_40xx.o)
 .text.Chip_Clock_GetEMCClockRate
                0x00000a8c       0x18 C:\Users\Tob14\Documents\MCUXpressoIDE_10.0.2_411\workspace\lpc_chip_40xx\Debug\liblpc_chip_40xx.a(emc_17xx_40xx.o)
 .text.convertTimmingParam
                0x00000aa4       0x6c C:\Users\Tob14\Documents\MCUXpressoIDE_10.0.2_411\workspace\lpc_chip_40xx\Debug\liblpc_chip_40xx.a(emc_17xx_40xx.o)
 .text.getColsLen
                0x00000b10       0x50 C:\Users\Tob14\Documents\MCUXpressoIDE_10.0.2_411\workspace\lpc_chip_40xx\Debug\liblpc_chip_40xx.a(emc_17xx_40xx.o)
 .text.initDynMem
                0x00000b60      0x294 C:\Users\Tob14\Documents\MCUXpressoIDE_10.0.2_411\workspace\lpc_chip_40xx\Debug\liblpc_chip_40xx.a(emc_17xx_40xx.o)
                0x00000b60                initDynMem
 .text.initStaticMem
                0x00000df4       0xb0 C:\Users\Tob14\Documents\MCUXpressoIDE_10.0.2_411\workspace\lpc_chip_40xx\Debug\liblpc_chip_40xx.a(emc_17xx_40xx.o)
                0x00000df4                initStaticMem
 .text.Chip_EMC_Dynamic_Init
                0x00000ea4       0x24 C:\Users\Tob14\Documents\MCUXpressoIDE_10.0.2_411\workspace\lpc_chip_40xx\Debug\liblpc_chip_40xx.a(emc_17xx_40xx.o)
                0x00000ea4                Chip_EMC_Dynamic_Init
 .text.Chip_EMC_Static_Init
                0x00000ec8       0x24 C:\Users\Tob14\Documents\MCUXpressoIDE_10.0.2_411\workspace\lpc_chip_40xx\Debug\liblpc_chip_40xx.a(emc_17xx_40xx.o)
                0x00000ec8                Chip_EMC_Static_Init
 .text.Chip_EMC_Init
                0x00000eec       0x50 C:\Users\Tob14\Documents\MCUXpressoIDE_10.0.2_411\workspace\lpc_chip_40xx\Debug\liblpc_chip_40xx.a(emc_17xx_40xx.o)
                0x00000eec                Chip_EMC_Init
 .text.fpuInit  0x00000f3c       0x74 C:\Users\Tob14\Documents\MCUXpressoIDE_10.0.2_411\workspace\lpc_chip_40xx\Debug\liblpc_chip_40xx.a(fpu_init.o)
                0x00000f3c                fpuInit
 .text.Chip_IOCON_PinMuxSet
                0x00000fb0       0x30 C:\Users\Tob14\Documents\MCUXpressoIDE_10.0.2_411\workspace\lpc_chip_40xx\Debug\liblpc_chip_40xx.a(iocon_17xx_40xx.o)
 .text.Chip_IOCON_SetPinMuxing
                0x00000fe0       0x64 C:\Users\Tob14\Documents\MCUXpressoIDE_10.0.2_411\workspace\lpc_chip_40xx\Debug\liblpc_chip_40xx.a(iocon_17xx_40xx.o)
                0x00000fe0                Chip_IOCON_SetPinMuxing
 .text.Chip_SYSCTL_PeriphReset
                0x00001044       0x68 C:\Users\Tob14\Documents\MCUXpressoIDE_10.0.2_411\workspace\lpc_chip_40xx\Debug\liblpc_chip_40xx.a(sysctl_17xx_40xx.o)
                0x00001044                Chip_SYSCTL_PeriphReset
 .text.Chip_Clock_IsMainPLLEnabled
                0x000010ac       0x28 C:\Users\Tob14\Documents\MCUXpressoIDE_10.0.2_411\workspace\lpc_chip_40xx\Debug\liblpc_chip_40xx.a(sysinit_17xx_40xx.o)
 .text.Chip_Clock_IsMainPLLLocked
                0x000010d4       0x28 C:\Users\Tob14\Documents\MCUXpressoIDE_10.0.2_411\workspace\lpc_chip_40xx\Debug\liblpc_chip_40xx.a(sysinit_17xx_40xx.o)
 .text.Chip_Clock_EnableCrystal
                0x000010fc       0x24 C:\Users\Tob14\Documents\MCUXpressoIDE_10.0.2_411\workspace\lpc_chip_40xx\Debug\liblpc_chip_40xx.a(sysinit_17xx_40xx.o)
 .text.Chip_Clock_IsCrystalEnabled
                0x00001120       0x28 C:\Users\Tob14\Documents\MCUXpressoIDE_10.0.2_411\workspace\lpc_chip_40xx\Debug\liblpc_chip_40xx.a(sysinit_17xx_40xx.o)
 .text.Chip_Clock_SetMainPLLSource
                0x00001148       0x24 C:\Users\Tob14\Documents\MCUXpressoIDE_10.0.2_411\workspace\lpc_chip_40xx\Debug\liblpc_chip_40xx.a(sysinit_17xx_40xx.o)
 .text.Chip_Clock_SetPCLKDiv
                0x0000116c       0x20 C:\Users\Tob14\Documents\MCUXpressoIDE_10.0.2_411\workspace\lpc_chip_40xx\Debug\liblpc_chip_40xx.a(sysinit_17xx_40xx.o)
 .text.Chip_SetupXtalClocking
                0x0000118c       0x84 C:\Users\Tob14\Documents\MCUXpressoIDE_10.0.2_411\workspace\lpc_chip_40xx\Debug\liblpc_chip_40xx.a(sysinit_17xx_40xx.o)
                0x0000118c                Chip_SetupXtalClocking
 .text.__main   0x00001210        0xe c:/nxp/mcuxpressoide_10.0.2_411/ide/tools/bin/../lib/gcc/arm-none-eabi/5.4.1/../../../../arm-none-eabi/lib/armv7e-m/softfp\libcr_semihost_nf.a(_cr__main.o)
                0x00001210                __CR_SEMIHOST
                0x00001210                __main
 *fill*         0x0000121e        0x2 ff
 .text._initio  0x00001220       0x78 c:/nxp/mcuxpressoide_10.0.2_411/ide/tools/bin/../lib/gcc/arm-none-eabi/5.4.1/../../../../arm-none-eabi/lib/armv7e-m/softfp\libcr_c.a(initio.o)
                0x00001220                _initio
 .text.setvbuf  0x00001298       0x44 c:/nxp/mcuxpressoide_10.0.2_411/ide/tools/bin/../lib/gcc/arm-none-eabi/5.4.1/../../../../arm-none-eabi/lib/armv7e-m/softfp\libcr_c.a(setvbuf.o)
                0x00001298                setvbuf
 .text._fdopen  0x000012dc       0x6a c:/nxp/mcuxpressoide_10.0.2_411/ide/tools/bin/../lib/gcc/arm-none-eabi/5.4.1/../../../../arm-none-eabi/lib/armv7e-m/softfp\libcr_c.a(_fdopen.o)
                0x000012dc                _fdopen
 .text.fclose   0x00001346       0x58 c:/nxp/mcuxpressoide_10.0.2_411/ide/tools/bin/../lib/gcc/arm-none-eabi/5.4.1/../../../../arm-none-eabi/lib/armv7e-m/softfp\libcr_c.a(fclose.o)
                0x00001346                fclose
 *fill*         0x0000139e        0x2 ff
 .text.fflush   0x000013a0       0x48 c:/nxp/mcuxpressoide_10.0.2_411/ide/tools/bin/../lib/gcc/arm-none-eabi/5.4.1/../../../../arm-none-eabi/lib/armv7e-m/softfp\libcr_c.a(fflush.o)
                0x000013a0                fflush
 .text.fseek    0x000013e8      0x100 c:/nxp/mcuxpressoide_10.0.2_411/ide/tools/bin/../lib/gcc/arm-none-eabi/5.4.1/../../../../arm-none-eabi/lib/armv7e-m/softfp\libcr_c.a(fseek.o)
                0x000013e8                fseek
 .text.ftell    0x000014e8       0x48 c:/nxp/mcuxpressoide_10.0.2_411/ide/tools/bin/../lib/gcc/arm-none-eabi/5.4.1/../../../../arm-none-eabi/lib/armv7e-m/softfp\libcr_c.a(ftell.o)
                0x000014e8                ftell
 .text.remove   0x00001530       0x14 c:/nxp/mcuxpressoide_10.0.2_411/ide/tools/bin/../lib/gcc/arm-none-eabi/5.4.1/../../../../arm-none-eabi/lib/armv7e-m/softfp\libcr_c.a(remove.o)
                0x00001530                remove
 .text.strlen   0x00001544       0x4a c:/nxp/mcuxpressoide_10.0.2_411/ide/tools/bin/../lib/gcc/arm-none-eabi/5.4.1/../../../../arm-none-eabi/lib/armv7e-m/softfp\libcr_c.a(strlen.o)
                0x00001544                strlen
 .text.memset   0x0000158e        0x4 c:/nxp/mcuxpressoide_10.0.2_411/ide/tools/bin/../lib/gcc/arm-none-eabi/5.4.1/../../../../arm-none-eabi/lib/armv7e-m/softfp\libcr_c.a(memset.o)
                0x0000158e                memset
 .text._do_fflush
                0x00001592       0x42 c:/nxp/mcuxpressoide_10.0.2_411/ide/tools/bin/../lib/gcc/arm-none-eabi/5.4.1/../../../../arm-none-eabi/lib/armv7e-m/softfp\libcr_c.a(_do_fflush.o)
                0x00001592                _do_fflush
 .text._fflush  0x000015d4       0x54 c:/nxp/mcuxpressoide_10.0.2_411/ide/tools/bin/../lib/gcc/arm-none-eabi/5.4.1/../../../../arm-none-eabi/lib/armv7e-m/softfp\libcr_c.a(_fflush.o)
                0x000015d4                _fflush
 .text._Cwritebuf
                0x00001628       0x68 c:/nxp/mcuxpressoide_10.0.2_411/ide/tools/bin/../lib/gcc/arm-none-eabi/5.4.1/../../../../arm-none-eabi/lib/armv7e-m/softfp\libcr_c.a(_writebuf.o)
                0x00001628                _Cwritebuf
 .text.free     0x00001690       0x30 c:/nxp/mcuxpressoide_10.0.2_411/ide/tools/bin/../lib/gcc/arm-none-eabi/5.4.1/../../../../arm-none-eabi/lib/armv7e-m/softfp\libcr_c.a(alloc.o)
                0x00001690                free
 .text._deferredlazyseek
                0x000016c0       0x40 c:/nxp/mcuxpressoide_10.0.2_411/ide/tools/bin/../lib/gcc/arm-none-eabi/5.4.1/../../../../arm-none-eabi/lib/armv7e-m/softfp\libcr_c.a(_deferredlazyseek.o)
                0x000016c0                _deferredlazyseek
 .text.__aeabi_memset_lowlevel
                0x00001700       0x32 c:/nxp/mcuxpressoide_10.0.2_411/ide/tools/bin/../lib/gcc/arm-none-eabi/5.4.1/armv7e-m/softfp\libcr_eabihelpers.a(memcpy.o)
                0x00001700                __aeabi_lowlevel_memset
 .text.__sys_close
                0x00001732        0xc c:/nxp/mcuxpressoide_10.0.2_411/ide/tools/bin/../lib/gcc/arm-none-eabi/5.4.1/../../../../arm-none-eabi/lib/armv7e-m/softfp\libcr_semihost_nf.a(__sys_close.o)
                0x00001732                __sys_close
 .text.__sys_flen
                0x0000173e        0xc c:/nxp/mcuxpressoide_10.0.2_411/ide/tools/bin/../lib/gcc/arm-none-eabi/5.4.1/../../../../arm-none-eabi/lib/armv7e-m/softfp\libcr_semihost_nf.a(__sys_flen.o)
                0x0000173e                __sys_flen
 .text.__sys_istty
                0x0000174a        0xc c:/nxp/mcuxpressoide_10.0.2_411/ide/tools/bin/../lib/gcc/arm-none-eabi/5.4.1/../../../../arm-none-eabi/lib/armv7e-m/softfp\libcr_semihost_nf.a(__sys_istty.o)
                0x0000174a                __sys_istty
 .text.__sys_remove
                0x00001756        0xc c:/nxp/mcuxpressoide_10.0.2_411/ide/tools/bin/../lib/gcc/arm-none-eabi/5.4.1/../../../../arm-none-eabi/lib/armv7e-m/softfp\libcr_semihost_nf.a(__sys_remove.o)
                0x00001756                __sys_remove
 .text.__sys_seek
                0x00001762        0xc c:/nxp/mcuxpressoide_10.0.2_411/ide/tools/bin/../lib/gcc/arm-none-eabi/5.4.1/../../../../arm-none-eabi/lib/armv7e-m/softfp\libcr_semihost_nf.a(__sys_seek.o)
                0x00001762                __sys_seek
 .text.__sys_tmpnam
                0x0000176e        0xc c:/nxp/mcuxpressoide_10.0.2_411/ide/tools/bin/../lib/gcc/arm-none-eabi/5.4.1/../../../../arm-none-eabi/lib/armv7e-m/softfp\libcr_semihost_nf.a(__sys_tmpnam.o)
                0x0000176e                __sys_tmpnam
 .text.__sys_write
                0x0000177a        0xc c:/nxp/mcuxpressoide_10.0.2_411/ide/tools/bin/../lib/gcc/arm-none-eabi/5.4.1/../../../../arm-none-eabi/lib/armv7e-m/softfp\libcr_semihost_nf.a(__sys_write.o)
                0x0000177a                __sys_write
 *(.rodata .rodata.* .constdata .constdata.*)
 *fill*         0x00001786        0x2 ff
 .rodata.ledports
                0x00001788        0x4 C:\Users\Tob14\Documents\MCUXpressoIDE_10.0.2_411\workspace\lpc_board_ea_devkit_4088\Debug\liblpc_board_ea_devkit_4088.a(board.o)
 .rodata.ledpins
                0x0000178c        0x4 C:\Users\Tob14\Documents\MCUXpressoIDE_10.0.2_411\workspace\lpc_board_ea_devkit_4088\Debug\liblpc_board_ea_devkit_4088.a(board.o)
 .rodata.OscRateIn
                0x00001790        0x4 C:\Users\Tob14\Documents\MCUXpressoIDE_10.0.2_411\workspace\lpc_board_ea_devkit_4088\Debug\liblpc_board_ea_devkit_4088.a(board.o)
                0x00001790                OscRateIn
 .rodata.pinmuxing
                0x00001794       0x88 C:\Users\Tob14\Documents\MCUXpressoIDE_10.0.2_411\workspace\lpc_board_ea_devkit_4088\Debug\liblpc_board_ea_devkit_4088.a(board_sysinit.o)
 .rodata.IS42S32800D_config
                0x0000181c       0x74 C:\Users\Tob14\Documents\MCUXpressoIDE_10.0.2_411\workspace\lpc_board_ea_devkit_4088\Debug\liblpc_board_ea_devkit_4088.a(board_sysinit.o)
 .rodata.SST39VF320_config
                0x00001890       0x20 C:\Users\Tob14\Documents\MCUXpressoIDE_10.0.2_411\workspace\lpc_board_ea_devkit_4088\Debug\liblpc_board_ea_devkit_4088.a(board_sysinit.o)
 .rodata.K9F1G_config
                0x000018b0       0x20 C:\Users\Tob14\Documents\MCUXpressoIDE_10.0.2_411\workspace\lpc_board_ea_devkit_4088\Debug\liblpc_board_ea_devkit_4088.a(board_sysinit.o)
 .rodata.str1.1
                0x000018d0        0x4 c:/nxp/mcuxpressoide_10.0.2_411/ide/tools/bin/../lib/gcc/arm-none-eabi/5.4.1/../../../../arm-none-eabi/lib/armv7e-m/softfp\libcr_c.a(initio.o)
 .rodata.__num_Ciob_streams
                0x000018d4        0x4 c:/nxp/mcuxpressoide_10.0.2_411/ide/tools/bin/../lib/gcc/arm-none-eabi/5.4.1/../../../../arm-none-eabi/lib/armv7e-m/softfp\libcr_semihost_nf.a(__ciob.o)
                0x000018d4                __num_Ciob_streams
                0x000018d8                . = ALIGN (0x4)

.glue_7         0x000018d8        0x0
 .glue_7        0x000018d8        0x0 linker stubs

.glue_7t        0x000018d8        0x0
 .glue_7t       0x000018d8        0x0 linker stubs

.vfp11_veneer   0x000018d8        0x0
 .vfp11_veneer  0x000018d8        0x0 linker stubs

.v4_bx          0x000018d8        0x0
 .v4_bx         0x000018d8        0x0 linker stubs

.iplt           0x000018d8        0x0
 .iplt          0x000018d8        0x0 ./example/src/cr_startup_lpc40xx.o

.rel.dyn        0x000018d8        0x0
 .rel.iplt      0x000018d8        0x0 ./example/src/cr_startup_lpc40xx.o

.ARM.extab
 *(.ARM.extab* .gnu.linkonce.armextab.*)
                0x000018d8                __exidx_start = .

.ARM.exidx
 *(.ARM.exidx* .gnu.linkonce.armexidx.*)
                0x000018d8                __exidx_end = .
                0x000018d8                _etext = .

.data_RAM2      0x20000000        0x0 load address 0x000018d8
 FILL mask 0xff
                [!provide]                PROVIDE (__start_data_RAM2, .)
 *(.ramfunc.$RAM2)
 *(.ramfunc.$RamPeriph32)
 *(.data.$RAM2*)
 *(.data.$RamPeriph32*)
                0x20000000                . = ALIGN (0x4)
                [!provide]                PROVIDE (__end_data_RAM2, .)

.uninit_RESERVED
                0x10000000        0x0
 *(.bss.$RESERVED*)
                0x10000000                . = ALIGN (0x4)
                0x10000000                _end_uninit_RESERVED = .

.data           0x10000000        0x0 load address 0x000018d8
 FILL mask 0xff
                0x10000000                _data = .
 *(vtable)
 *(.ramfunc*)
 *(.data*)
                0x10000000                . = ALIGN (0x4)
                0x10000000                _edata = .

.igot.plt       0x10000000        0x0 load address 0x000018d8
 .igot.plt      0x10000000        0x0 ./example/src/cr_startup_lpc40xx.o

.bss_RAM2       0x20000000        0x0
                [!provide]                PROVIDE (__start_bss_RAM2, .)
 *(.bss.$RAM2*)
 *(.bss.$RamPeriph32*)
                0x20000000                . = ALIGN ((. != 0x0)?0x4:0x1)
                [!provide]                PROVIDE (__end_bss_RAM2, .)

.bss            0x10000000       0xbc
                0x10000000                _bss = .
 *(.bss*)
 .bss.errno     0x10000000        0x4 c:/nxp/mcuxpressoide_10.0.2_411/ide/tools/bin/../lib/gcc/arm-none-eabi/5.4.1/../../../../arm-none-eabi/lib/armv7e-m/softfp\libcr_c.a(errno.o)
                0x10000000                errno
 .bss.__Ciob    0x10000004       0xb4 c:/nxp/mcuxpressoide_10.0.2_411/ide/tools/bin/../lib/gcc/arm-none-eabi/5.4.1/../../../../arm-none-eabi/lib/armv7e-m/softfp\libcr_semihost_nf.a(__ciob.o)
                0x10000004                __Ciob
 *(COMMON)
 COMMON         0x100000b8        0x4 C:\Users\Tob14\Documents\MCUXpressoIDE_10.0.2_411\workspace\lpc_chip_40xx\Debug\liblpc_chip_40xx.a(chip_17xx_40xx.o)
                0x100000b8                SystemCoreClock
                0x100000bc                . = ALIGN (0x4)
                0x100000bc                _ebss = .
                [!provide]                PROVIDE (end, .)

.noinit_RAM2    0x20000000        0x0
 *(.noinit.$RAM2*)
 *(.noinit.$RamPeriph32*)
                0x20000000                . = ALIGN (0x4)

.noinit         0x100000bc        0x0
                0x100000bc                _noinit = .
 *(.noinit*)
                0x100000bc                . = ALIGN (0x4)
                0x100000bc                _end_noinit = .
                0x100000bc                PROVIDE (_pvHeapStart, DEFINED (__user_heap_base)?__user_heap_base:.)
                0x10010000                PROVIDE (_vStackTop, DEFINED (__user_stack_top)?__user_stack_top:(__top_RamLoc64 - 0x0))
                [!provide]                PROVIDE (__valid_user_code_checksum, (0x0 - ((((((_vStackTop + (ResetISR + 0x1)) + (NMI_Handler + 0x1)) + (HardFault_Handler + 0x1)) + (DEFINED (MemManage_Handler)?MemManage_Handler:0x0 + 0x1)) + (DEFINED (BusFault_Handler)?BusFault_Handler:0x0 + 0x1)) + (DEFINED (UsageFault_Handler)?UsageFault_Handler:0x0 + 0x1))))
OUTPUT(new_template.axf elf32-littlearm)

.debug_info     0x00000000     0x548e
 .debug_info    0x00000000      0x262 ./example/src/cr_startup_lpc40xx.o
 .debug_info    0x00000262       0xe3 ./example/src/main.o
 .debug_info    0x00000345      0x110 ./example/src/sysinit.o
 .debug_info    0x00000455     0x1b23 C:\Users\Tob14\Documents\MCUXpressoIDE_10.0.2_411\workspace\lpc_board_ea_devkit_4088\Debug\liblpc_board_ea_devkit_4088.a(board.o)
 .debug_info    0x00001f78      0xa1c C:\Users\Tob14\Documents\MCUXpressoIDE_10.0.2_411\workspace\lpc_board_ea_devkit_4088\Debug\liblpc_board_ea_devkit_4088.a(board_sysinit.o)
 .debug_info    0x00002994      0x5fa C:\Users\Tob14\Documents\MCUXpressoIDE_10.0.2_411\workspace\lpc_chip_40xx\Debug\liblpc_chip_40xx.a(chip_17xx_40xx.o)
 .debug_info    0x00002f8e      0xb85 C:\Users\Tob14\Documents\MCUXpressoIDE_10.0.2_411\workspace\lpc_chip_40xx\Debug\liblpc_chip_40xx.a(clock_17xx_40xx.o)
 .debug_info    0x00003b13      0xc57 C:\Users\Tob14\Documents\MCUXpressoIDE_10.0.2_411\workspace\lpc_chip_40xx\Debug\liblpc_chip_40xx.a(emc_17xx_40xx.o)
 .debug_info    0x0000476a      0x128 C:\Users\Tob14\Documents\MCUXpressoIDE_10.0.2_411\workspace\lpc_chip_40xx\Debug\liblpc_chip_40xx.a(fpu_init.o)
 .debug_info    0x00004892      0x1fe C:\Users\Tob14\Documents\MCUXpressoIDE_10.0.2_411\workspace\lpc_chip_40xx\Debug\liblpc_chip_40xx.a(iocon_17xx_40xx.o)
 .debug_info    0x00004a90      0x512 C:\Users\Tob14\Documents\MCUXpressoIDE_10.0.2_411\workspace\lpc_chip_40xx\Debug\liblpc_chip_40xx.a(sysctl_17xx_40xx.o)
 .debug_info    0x00004fa2      0x4ec C:\Users\Tob14\Documents\MCUXpressoIDE_10.0.2_411\workspace\lpc_chip_40xx\Debug\liblpc_chip_40xx.a(sysinit_17xx_40xx.o)

.debug_abbrev   0x00000000     0x122d
 .debug_abbrev  0x00000000       0xf5 ./example/src/cr_startup_lpc40xx.o
 .debug_abbrev  0x000000f5       0x84 ./example/src/main.o
 .debug_abbrev  0x00000179       0xa3 ./example/src/sysinit.o
 .debug_abbrev  0x0000021c      0x36a C:\Users\Tob14\Documents\MCUXpressoIDE_10.0.2_411\workspace\lpc_board_ea_devkit_4088\Debug\liblpc_board_ea_devkit_4088.a(board.o)
 .debug_abbrev  0x00000586      0x234 C:\Users\Tob14\Documents\MCUXpressoIDE_10.0.2_411\workspace\lpc_board_ea_devkit_4088\Debug\liblpc_board_ea_devkit_4088.a(board_sysinit.o)
 .debug_abbrev  0x000007ba      0x15e C:\Users\Tob14\Documents\MCUXpressoIDE_10.0.2_411\workspace\lpc_chip_40xx\Debug\liblpc_chip_40xx.a(chip_17xx_40xx.o)
 .debug_abbrev  0x00000918      0x2b4 C:\Users\Tob14\Documents\MCUXpressoIDE_10.0.2_411\workspace\lpc_chip_40xx\Debug\liblpc_chip_40xx.a(clock_17xx_40xx.o)
 .debug_abbrev  0x00000bcc      0x1fb C:\Users\Tob14\Documents\MCUXpressoIDE_10.0.2_411\workspace\lpc_chip_40xx\Debug\liblpc_chip_40xx.a(emc_17xx_40xx.o)
 .debug_abbrev  0x00000dc7       0x84 C:\Users\Tob14\Documents\MCUXpressoIDE_10.0.2_411\workspace\lpc_chip_40xx\Debug\liblpc_chip_40xx.a(fpu_init.o)
 .debug_abbrev  0x00000e4b      0x122 C:\Users\Tob14\Documents\MCUXpressoIDE_10.0.2_411\workspace\lpc_chip_40xx\Debug\liblpc_chip_40xx.a(iocon_17xx_40xx.o)
 .debug_abbrev  0x00000f6d      0x14b C:\Users\Tob14\Documents\MCUXpressoIDE_10.0.2_411\workspace\lpc_chip_40xx\Debug\liblpc_chip_40xx.a(sysctl_17xx_40xx.o)
 .debug_abbrev  0x000010b8      0x175 C:\Users\Tob14\Documents\MCUXpressoIDE_10.0.2_411\workspace\lpc_chip_40xx\Debug\liblpc_chip_40xx.a(sysinit_17xx_40xx.o)

.debug_aranges  0x00000000      0x590
 .debug_aranges
                0x00000000       0x80 ./example/src/cr_startup_lpc40xx.o
 .debug_aranges
                0x00000080       0x20 ./example/src/main.o
 .debug_aranges
                0x000000a0       0x20 ./example/src/sysinit.o
 .debug_aranges
                0x000000c0      0x1c8 C:\Users\Tob14\Documents\MCUXpressoIDE_10.0.2_411\workspace\lpc_board_ea_devkit_4088\Debug\liblpc_board_ea_devkit_4088.a(board.o)
 .debug_aranges
                0x00000288       0x50 C:\Users\Tob14\Documents\MCUXpressoIDE_10.0.2_411\workspace\lpc_board_ea_devkit_4088\Debug\liblpc_board_ea_devkit_4088.a(board_sysinit.o)
 .debug_aranges
                0x000002d8       0x30 C:\Users\Tob14\Documents\MCUXpressoIDE_10.0.2_411\workspace\lpc_chip_40xx\Debug\liblpc_chip_40xx.a(chip_17xx_40xx.o)
 .debug_aranges
                0x00000308      0x138 C:\Users\Tob14\Documents\MCUXpressoIDE_10.0.2_411\workspace\lpc_chip_40xx\Debug\liblpc_chip_40xx.a(clock_17xx_40xx.o)
 .debug_aranges
                0x00000440       0x80 C:\Users\Tob14\Documents\MCUXpressoIDE_10.0.2_411\workspace\lpc_chip_40xx\Debug\liblpc_chip_40xx.a(emc_17xx_40xx.o)
 .debug_aranges
                0x000004c0       0x20 C:\Users\Tob14\Documents\MCUXpressoIDE_10.0.2_411\workspace\lpc_chip_40xx\Debug\liblpc_chip_40xx.a(fpu_init.o)
 .debug_aranges
                0x000004e0       0x28 C:\Users\Tob14\Documents\MCUXpressoIDE_10.0.2_411\workspace\lpc_chip_40xx\Debug\liblpc_chip_40xx.a(iocon_17xx_40xx.o)
 .debug_aranges
                0x00000508       0x28 C:\Users\Tob14\Documents\MCUXpressoIDE_10.0.2_411\workspace\lpc_chip_40xx\Debug\liblpc_chip_40xx.a(sysctl_17xx_40xx.o)
 .debug_aranges
                0x00000530       0x60 C:\Users\Tob14\Documents\MCUXpressoIDE_10.0.2_411\workspace\lpc_chip_40xx\Debug\liblpc_chip_40xx.a(sysinit_17xx_40xx.o)

.debug_ranges   0x00000000      0x4d0
 .debug_ranges  0x00000000       0x70 ./example/src/cr_startup_lpc40xx.o
 .debug_ranges  0x00000070       0x10 ./example/src/main.o
 .debug_ranges  0x00000080       0x10 ./example/src/sysinit.o
 .debug_ranges  0x00000090      0x1b8 C:\Users\Tob14\Documents\MCUXpressoIDE_10.0.2_411\workspace\lpc_board_ea_devkit_4088\Debug\liblpc_board_ea_devkit_4088.a(board.o)
 .debug_ranges  0x00000248       0x40 C:\Users\Tob14\Documents\MCUXpressoIDE_10.0.2_411\workspace\lpc_board_ea_devkit_4088\Debug\liblpc_board_ea_devkit_4088.a(board_sysinit.o)
 .debug_ranges  0x00000288       0x20 C:\Users\Tob14\Documents\MCUXpressoIDE_10.0.2_411\workspace\lpc_chip_40xx\Debug\liblpc_chip_40xx.a(chip_17xx_40xx.o)
 .debug_ranges  0x000002a8      0x128 C:\Users\Tob14\Documents\MCUXpressoIDE_10.0.2_411\workspace\lpc_chip_40xx\Debug\liblpc_chip_40xx.a(clock_17xx_40xx.o)
 .debug_ranges  0x000003d0       0x70 C:\Users\Tob14\Documents\MCUXpressoIDE_10.0.2_411\workspace\lpc_chip_40xx\Debug\liblpc_chip_40xx.a(emc_17xx_40xx.o)
 .debug_ranges  0x00000440       0x10 C:\Users\Tob14\Documents\MCUXpressoIDE_10.0.2_411\workspace\lpc_chip_40xx\Debug\liblpc_chip_40xx.a(fpu_init.o)
 .debug_ranges  0x00000450       0x18 C:\Users\Tob14\Documents\MCUXpressoIDE_10.0.2_411\workspace\lpc_chip_40xx\Debug\liblpc_chip_40xx.a(iocon_17xx_40xx.o)
 .debug_ranges  0x00000468       0x18 C:\Users\Tob14\Documents\MCUXpressoIDE_10.0.2_411\workspace\lpc_chip_40xx\Debug\liblpc_chip_40xx.a(sysctl_17xx_40xx.o)
 .debug_ranges  0x00000480       0x50 C:\Users\Tob14\Documents\MCUXpressoIDE_10.0.2_411\workspace\lpc_chip_40xx\Debug\liblpc_chip_40xx.a(sysinit_17xx_40xx.o)

.debug_macro    0x00000000     0x6aaf
 .debug_macro   0x00000000       0x1d ./example/src/cr_startup_lpc40xx.o
 .debug_macro   0x0000001d      0x8aa ./example/src/cr_startup_lpc40xx.o
 .debug_macro   0x000008c7      0x296 ./example/src/main.o
 .debug_macro   0x00000b5d       0x10 ./example/src/main.o
 .debug_macro   0x00000b6d      0x12d ./example/src/main.o
 .debug_macro   0x00000c9a      0x5b2 ./example/src/main.o
 .debug_macro   0x0000124c       0x22 ./example/src/main.o
 .debug_macro   0x0000126e       0x7b ./example/src/main.o
 .debug_macro   0x000012e9       0x16 ./example/src/main.o
 .debug_macro   0x000012ff       0x2d ./example/src/main.o
 .debug_macro   0x0000132c       0x3b ./example/src/main.o
 .debug_macro   0x00001367       0x2d ./example/src/main.o
 .debug_macro   0x00001394       0x42 ./example/src/main.o
 .debug_macro   0x000013d6      0xd39 ./example/src/main.o
 .debug_macro   0x0000210f      0x295 ./example/src/main.o
 .debug_macro   0x000023a4       0x50 ./example/src/main.o
 .debug_macro   0x000023f4       0x34 ./example/src/main.o
 .debug_macro   0x00002428      0x152 ./example/src/main.o
 .debug_macro   0x0000257a       0x82 ./example/src/main.o
 .debug_macro   0x000025fc      0x48c ./example/src/main.o
 .debug_macro   0x00002a88      0x12d ./example/src/main.o
 .debug_macro   0x00002bb5       0x6a ./example/src/main.o
 .debug_macro   0x00002c1f       0x34 ./example/src/main.o
 .debug_macro   0x00002c53       0x58 ./example/src/main.o
 .debug_macro   0x00002cab      0x236 ./example/src/main.o
 .debug_macro   0x00002ee1      0x4c5 ./example/src/main.o
 .debug_macro   0x000033a6      0x1da ./example/src/main.o
 .debug_macro   0x00003580       0x10 ./example/src/main.o
 .debug_macro   0x00003590      0x21b ./example/src/main.o
 .debug_macro   0x000037ab      0x1b9 ./example/src/main.o
 .debug_macro   0x00003964       0x2e ./example/src/main.o
 .debug_macro   0x00003992       0x40 ./example/src/main.o
 .debug_macro   0x000039d2      0x209 ./example/src/main.o
 .debug_macro   0x00003bdb      0x2b3 ./example/src/main.o
 .debug_macro   0x00003e8e      0x34c ./example/src/main.o
 .debug_macro   0x000041da       0xb2 ./example/src/main.o
 .debug_macro   0x0000428c       0x16 ./example/src/main.o
 .debug_macro   0x000042a2       0xb8 ./example/src/main.o
 .debug_macro   0x0000435a       0x4c ./example/src/main.o
 .debug_macro   0x000043a6       0x16 ./example/src/main.o
 .debug_macro   0x000043bc      0x328 ./example/src/main.o
 .debug_macro   0x000046e4       0x3a ./example/src/main.o
 .debug_macro   0x0000471e       0x16 ./example/src/main.o
 .debug_macro   0x00004734       0xca ./example/src/main.o
 .debug_macro   0x000047fe       0x18 ./example/src/main.o
 .debug_macro   0x00004816       0x16 ./example/src/main.o
 .debug_macro   0x0000482c       0x8e ./example/src/main.o
 .debug_macro   0x000048ba      0x124 ./example/src/main.o
 .debug_macro   0x000049de       0x6c ./example/src/main.o
 .debug_macro   0x00004a4a       0x9a ./example/src/main.o
 .debug_macro   0x00004ae4       0x20 ./example/src/main.o
 .debug_macro   0x00004b04       0x2e ./example/src/main.o
 .debug_macro   0x00004b32      0x296 ./example/src/sysinit.o
 .debug_macro   0x00004dc8      0x3ce C:\Users\Tob14\Documents\MCUXpressoIDE_10.0.2_411\workspace\lpc_board_ea_devkit_4088\Debug\liblpc_board_ea_devkit_4088.a(board.o)
 .debug_macro   0x00005196      0x89e C:\Users\Tob14\Documents\MCUXpressoIDE_10.0.2_411\workspace\lpc_board_ea_devkit_4088\Debug\liblpc_board_ea_devkit_4088.a(board.o)
 .debug_macro   0x00005a34       0x12 C:\Users\Tob14\Documents\MCUXpressoIDE_10.0.2_411\workspace\lpc_board_ea_devkit_4088\Debug\liblpc_board_ea_devkit_4088.a(board.o)
 .debug_macro   0x00005a46      0x29c C:\Users\Tob14\Documents\MCUXpressoIDE_10.0.2_411\workspace\lpc_board_ea_devkit_4088\Debug\liblpc_board_ea_devkit_4088.a(board_sysinit.o)
 .debug_macro   0x00005ce2      0x22c C:\Users\Tob14\Documents\MCUXpressoIDE_10.0.2_411\workspace\lpc_chip_40xx\Debug\liblpc_chip_40xx.a(chip_17xx_40xx.o)
 .debug_macro   0x00005f0e      0x22c C:\Users\Tob14\Documents\MCUXpressoIDE_10.0.2_411\workspace\lpc_chip_40xx\Debug\liblpc_chip_40xx.a(clock_17xx_40xx.o)
 .debug_macro   0x0000613a      0x232 C:\Users\Tob14\Documents\MCUXpressoIDE_10.0.2_411\workspace\lpc_chip_40xx\Debug\liblpc_chip_40xx.a(emc_17xx_40xx.o)
 .debug_macro   0x0000636c       0xbf C:\Users\Tob14\Documents\MCUXpressoIDE_10.0.2_411\workspace\lpc_chip_40xx\Debug\liblpc_chip_40xx.a(fpu_init.o)
 .debug_macro   0x0000642b      0x22c C:\Users\Tob14\Documents\MCUXpressoIDE_10.0.2_411\workspace\lpc_chip_40xx\Debug\liblpc_chip_40xx.a(iocon_17xx_40xx.o)
 .debug_macro   0x00006657      0x22c C:\Users\Tob14\Documents\MCUXpressoIDE_10.0.2_411\workspace\lpc_chip_40xx\Debug\liblpc_chip_40xx.a(sysctl_17xx_40xx.o)
 .debug_macro   0x00006883      0x22c C:\Users\Tob14\Documents\MCUXpressoIDE_10.0.2_411\workspace\lpc_chip_40xx\Debug\liblpc_chip_40xx.a(sysinit_17xx_40xx.o)

.debug_line     0x00000000     0x4136
 .debug_line    0x00000000       0xe1 ./example/src/cr_startup_lpc40xx.o
 .debug_line    0x000000e1      0x57c ./example/src/main.o
 .debug_line    0x0000065d      0x57f ./example/src/sysinit.o
 .debug_line    0x00000bdc      0xb80 C:\Users\Tob14\Documents\MCUXpressoIDE_10.0.2_411\workspace\lpc_board_ea_devkit_4088\Debug\liblpc_board_ea_devkit_4088.a(board.o)
 .debug_line    0x0000175c      0x630 C:\Users\Tob14\Documents\MCUXpressoIDE_10.0.2_411\workspace\lpc_board_ea_devkit_4088\Debug\liblpc_board_ea_devkit_4088.a(board_sysinit.o)
 .debug_line    0x00001d8c      0x4d8 C:\Users\Tob14\Documents\MCUXpressoIDE_10.0.2_411\workspace\lpc_chip_40xx\Debug\liblpc_chip_40xx.a(chip_17xx_40xx.o)
 .debug_line    0x00002264      0x798 C:\Users\Tob14\Documents\MCUXpressoIDE_10.0.2_411\workspace\lpc_chip_40xx\Debug\liblpc_chip_40xx.a(clock_17xx_40xx.o)
 .debug_line    0x000029fc      0x651 C:\Users\Tob14\Documents\MCUXpressoIDE_10.0.2_411\workspace\lpc_chip_40xx\Debug\liblpc_chip_40xx.a(emc_17xx_40xx.o)
 .debug_line    0x0000304d      0x1fa C:\Users\Tob14\Documents\MCUXpressoIDE_10.0.2_411\workspace\lpc_chip_40xx\Debug\liblpc_chip_40xx.a(fpu_init.o)
 .debug_line    0x00003247      0x4cb C:\Users\Tob14\Documents\MCUXpressoIDE_10.0.2_411\workspace\lpc_chip_40xx\Debug\liblpc_chip_40xx.a(iocon_17xx_40xx.o)
 .debug_line    0x00003712      0x4bd C:\Users\Tob14\Documents\MCUXpressoIDE_10.0.2_411\workspace\lpc_chip_40xx\Debug\liblpc_chip_40xx.a(sysctl_17xx_40xx.o)
 .debug_line    0x00003bcf      0x567 C:\Users\Tob14\Documents\MCUXpressoIDE_10.0.2_411\workspace\lpc_chip_40xx\Debug\liblpc_chip_40xx.a(sysinit_17xx_40xx.o)

.debug_str      0x00000000    0x19ca9
 .debug_str     0x00000000     0x273b ./example/src/cr_startup_lpc40xx.o
                               0x274e (size before relaxing)
 .debug_str     0x0000273b    0x14853 ./example/src/main.o
                              0x16e73 (size before relaxing)
 .debug_str     0x00016f8e       0x19 ./example/src/sysinit.o
                              0x16e94 (size before relaxing)
 .debug_str     0x00016fa7     0x180f C:\Users\Tob14\Documents\MCUXpressoIDE_10.0.2_411\workspace\lpc_board_ea_devkit_4088\Debug\liblpc_board_ea_devkit_4088.a(board.o)
                              0x18684 (size before relaxing)
 .debug_str     0x000187b6      0x67b C:\Users\Tob14\Documents\MCUXpressoIDE_10.0.2_411\workspace\lpc_board_ea_devkit_4088\Debug\liblpc_board_ea_devkit_4088.a(board_sysinit.o)
                              0x179e4 (size before relaxing)
 .debug_str     0x00018e31      0x146 C:\Users\Tob14\Documents\MCUXpressoIDE_10.0.2_411\workspace\lpc_chip_40xx\Debug\liblpc_chip_40xx.a(chip_17xx_40xx.o)
                              0x1686c (size before relaxing)
 .debug_str     0x00018f77      0x631 C:\Users\Tob14\Documents\MCUXpressoIDE_10.0.2_411\workspace\lpc_chip_40xx\Debug\liblpc_chip_40xx.a(clock_17xx_40xx.o)
                              0x16cf3 (size before relaxing)
 .debug_str     0x000195a8      0x4a5 C:\Users\Tob14\Documents\MCUXpressoIDE_10.0.2_411\workspace\lpc_chip_40xx\Debug\liblpc_chip_40xx.a(emc_17xx_40xx.o)
                              0x168a3 (size before relaxing)
 .debug_str     0x00019a4d       0xb5 C:\Users\Tob14\Documents\MCUXpressoIDE_10.0.2_411\workspace\lpc_chip_40xx\Debug\liblpc_chip_40xx.a(fpu_init.o)
                               0x98d8 (size before relaxing)
 .debug_str     0x00019b02       0x46 C:\Users\Tob14\Documents\MCUXpressoIDE_10.0.2_411\workspace\lpc_chip_40xx\Debug\liblpc_chip_40xx.a(iocon_17xx_40xx.o)
                              0x16203 (size before relaxing)
 .debug_str     0x00019b48       0x87 C:\Users\Tob14\Documents\MCUXpressoIDE_10.0.2_411\workspace\lpc_chip_40xx\Debug\liblpc_chip_40xx.a(sysctl_17xx_40xx.o)
                              0x165f6 (size before relaxing)
 .debug_str     0x00019bcf       0xda C:\Users\Tob14\Documents\MCUXpressoIDE_10.0.2_411\workspace\lpc_chip_40xx\Debug\liblpc_chip_40xx.a(sysinit_17xx_40xx.o)
                              0x164cf (size before relaxing)

.comment        0x00000000       0x6e
 .comment       0x00000000       0x6e ./example/src/cr_startup_lpc40xx.o
                                 0x6f (size before relaxing)
 .comment       0x0000006e       0x6f ./example/src/main.o
 .comment       0x0000006e       0x6f ./example/src/sysinit.o
 .comment       0x0000006e       0x6f C:\Users\Tob14\Documents\MCUXpressoIDE_10.0.2_411\workspace\lpc_board_ea_devkit_4088\Debug\liblpc_board_ea_devkit_4088.a(board.o)
 .comment       0x0000006e       0x6f C:\Users\Tob14\Documents\MCUXpressoIDE_10.0.2_411\workspace\lpc_board_ea_devkit_4088\Debug\liblpc_board_ea_devkit_4088.a(board_sysinit.o)
 .comment       0x0000006e       0x6f C:\Users\Tob14\Documents\MCUXpressoIDE_10.0.2_411\workspace\lpc_chip_40xx\Debug\liblpc_chip_40xx.a(chip_17xx_40xx.o)
 .comment       0x0000006e       0x6f C:\Users\Tob14\Documents\MCUXpressoIDE_10.0.2_411\workspace\lpc_chip_40xx\Debug\liblpc_chip_40xx.a(clock_17xx_40xx.o)
 .comment       0x0000006e       0x6f C:\Users\Tob14\Documents\MCUXpressoIDE_10.0.2_411\workspace\lpc_chip_40xx\Debug\liblpc_chip_40xx.a(emc_17xx_40xx.o)
 .comment       0x0000006e       0x6f C:\Users\Tob14\Documents\MCUXpressoIDE_10.0.2_411\workspace\lpc_chip_40xx\Debug\liblpc_chip_40xx.a(fpu_init.o)
 .comment       0x0000006e       0x6f C:\Users\Tob14\Documents\MCUXpressoIDE_10.0.2_411\workspace\lpc_chip_40xx\Debug\liblpc_chip_40xx.a(iocon_17xx_40xx.o)
 .comment       0x0000006e       0x6f C:\Users\Tob14\Documents\MCUXpressoIDE_10.0.2_411\workspace\lpc_chip_40xx\Debug\liblpc_chip_40xx.a(sysctl_17xx_40xx.o)
 .comment       0x0000006e       0x6f C:\Users\Tob14\Documents\MCUXpressoIDE_10.0.2_411\workspace\lpc_chip_40xx\Debug\liblpc_chip_40xx.a(sysinit_17xx_40xx.o)
 .comment       0x0000006e       0x6f c:/nxp/mcuxpressoide_10.0.2_411/ide/tools/bin/../lib/gcc/arm-none-eabi/5.4.1/../../../../arm-none-eabi/lib/armv7e-m/softfp\libcr_semihost_nf.a(_cr__main.o)
 .comment       0x0000006e       0x6f c:/nxp/mcuxpressoide_10.0.2_411/ide/tools/bin/../lib/gcc/arm-none-eabi/5.4.1/../../../../arm-none-eabi/lib/armv7e-m/softfp\libcr_c.a(initio.o)
 .comment       0x0000006e       0x6f c:/nxp/mcuxpressoide_10.0.2_411/ide/tools/bin/../lib/gcc/arm-none-eabi/5.4.1/../../../../arm-none-eabi/lib/armv7e-m/softfp\libcr_c.a(setvbuf.o)
 .comment       0x0000006e       0x6f c:/nxp/mcuxpressoide_10.0.2_411/ide/tools/bin/../lib/gcc/arm-none-eabi/5.4.1/../../../../arm-none-eabi/lib/armv7e-m/softfp\libcr_c.a(_fdopen.o)
 .comment       0x0000006e       0x6f c:/nxp/mcuxpressoide_10.0.2_411/ide/tools/bin/../lib/gcc/arm-none-eabi/5.4.1/../../../../arm-none-eabi/lib/armv7e-m/softfp\libcr_c.a(fclose.o)
 .comment       0x0000006e       0x6f c:/nxp/mcuxpressoide_10.0.2_411/ide/tools/bin/../lib/gcc/arm-none-eabi/5.4.1/../../../../arm-none-eabi/lib/armv7e-m/softfp\libcr_c.a(fflush.o)
 .comment       0x0000006e       0x6f c:/nxp/mcuxpressoide_10.0.2_411/ide/tools/bin/../lib/gcc/arm-none-eabi/5.4.1/../../../../arm-none-eabi/lib/armv7e-m/softfp\libcr_c.a(fseek.o)
 .comment       0x0000006e       0x6f c:/nxp/mcuxpressoide_10.0.2_411/ide/tools/bin/../lib/gcc/arm-none-eabi/5.4.1/../../../../arm-none-eabi/lib/armv7e-m/softfp\libcr_c.a(ftell.o)
 .comment       0x0000006e       0x6f c:/nxp/mcuxpressoide_10.0.2_411/ide/tools/bin/../lib/gcc/arm-none-eabi/5.4.1/../../../../arm-none-eabi/lib/armv7e-m/softfp\libcr_c.a(remove.o)
 .comment       0x0000006e       0x6f c:/nxp/mcuxpressoide_10.0.2_411/ide/tools/bin/../lib/gcc/arm-none-eabi/5.4.1/../../../../arm-none-eabi/lib/armv7e-m/softfp\libcr_c.a(strlen.o)
 .comment       0x0000006e       0x6f c:/nxp/mcuxpressoide_10.0.2_411/ide/tools/bin/../lib/gcc/arm-none-eabi/5.4.1/../../../../arm-none-eabi/lib/armv7e-m/softfp\libcr_c.a(memset.o)
 .comment       0x0000006e       0x6f c:/nxp/mcuxpressoide_10.0.2_411/ide/tools/bin/../lib/gcc/arm-none-eabi/5.4.1/../../../../arm-none-eabi/lib/armv7e-m/softfp\libcr_c.a(_do_fflush.o)
 .comment       0x0000006e       0x6f c:/nxp/mcuxpressoide_10.0.2_411/ide/tools/bin/../lib/gcc/arm-none-eabi/5.4.1/../../../../arm-none-eabi/lib/armv7e-m/softfp\libcr_c.a(_fflush.o)
 .comment       0x0000006e       0x6f c:/nxp/mcuxpressoide_10.0.2_411/ide/tools/bin/../lib/gcc/arm-none-eabi/5.4.1/../../../../arm-none-eabi/lib/armv7e-m/softfp\libcr_c.a(_writebuf.o)
 .comment       0x0000006e       0x6f c:/nxp/mcuxpressoide_10.0.2_411/ide/tools/bin/../lib/gcc/arm-none-eabi/5.4.1/../../../../arm-none-eabi/lib/armv7e-m/softfp\libcr_c.a(alloc.o)
 .comment       0x0000006e       0x6f c:/nxp/mcuxpressoide_10.0.2_411/ide/tools/bin/../lib/gcc/arm-none-eabi/5.4.1/../../../../arm-none-eabi/lib/armv7e-m/softfp\libcr_c.a(errno.o)
 .comment       0x0000006e       0x6f c:/nxp/mcuxpressoide_10.0.2_411/ide/tools/bin/../lib/gcc/arm-none-eabi/5.4.1/../../../../arm-none-eabi/lib/armv7e-m/softfp\libcr_c.a(_deferredlazyseek.o)
 .comment       0x0000006e       0x6f c:/nxp/mcuxpressoide_10.0.2_411/ide/tools/bin/../lib/gcc/arm-none-eabi/5.4.1/../../../../arm-none-eabi/lib/armv7e-m/softfp\libcr_semihost_nf.a(__ciob.o)

.ARM.attributes
                0x00000000       0x35
 .ARM.attributes
                0x00000000       0x37 ./example/src/cr_startup_lpc40xx.o
 .ARM.attributes
                0x00000037       0x37 ./example/src/main.o
 .ARM.attributes
                0x0000006e       0x37 ./example/src/sysinit.o
 .ARM.attributes
                0x000000a5       0x37 C:\Users\Tob14\Documents\MCUXpressoIDE_10.0.2_411\workspace\lpc_board_ea_devkit_4088\Debug\liblpc_board_ea_devkit_4088.a(board.o)
 .ARM.attributes
                0x000000dc       0x37 C:\Users\Tob14\Documents\MCUXpressoIDE_10.0.2_411\workspace\lpc_board_ea_devkit_4088\Debug\liblpc_board_ea_devkit_4088.a(board_sysinit.o)
 .ARM.attributes
                0x00000113       0x37 C:\Users\Tob14\Documents\MCUXpressoIDE_10.0.2_411\workspace\lpc_chip_40xx\Debug\liblpc_chip_40xx.a(chip_17xx_40xx.o)
 .ARM.attributes
                0x0000014a       0x37 C:\Users\Tob14\Documents\MCUXpressoIDE_10.0.2_411\workspace\lpc_chip_40xx\Debug\liblpc_chip_40xx.a(clock_17xx_40xx.o)
 .ARM.attributes
                0x00000181       0x37 C:\Users\Tob14\Documents\MCUXpressoIDE_10.0.2_411\workspace\lpc_chip_40xx\Debug\liblpc_chip_40xx.a(emc_17xx_40xx.o)
 .ARM.attributes
                0x000001b8       0x37 C:\Users\Tob14\Documents\MCUXpressoIDE_10.0.2_411\workspace\lpc_chip_40xx\Debug\liblpc_chip_40xx.a(fpu_init.o)
 .ARM.attributes
                0x000001ef       0x37 C:\Users\Tob14\Documents\MCUXpressoIDE_10.0.2_411\workspace\lpc_chip_40xx\Debug\liblpc_chip_40xx.a(iocon_17xx_40xx.o)
 .ARM.attributes
                0x00000226       0x37 C:\Users\Tob14\Documents\MCUXpressoIDE_10.0.2_411\workspace\lpc_chip_40xx\Debug\liblpc_chip_40xx.a(sysctl_17xx_40xx.o)
 .ARM.attributes
                0x0000025d       0x37 C:\Users\Tob14\Documents\MCUXpressoIDE_10.0.2_411\workspace\lpc_chip_40xx\Debug\liblpc_chip_40xx.a(sysinit_17xx_40xx.o)
 .ARM.attributes
                0x00000294       0x37 c:/nxp/mcuxpressoide_10.0.2_411/ide/tools/bin/../lib/gcc/arm-none-eabi/5.4.1/../../../../arm-none-eabi/lib/armv7e-m/softfp\libcr_semihost_nf.a(_cr__main.o)
 .ARM.attributes
                0x000002cb       0x37 c:/nxp/mcuxpressoide_10.0.2_411/ide/tools/bin/../lib/gcc/arm-none-eabi/5.4.1/../../../../arm-none-eabi/lib/armv7e-m/softfp\libcr_c.a(initio.o)
 .ARM.attributes
                0x00000302       0x37 c:/nxp/mcuxpressoide_10.0.2_411/ide/tools/bin/../lib/gcc/arm-none-eabi/5.4.1/../../../../arm-none-eabi/lib/armv7e-m/softfp\libcr_c.a(setvbuf.o)
 .ARM.attributes
                0x00000339       0x37 c:/nxp/mcuxpressoide_10.0.2_411/ide/tools/bin/../lib/gcc/arm-none-eabi/5.4.1/../../../../arm-none-eabi/lib/armv7e-m/softfp\libcr_c.a(_fdopen.o)
 .ARM.attributes
                0x00000370       0x37 c:/nxp/mcuxpressoide_10.0.2_411/ide/tools/bin/../lib/gcc/arm-none-eabi/5.4.1/../../../../arm-none-eabi/lib/armv7e-m/softfp\libcr_c.a(fclose.o)
 .ARM.attributes
                0x000003a7       0x37 c:/nxp/mcuxpressoide_10.0.2_411/ide/tools/bin/../lib/gcc/arm-none-eabi/5.4.1/../../../../arm-none-eabi/lib/armv7e-m/softfp\libcr_c.a(fflush.o)
 .ARM.attributes
                0x000003de       0x37 c:/nxp/mcuxpressoide_10.0.2_411/ide/tools/bin/../lib/gcc/arm-none-eabi/5.4.1/../../../../arm-none-eabi/lib/armv7e-m/softfp\libcr_c.a(fseek.o)
 .ARM.attributes
                0x00000415       0x37 c:/nxp/mcuxpressoide_10.0.2_411/ide/tools/bin/../lib/gcc/arm-none-eabi/5.4.1/../../../../arm-none-eabi/lib/armv7e-m/softfp\libcr_c.a(ftell.o)
 .ARM.attributes
                0x0000044c       0x37 c:/nxp/mcuxpressoide_10.0.2_411/ide/tools/bin/../lib/gcc/arm-none-eabi/5.4.1/../../../../arm-none-eabi/lib/armv7e-m/softfp\libcr_c.a(remove.o)
 .ARM.attributes
                0x00000483       0x37 c:/nxp/mcuxpressoide_10.0.2_411/ide/tools/bin/../lib/gcc/arm-none-eabi/5.4.1/../../../../arm-none-eabi/lib/armv7e-m/softfp\libcr_c.a(strlen.o)
 .ARM.attributes
                0x000004ba       0x37 c:/nxp/mcuxpressoide_10.0.2_411/ide/tools/bin/../lib/gcc/arm-none-eabi/5.4.1/../../../../arm-none-eabi/lib/armv7e-m/softfp\libcr_c.a(memset.o)
 .ARM.attributes
                0x000004f1       0x37 c:/nxp/mcuxpressoide_10.0.2_411/ide/tools/bin/../lib/gcc/arm-none-eabi/5.4.1/../../../../arm-none-eabi/lib/armv7e-m/softfp\libcr_c.a(_do_fflush.o)
 .ARM.attributes
                0x00000528       0x37 c:/nxp/mcuxpressoide_10.0.2_411/ide/tools/bin/../lib/gcc/arm-none-eabi/5.4.1/../../../../arm-none-eabi/lib/armv7e-m/softfp\libcr_c.a(_fflush.o)
 .ARM.attributes
                0x0000055f       0x37 c:/nxp/mcuxpressoide_10.0.2_411/ide/tools/bin/../lib/gcc/arm-none-eabi/5.4.1/../../../../arm-none-eabi/lib/armv7e-m/softfp\libcr_c.a(_writebuf.o)
 .ARM.attributes
                0x00000596       0x37 c:/nxp/mcuxpressoide_10.0.2_411/ide/tools/bin/../lib/gcc/arm-none-eabi/5.4.1/../../../../arm-none-eabi/lib/armv7e-m/softfp\libcr_c.a(alloc.o)
 .ARM.attributes
                0x000005cd       0x37 c:/nxp/mcuxpressoide_10.0.2_411/ide/tools/bin/../lib/gcc/arm-none-eabi/5.4.1/../../../../arm-none-eabi/lib/armv7e-m/softfp\libcr_c.a(errno.o)
 .ARM.attributes
                0x00000604       0x37 c:/nxp/mcuxpressoide_10.0.2_411/ide/tools/bin/../lib/gcc/arm-none-eabi/5.4.1/../../../../arm-none-eabi/lib/armv7e-m/softfp\libcr_c.a(_deferredlazyseek.o)
 .ARM.attributes
                0x0000063b       0x25 c:/nxp/mcuxpressoide_10.0.2_411/ide/tools/bin/../lib/gcc/arm-none-eabi/5.4.1/armv7e-m/softfp\libcr_eabihelpers.a(memcpy.o)
 .ARM.attributes
                0x00000660       0x37 c:/nxp/mcuxpressoide_10.0.2_411/ide/tools/bin/../lib/gcc/arm-none-eabi/5.4.1/../../../../arm-none-eabi/lib/armv7e-m/softfp\libcr_semihost_nf.a(__ciob.o)
 .ARM.attributes
                0x00000697       0x25 c:/nxp/mcuxpressoide_10.0.2_411/ide/tools/bin/../lib/gcc/arm-none-eabi/5.4.1/../../../../arm-none-eabi/lib/armv7e-m/softfp\libcr_semihost_nf.a(__sys_close.o)
 .ARM.attributes
                0x000006bc       0x25 c:/nxp/mcuxpressoide_10.0.2_411/ide/tools/bin/../lib/gcc/arm-none-eabi/5.4.1/../../../../arm-none-eabi/lib/armv7e-m/softfp\libcr_semihost_nf.a(__sys_flen.o)
 .ARM.attributes
                0x000006e1       0x25 c:/nxp/mcuxpressoide_10.0.2_411/ide/tools/bin/../lib/gcc/arm-none-eabi/5.4.1/../../../../arm-none-eabi/lib/armv7e-m/softfp\libcr_semihost_nf.a(__sys_istty.o)
 .ARM.attributes
                0x00000706       0x25 c:/nxp/mcuxpressoide_10.0.2_411/ide/tools/bin/../lib/gcc/arm-none-eabi/5.4.1/../../../../arm-none-eabi/lib/armv7e-m/softfp\libcr_semihost_nf.a(__sys_remove.o)
 .ARM.attributes
                0x0000072b       0x25 c:/nxp/mcuxpressoide_10.0.2_411/ide/tools/bin/../lib/gcc/arm-none-eabi/5.4.1/../../../../arm-none-eabi/lib/armv7e-m/softfp\libcr_semihost_nf.a(__sys_seek.o)
 .ARM.attributes
                0x00000750       0x25 c:/nxp/mcuxpressoide_10.0.2_411/ide/tools/bin/../lib/gcc/arm-none-eabi/5.4.1/../../../../arm-none-eabi/lib/armv7e-m/softfp\libcr_semihost_nf.a(__sys_tmpnam.o)
 .ARM.attributes
                0x00000775       0x25 c:/nxp/mcuxpressoide_10.0.2_411/ide/tools/bin/../lib/gcc/arm-none-eabi/5.4.1/../../../../arm-none-eabi/lib/armv7e-m/softfp\libcr_semihost_nf.a(__sys_write.o)

.debug_frame    0x00000000     0x13e0
 .debug_frame   0x00000000      0x170 ./example/src/cr_startup_lpc40xx.o
 .debug_frame   0x00000170       0x2c ./example/src/main.o
 .debug_frame   0x0000019c       0x34 ./example/src/sysinit.o
 .debug_frame   0x000001d0      0x784 C:\Users\Tob14\Documents\MCUXpressoIDE_10.0.2_411\workspace\lpc_board_ea_devkit_4088\Debug\liblpc_board_ea_devkit_4088.a(board.o)
 .debug_frame   0x00000954       0xf8 C:\Users\Tob14\Documents\MCUXpressoIDE_10.0.2_411\workspace\lpc_board_ea_devkit_4088\Debug\liblpc_board_ea_devkit_4088.a(board_sysinit.o)
 .debug_frame   0x00000a4c       0x70 C:\Users\Tob14\Documents\MCUXpressoIDE_10.0.2_411\workspace\lpc_chip_40xx\Debug\liblpc_chip_40xx.a(chip_17xx_40xx.o)
 .debug_frame   0x00000abc      0x500 C:\Users\Tob14\Documents\MCUXpressoIDE_10.0.2_411\workspace\lpc_chip_40xx\Debug\liblpc_chip_40xx.a(clock_17xx_40xx.o)
 .debug_frame   0x00000fbc      0x1fc C:\Users\Tob14\Documents\MCUXpressoIDE_10.0.2_411\workspace\lpc_chip_40xx\Debug\liblpc_chip_40xx.a(emc_17xx_40xx.o)
 .debug_frame   0x000011b8       0x38 C:\Users\Tob14\Documents\MCUXpressoIDE_10.0.2_411\workspace\lpc_chip_40xx\Debug\liblpc_chip_40xx.a(fpu_init.o)
 .debug_frame   0x000011f0       0x5c C:\Users\Tob14\Documents\MCUXpressoIDE_10.0.2_411\workspace\lpc_chip_40xx\Debug\liblpc_chip_40xx.a(iocon_17xx_40xx.o)
 .debug_frame   0x0000124c       0x60 C:\Users\Tob14\Documents\MCUXpressoIDE_10.0.2_411\workspace\lpc_chip_40xx\Debug\liblpc_chip_40xx.a(sysctl_17xx_40xx.o)
 .debug_frame   0x000012ac      0x134 C:\Users\Tob14\Documents\MCUXpressoIDE_10.0.2_411\workspace\lpc_chip_40xx\Debug\liblpc_chip_40xx.a(sysinit_17xx_40xx.o)
