Archive member included to satisfy reference by file (symbol)

C:\Users\Test Bruger\Documents\MCUXpressoIDE_10.0.2_411\workspace\lpc_board_ea_devkit_4088\Release\liblpc_board_ea_devkit_4088.a(board.o)
                              ./example/src/main.o (Board_Init)
C:\Users\Test Bruger\Documents\MCUXpressoIDE_10.0.2_411\workspace\lpc_board_ea_devkit_4088\Release\liblpc_board_ea_devkit_4088.a(board_sysinit.o)
                              ./example/src/sysinit.o (Board_SystemInit)
C:\Users\Test Bruger\Documents\MCUXpressoIDE_10.0.2_411\workspace\lpc_board_ea_devkit_4088\Release\liblpc_board_ea_devkit_4088.a(uda1380.o)
                              C:\Users\Test Bruger\Documents\MCUXpressoIDE_10.0.2_411\workspace\lpc_board_ea_devkit_4088\Release\liblpc_board_ea_devkit_4088.a(board.o) (UDA1380_Init)
C:\Users\Test Bruger\Documents\MCUXpressoIDE_10.0.2_411\workspace\lpc_chip_40xx\Release\liblpc_chip_40xx.a(chip_17xx_40xx.o)
                              ./example/src/main.o (SystemCoreClockUpdate)
C:\Users\Test Bruger\Documents\MCUXpressoIDE_10.0.2_411\workspace\lpc_chip_40xx\Release\liblpc_chip_40xx.a(clock_17xx_40xx.o)
                              C:\Users\Test Bruger\Documents\MCUXpressoIDE_10.0.2_411\workspace\lpc_chip_40xx\Release\liblpc_chip_40xx.a(chip_17xx_40xx.o) (Chip_Clock_SetupPLL)
C:\Users\Test Bruger\Documents\MCUXpressoIDE_10.0.2_411\workspace\lpc_chip_40xx\Release\liblpc_chip_40xx.a(emc_17xx_40xx.o)
                              C:\Users\Test Bruger\Documents\MCUXpressoIDE_10.0.2_411\workspace\lpc_board_ea_devkit_4088\Release\liblpc_board_ea_devkit_4088.a(board_sysinit.o) (Chip_EMC_Dynamic_Init)
C:\Users\Test Bruger\Documents\MCUXpressoIDE_10.0.2_411\workspace\lpc_chip_40xx\Release\liblpc_chip_40xx.a(fpu_init.o)
                              ./example/src/sysinit.o (fpuInit)
C:\Users\Test Bruger\Documents\MCUXpressoIDE_10.0.2_411\workspace\lpc_chip_40xx\Release\liblpc_chip_40xx.a(i2c_17xx_40xx.o)
                              C:\Users\Test Bruger\Documents\MCUXpressoIDE_10.0.2_411\workspace\lpc_board_ea_devkit_4088\Release\liblpc_board_ea_devkit_4088.a(uda1380.o) (Chip_I2C_Init)
C:\Users\Test Bruger\Documents\MCUXpressoIDE_10.0.2_411\workspace\lpc_chip_40xx\Release\liblpc_chip_40xx.a(i2s_17xx_40xx.o)
                              C:\Users\Test Bruger\Documents\MCUXpressoIDE_10.0.2_411\workspace\lpc_board_ea_devkit_4088\Release\liblpc_board_ea_devkit_4088.a(board.o) (Chip_I2S_Init)
C:\Users\Test Bruger\Documents\MCUXpressoIDE_10.0.2_411\workspace\lpc_chip_40xx\Release\liblpc_chip_40xx.a(iocon_17xx_40xx.o)
                              C:\Users\Test Bruger\Documents\MCUXpressoIDE_10.0.2_411\workspace\lpc_board_ea_devkit_4088\Release\liblpc_board_ea_devkit_4088.a(board_sysinit.o) (Chip_IOCON_SetPinMuxing)
C:\Users\Test Bruger\Documents\MCUXpressoIDE_10.0.2_411\workspace\lpc_chip_40xx\Release\liblpc_chip_40xx.a(ssp_17xx_40xx.o)
                              C:\Users\Test Bruger\Documents\MCUXpressoIDE_10.0.2_411\workspace\lpc_board_ea_devkit_4088\Release\liblpc_board_ea_devkit_4088.a(board.o) (Chip_SSP_WriteFrames_Blocking)
C:\Users\Test Bruger\Documents\MCUXpressoIDE_10.0.2_411\workspace\lpc_chip_40xx\Release\liblpc_chip_40xx.a(sysctl_17xx_40xx.o)
                              C:\Users\Test Bruger\Documents\MCUXpressoIDE_10.0.2_411\workspace\lpc_board_ea_devkit_4088\Release\liblpc_board_ea_devkit_4088.a(board_sysinit.o) (Chip_SYSCTL_PeriphReset)
C:\Users\Test Bruger\Documents\MCUXpressoIDE_10.0.2_411\workspace\lpc_chip_40xx\Release\liblpc_chip_40xx.a(sysinit_17xx_40xx.o)
                              C:\Users\Test Bruger\Documents\MCUXpressoIDE_10.0.2_411\workspace\lpc_board_ea_devkit_4088\Release\liblpc_board_ea_devkit_4088.a(board_sysinit.o) (Chip_SetupXtalClocking)
c:/nxp/mcuxpressoide_10.0.2_411/ide/tools/bin/../lib/gcc/arm-none-eabi/5.4.1/../../../../arm-none-eabi/lib/armv7e-m/softfp\libcr_semihost_nf.a(_cr__main.o)
                              ./example/src/cr_startup_lpc40xx.o (__main)
c:/nxp/mcuxpressoide_10.0.2_411/ide/tools/bin/../lib/gcc/arm-none-eabi/5.4.1/../../../../arm-none-eabi/lib/armv7e-m/softfp\libcr_c.a(memcpy.o)
                              C:\Users\Test Bruger\Documents\MCUXpressoIDE_10.0.2_411\workspace\lpc_board_ea_devkit_4088\Release\liblpc_board_ea_devkit_4088.a(board.o) (memcpy)
c:/nxp/mcuxpressoide_10.0.2_411/ide/tools/bin/../lib/gcc/arm-none-eabi/5.4.1/../../../../arm-none-eabi/lib/armv7e-m/softfp\libcr_c.a(memset.o)
                              C:\Users\Test Bruger\Documents\MCUXpressoIDE_10.0.2_411\workspace\lpc_chip_40xx\Release\liblpc_chip_40xx.a(i2c_17xx_40xx.o) (memset)
c:/nxp/mcuxpressoide_10.0.2_411/ide/tools/bin/../lib/gcc/arm-none-eabi/5.4.1/../../../../arm-none-eabi/lib/armv7e-m/softfp\libcr_c.a(cr_clock.o)
                              ./example/src/LCD.o (clock)
c:/nxp/mcuxpressoide_10.0.2_411/ide/tools/bin/../lib/gcc/arm-none-eabi/5.4.1/../../../../arm-none-eabi/lib/armv7e-m/softfp\libcr_c.a(initio.o)
[...]
Memory Configuration

Name             Origin             Length             Attributes
MFlash512        0x00000000         0x00080000         xr
RamLoc64         0x10000000         0x00010000         xrw
RamPeriph32      0x20000000         0x00008000         xrw
*default*        0x00000000         0xffffffff

Linker script and memory map

LOAD ./example/src/LCD.o
LOAD ./example/src/cr_startup_lpc40xx.o
LOAD ./example/src/main.o
LOAD ./example/src/sysinit.o
LOAD C:\Users\Test Bruger\Documents\MCUXpressoIDE_10.0.2_411\workspace\lpc_board_ea_devkit_4088\Release\liblpc_board_ea_devkit_4088.a
LOAD C:\Users\Test Bruger\Documents\MCUXpressoIDE_10.0.2_411\workspace\lpc_chip_40xx\Release\liblpc_chip_40xx.a
START GROUP
LOAD c:/nxp/mcuxpressoide_10.0.2_411/ide/tools/bin/../lib/gcc/arm-none-eabi/5.4.1/../../../../arm-none-eabi/lib/armv7e-m/softfp\libcr_semihost_nf.a
LOAD c:/nxp/mcuxpressoide_10.0.2_411/ide/tools/bin/../lib/gcc/arm-none-eabi/5.4.1/../../../../arm-none-eabi/lib/armv7e-m/softfp\libcr_c.a
LOAD c:/nxp/mcuxpressoide_10.0.2_411/ide/tools/bin/../lib/gcc/arm-none-eabi/5.4.1/armv7e-m/softfp\libcr_eabihelpers.a
END GROUP
                0x00000000                __base_MFlash512 = 0x0
                0x00000000                __base_Flash = 0x0
                0x00080000                __top_MFlash512 = 0x80000
                0x00080000                __top_Flash = 0x80000
                0x10000000                __base_RamLoc64 = 0x10000000
                0x10000000                __base_RAM = 0x10000000
                0x10010000                __top_RamLoc64 = 0x10010000
                0x10010000                __top_RAM = 0x10010000
                0x20000000                __base_RamPeriph32 = 0x20000000
                0x20000000                __base_RAM2 = 0x20000000
                0x20008000                __top_RamPeriph32 = 0x20008000
                0x20008000                __top_RAM2 = 0x20008000

.text           0x00000000     0x114c
 FILL mask 0xff
                0x00000000                __vectors_start__ = ABSOLUTE (.)
 *(.isr_vector)
 .isr_vector    0x00000000       0xe4 ./example/src/cr_startup_lpc40xx.o
                0x00000000                g_pfnVectors
                0x000000e4                . = ALIGN (0x4)
                0x000000e4                __section_table_start = .
                0x000000e4                __data_section_table = .
                0x000000e4        0x4 LONG 0x114c LOADADDR (.data)
                0x000000e8        0x4 LONG 0x10000000 ADDR (.data)
                0x000000ec        0x4 LONG 0x0 SIZEOF (.data)
                0x000000f0        0x4 LONG 0x114c LOADADDR (.data_RAM2)
                0x000000f4        0x4 LONG 0x20000000 ADDR (.data_RAM2)
                0x000000f8        0x4 LONG 0x0 SIZEOF (.data_RAM2)
                0x000000fc                __data_section_table_end = .
                0x000000fc                __bss_section_table = .
                0x000000fc        0x4 LONG 0x10000000 ADDR (.bss)
                0x00000100        0x4 LONG 0xbc SIZEOF (.bss)
                0x00000104        0x4 LONG 0x20000000 ADDR (.bss_RAM2)
                0x00000108        0x4 LONG 0x0 SIZEOF (.bss_RAM2)
                0x0000010c                __bss_section_table_end = .
                0x0000010c                __section_table_end = .
 *(.after_vectors*)
 .after_vectors
                0x0000010c       0xa0 ./example/src/cr_startup_lpc40xx.o
                0x0000010c                NMI_Handler
                0x0000010e                HardFault_Handler
                0x00000110                MemManage_Handler
                0x00000112                BusFault_Handler
                0x00000114                UsageFault_Handler
                0x00000116                SVC_Handler
                0x00000118                DebugMon_Handler
                0x0000011a                PendSV_Handler
                0x0000011c                SysTick_Handler
                0x0000011e                SDIO_IRQHandler
                0x0000011e                PWM1_IRQHandler
                0x0000011e                I2C0_IRQHandler
                0x0000011e                I2C1_IRQHandler
                0x0000011e                EINT2_IRQHandler
                0x0000011e                USBActivity_IRQHandler
                0x0000011e                EINT3_IRQHandler
                0x0000011e                CANActivity_IRQHandler
                0x0000011e                TIMER3_IRQHandler
                0x0000011e                UART0_IRQHandler
                0x0000011e                UART3_IRQHandler
                0x0000011e                RIT_IRQHandler
                0x0000011e                UART1_IRQHandler
                0x0000011e                PLL0_IRQHandler
                0x0000011e                CAN_IRQHandler
                0x0000011e                PLL1_IRQHandler
                0x0000011e                SSP0_IRQHandler
                0x0000011e                I2S_IRQHandler
                0x0000011e                I2C2_IRQHandler
                0x0000011e                RTC_IRQHandler
                0x0000011e                TIMER0_IRQHandler
                0x0000011e                SPI_IRQHandler
                0x0000011e                LCD_IRQHandler
                0x0000011e                TIMER2_IRQHandler
                0x0000011e                EINT1_IRQHandler
                0x0000011e                TIMER1_IRQHandler
                0x0000011e                UART2_IRQHandler
                0x0000011e                UART4_IRQHandler
                0x0000011e                ADC_IRQHandler
                0x0000011e                SSP1_IRQHandler
                0x0000011e                USB_IRQHandler
                0x0000011e                BOD_IRQHandler
                0x0000011e                IntDefaultHandler
                0x0000011e                WDT_IRQHandler
                0x0000011e                GPIO_IRQHandler
                0x0000011e                QEI_IRQHandler
                0x0000011e                EINT0_IRQHandler
                0x0000011e                ETH_IRQHandler
                0x0000011e                PWM0_IRQHandler
                0x0000011e                SSP2_IRQHandler
                0x0000011e                EEPROM_IRQHandler
                0x0000011e                DMA_IRQHandler
                0x0000011e                MCPWM_IRQHandler
                0x00000120                data_init
                0x00000136                bss_init
                0x0000014a                ResetISR
 *(.text*)
 .text.Chip_GPIO_SetPinState.constprop.3
                0x000001ac       0x28 ./example/src/LCD.o
 .text.delay_s  0x000001d4       0x18 ./example/src/LCD.o
                0x000001d4                delay_s
 .text.controlpin_output
                0x000001ec       0x38 ./example/src/LCD.o
                0x000001ec                controlpin_output
 .text.datapin_output
                0x00000224       0x50 ./example/src/LCD.o
                0x00000224                datapin_output
 .text.command_mode
                0x00000274       0x28 ./example/src/LCD.o
                0x00000274                command_mode
 .text.data_mode
                0x0000029c       0x10 ./example/src/LCD.o
                0x0000029c                data_mode
 .text.setbus   0x000002ac       0x66 ./example/src/LCD.o
                0x000002ac                setbus
 *fill*         0x00000312        0x2 ff
 .text.toggle_enable
                0x00000314       0x28 ./example/src/LCD.o
                0x00000314                toggle_enable
 .text.lcd_write
                0x0000033c        0xe ./example/src/LCD.o
                0x0000033c                lcd_write
 .text.function_mode
                0x0000034a       0x16 ./example/src/LCD.o
                0x0000034a                function_mode
 .text.display_mode
                0x00000360       0x10 ./example/src/LCD.o
                0x00000360                display_mode
 .text.clear_mode
                0x00000370       0x10 ./example/src/LCD.o
                0x00000370                clear_mode
 .text.lcd_init
                0x00000380       0x30 ./example/src/LCD.o
                0x00000380                lcd_init
 .text.char_to_LCD
                0x000003b0        0xe ./example/src/LCD.o
                0x000003b0                char_to_LCD
 .text.string_to_LCD
                0x000003be       0x12 ./example/src/LCD.o
                0x000003be                string_to_LCD
 .text.startup.main
                0x000003d0       0x24 ./example/src/main.o
                0x000003d0                main
 .text.SystemInit
                0x000003f4       0x1c ./example/src/sysinit.o
                0x000003f4                SystemInit
 .text.Board_Init
                0x00000410       0x50 C:\Users\Test Bruger\Documents\MCUXpressoIDE_10.0.2_411\workspace\lpc_board_ea_devkit_4088\Release\liblpc_board_ea_devkit_4088.a(board.o)
                0x00000410                Board_Init
 .text.Board_SetupMuxing
                0x00000460       0x68 C:\Users\Test Bruger\Documents\MCUXpressoIDE_10.0.2_411\workspace\lpc_board_ea_devkit_4088\Release\liblpc_board_ea_devkit_4088.a(board_sysinit.o)
                0x00000460                Board_SetupMuxing
 .text.Board_SetupClocking
                0x000004c8       0x24 C:\Users\Test Bruger\Documents\MCUXpressoIDE_10.0.2_411\workspace\lpc_board_ea_devkit_4088\Release\liblpc_board_ea_devkit_4088.a(board_sysinit.o)
                0x000004c8                Board_SetupClocking
 .text.Board_SetupExtMemory
                0x000004ec       0x50 C:\Users\Test Bruger\Documents\MCUXpressoIDE_10.0.2_411\workspace\lpc_board_ea_devkit_4088\Release\liblpc_board_ea_devkit_4088.a(board_sysinit.o)
                0x000004ec                Board_SetupExtMemory
 .text.Board_SystemInit
                0x0000053c       0x12 C:\Users\Test Bruger\Documents\MCUXpressoIDE_10.0.2_411\workspace\lpc_board_ea_devkit_4088\Release\liblpc_board_ea_devkit_4088.a(board_sysinit.o)
                0x0000053c                Board_SystemInit
 *fill*         0x0000054e        0x2 ff
 .text.SystemCoreClockUpdate
                0x00000550       0x10 C:\Users\Test Bruger\Documents\MCUXpressoIDE_10.0.2_411\workspace\lpc_chip_40xx\Release\liblpc_chip_40xx.a(chip_17xx_40xx.o)
                0x00000550                SystemCoreClockUpdate
 .text.Chip_Clock_EnablePLL
                0x00000560       0x24 C:\Users\Test Bruger\Documents\MCUXpressoIDE_10.0.2_411\workspace\lpc_chip_40xx\Release\liblpc_chip_40xx.a(clock_17xx_40xx.o)
                0x00000560                Chip_Clock_EnablePLL
 .text.Chip_Clock_DisablePLL
                0x00000584       0x26 C:\Users\Test Bruger\Documents\MCUXpressoIDE_10.0.2_411\workspace\lpc_chip_40xx\Release\liblpc_chip_40xx.a(clock_17xx_40xx.o)
                0x00000584                Chip_Clock_DisablePLL
 .text.Chip_Clock_SetupPLL
                0x000005aa       0x28 C:\Users\Test Bruger\Documents\MCUXpressoIDE_10.0.2_411\workspace\lpc_chip_40xx\Release\liblpc_chip_40xx.a(clock_17xx_40xx.o)
                0x000005aa                Chip_Clock_SetupPLL
 *fill*         0x000005d2        0x2 ff
 .text.Chip_Clock_EnablePeriphClock
                0x000005d4       0x2c C:\Users\Test Bruger\Documents\MCUXpressoIDE_10.0.2_411\workspace\lpc_chip_40xx\Release\liblpc_chip_40xx.a(clock_17xx_40xx.o)
                0x000005d4                Chip_Clock_EnablePeriphClock
 .text.Chip_Clock_SetCPUClockSource
                0x00000600       0x1c C:\Users\Test Bruger\Documents\MCUXpressoIDE_10.0.2_411\workspace\lpc_chip_40xx\Release\liblpc_chip_40xx.a(clock_17xx_40xx.o)
                0x00000600                Chip_Clock_SetCPUClockSource
 .text.Chip_Clock_GetCPUClockSource
                0x0000061c       0x10 C:\Users\Test Bruger\Documents\MCUXpressoIDE_10.0.2_411\workspace\lpc_chip_40xx\Release\liblpc_chip_40xx.a(clock_17xx_40xx.o)
                0x0000061c                Chip_Clock_GetCPUClockSource
 .text.Chip_Clock_SetCPUClockDiv
                0x0000062c       0x18 C:\Users\Test Bruger\Documents\MCUXpressoIDE_10.0.2_411\workspace\lpc_chip_40xx\Release\liblpc_chip_40xx.a(clock_17xx_40xx.o)
                0x0000062c                Chip_Clock_SetCPUClockDiv
 .text.Chip_Clock_GetSYSCLKRate
                0x00000644       0x28 C:\Users\Test Bruger\Documents\MCUXpressoIDE_10.0.2_411\workspace\lpc_chip_40xx\Release\liblpc_chip_40xx.a(clock_17xx_40xx.o)
                0x00000644                Chip_Clock_GetSYSCLKRate
 .text.Chip_Clock_GetMainPLLOutClockRate
                0x0000066c       0x24 C:\Users\Test Bruger\Documents\MCUXpressoIDE_10.0.2_411\workspace\lpc_chip_40xx\Release\liblpc_chip_40xx.a(clock_17xx_40xx.o)
                0x0000066c                Chip_Clock_GetMainPLLOutClockRate
 .text.Chip_Clock_GetMainClockRate
                0x00000690       0x20 C:\Users\Test Bruger\Documents\MCUXpressoIDE_10.0.2_411\workspace\lpc_chip_40xx\Release\liblpc_chip_40xx.a(clock_17xx_40xx.o)
                0x00000690                Chip_Clock_GetMainClockRate
 .text.Chip_Clock_GetSystemClockRate
                0x000006b0       0x1c C:\Users\Test Bruger\Documents\MCUXpressoIDE_10.0.2_411\workspace\lpc_chip_40xx\Release\liblpc_chip_40xx.a(clock_17xx_40xx.o)
                0x000006b0                Chip_Clock_GetSystemClockRate
 .text.Chip_Clock_SetSPIFIClockSource
                0x000006cc       0x18 C:\Users\Test Bruger\Documents\MCUXpressoIDE_10.0.2_411\workspace\lpc_chip_40xx\Release\liblpc_chip_40xx.a(clock_17xx_40xx.o)
                0x000006cc                Chip_Clock_SetSPIFIClockSource
 .text.Chip_Clock_SetSPIFIClockDiv
                0x000006e4       0x18 C:\Users\Test Bruger\Documents\MCUXpressoIDE_10.0.2_411\workspace\lpc_chip_40xx\Release\liblpc_chip_40xx.a(clock_17xx_40xx.o)
                0x000006e4                Chip_Clock_SetSPIFIClockDiv
 .text.convertTimmingParam
                0x000006fc       0x2c C:\Users\Test Bruger\Documents\MCUXpressoIDE_10.0.2_411\workspace\lpc_chip_40xx\Release\liblpc_chip_40xx.a(emc_17xx_40xx.o)
 .text.initDynMem
                0x00000728      0x15e C:\Users\Test Bruger\Documents\MCUXpressoIDE_10.0.2_411\workspace\lpc_chip_40xx\Release\liblpc_chip_40xx.a(emc_17xx_40xx.o)
                0x00000728                initDynMem
 .text.initStaticMem
                0x00000886       0x68 C:\Users\Test Bruger\Documents\MCUXpressoIDE_10.0.2_411\workspace\lpc_chip_40xx\Release\liblpc_chip_40xx.a(emc_17xx_40xx.o)
                0x00000886                initStaticMem
 *fill*         0x000008ee        0x2 ff
 .text.Chip_EMC_Dynamic_Init
                0x000008f0       0x28 C:\Users\Test Bruger\Documents\MCUXpressoIDE_10.0.2_411\workspace\lpc_chip_40xx\Release\liblpc_chip_40xx.a(emc_17xx_40xx.o)
                0x000008f0                Chip_EMC_Dynamic_Init
 .text.Chip_EMC_Static_Init
                0x00000918       0x28 C:\Users\Test Bruger\Documents\MCUXpressoIDE_10.0.2_411\workspace\lpc_chip_40xx\Release\liblpc_chip_40xx.a(emc_17xx_40xx.o)
                0x00000918                Chip_EMC_Static_Init
 .text.Chip_EMC_Init
                0x00000940       0x28 C:\Users\Test Bruger\Documents\MCUXpressoIDE_10.0.2_411\workspace\lpc_chip_40xx\Release\liblpc_chip_40xx.a(emc_17xx_40xx.o)
                0x00000940                Chip_EMC_Init
 .text.fpuInit  0x00000968       0x48 C:\Users\Test Bruger\Documents\MCUXpressoIDE_10.0.2_411\workspace\lpc_chip_40xx\Release\liblpc_chip_40xx.a(fpu_init.o)
                0x00000968                fpuInit
 .text.Chip_IOCON_SetPinMuxing
                0x000009b0       0x26 C:\Users\Test Bruger\Documents\MCUXpressoIDE_10.0.2_411\workspace\lpc_chip_40xx\Release\liblpc_chip_40xx.a(iocon_17xx_40xx.o)
                0x000009b0                Chip_IOCON_SetPinMuxing
 .text.Chip_SYSCTL_PeriphReset
                0x000009d6       0x26 C:\Users\Test Bruger\Documents\MCUXpressoIDE_10.0.2_411\workspace\lpc_chip_40xx\Release\liblpc_chip_40xx.a(sysctl_17xx_40xx.o)
                0x000009d6                Chip_SYSCTL_PeriphReset
 .text.Chip_SetupXtalClocking
                0x000009fc       0x74 C:\Users\Test Bruger\Documents\MCUXpressoIDE_10.0.2_411\workspace\lpc_chip_40xx\Release\liblpc_chip_40xx.a(sysinit_17xx_40xx.o)
                0x000009fc                Chip_SetupXtalClocking
 .text.__main   0x00000a70        0xe c:/nxp/mcuxpressoide_10.0.2_411/ide/tools/bin/../lib/gcc/arm-none-eabi/5.4.1/../../../../arm-none-eabi/lib/armv7e-m/softfp\libcr_semihost_nf.a(_cr__main.o)
                0x00000a70                __CR_SEMIHOST
                0x00000a70                __main
 .text.memset   0x00000a7e        0x4 c:/nxp/mcuxpressoide_10.0.2_411/ide/tools/bin/../lib/gcc/arm-none-eabi/5.4.1/../../../../arm-none-eabi/lib/armv7e-m/softfp\libcr_c.a(memset.o)
                0x00000a7e                memset
 .text.clock    0x00000a82        0x4 c:/nxp/mcuxpressoide_10.0.2_411/ide/tools/bin/../lib/gcc/arm-none-eabi/5.4.1/../../../../arm-none-eabi/lib/armv7e-m/softfp\libcr_c.a(cr_clock.o)
                0x00000a82                clock
 *fill*         0x00000a86        0x2 ff
 .text._initio  0x00000a88       0x78 c:/nxp/mcuxpressoide_10.0.2_411/ide/tools/bin/../lib/gcc/arm-none-eabi/5.4.1/../../../../arm-none-eabi/lib/armv7e-m/softfp\libcr_c.a(initio.o)
                0x00000a88                _initio
 .text.setvbuf  0x00000b00       0x44 c:/nxp/mcuxpressoide_10.0.2_411/ide/tools/bin/../lib/gcc/arm-none-eabi/5.4.1/../../../../arm-none-eabi/lib/armv7e-m/softfp\libcr_c.a(setvbuf.o)
                0x00000b00                setvbuf
 .text._fdopen  0x00000b44       0x6a c:/nxp/mcuxpressoide_10.0.2_411/ide/tools/bin/../lib/gcc/arm-none-eabi/5.4.1/../../../../arm-none-eabi/lib/armv7e-m/softfp\libcr_c.a(_fdopen.o)
                0x00000b44                _fdopen
 .text.fclose   0x00000bae       0x58 c:/nxp/mcuxpressoide_10.0.2_411/ide/tools/bin/../lib/gcc/arm-none-eabi/5.4.1/../../../../arm-none-eabi/lib/armv7e-m/softfp\libcr_c.a(fclose.o)
                0x00000bae                fclose
 *fill*         0x00000c06        0x2 ff
 .text.fflush   0x00000c08       0x48 c:/nxp/mcuxpressoide_10.0.2_411/ide/tools/bin/../lib/gcc/arm-none-eabi/5.4.1/../../../../arm-none-eabi/lib/armv7e-m/softfp\libcr_c.a(fflush.o)
                0x00000c08                fflush
 .text.fseek    0x00000c50      0x100 c:/nxp/mcuxpressoide_10.0.2_411/ide/tools/bin/../lib/gcc/arm-none-eabi/5.4.1/../../../../arm-none-eabi/lib/armv7e-m/softfp\libcr_c.a(fseek.o)
                0x00000c50                fseek
 .text.ftell    0x00000d50       0x48 c:/nxp/mcuxpressoide_10.0.2_411/ide/tools/bin/../lib/gcc/arm-none-eabi/5.4.1/../../../../arm-none-eabi/lib/armv7e-m/softfp\libcr_c.a(ftell.o)
                0x00000d50                ftell
 .text.remove   0x00000d98       0x14 c:/nxp/mcuxpressoide_10.0.2_411/ide/tools/bin/../lib/gcc/arm-none-eabi/5.4.1/../../../../arm-none-eabi/lib/armv7e-m/softfp\libcr_c.a(remove.o)
                0x00000d98                remove
 .text.strlen   0x00000dac       0x4a c:/nxp/mcuxpressoide_10.0.2_411/ide/tools/bin/../lib/gcc/arm-none-eabi/5.4.1/../../../../arm-none-eabi/lib/armv7e-m/softfp\libcr_c.a(strlen.o)
                0x00000dac                strlen
 .text._do_fflush
                0x00000df6       0x42 c:/nxp/mcuxpressoide_10.0.2_411/ide/tools/bin/../lib/gcc/arm-none-eabi/5.4.1/../../../../arm-none-eabi/lib/armv7e-m/softfp\libcr_c.a(_do_fflush.o)
                0x00000df6                _do_fflush
 .text._fflush  0x00000e38       0x54 c:/nxp/mcuxpressoide_10.0.2_411/ide/tools/bin/../lib/gcc/arm-none-eabi/5.4.1/../../../../arm-none-eabi/lib/armv7e-m/softfp\libcr_c.a(_fflush.o)
                0x00000e38                _fflush
 .text._Cwritebuf
                0x00000e8c       0x68 c:/nxp/mcuxpressoide_10.0.2_411/ide/tools/bin/../lib/gcc/arm-none-eabi/5.4.1/../../../../arm-none-eabi/lib/armv7e-m/softfp\libcr_c.a(_writebuf.o)
                0x00000e8c                _Cwritebuf
 .text.free     0x00000ef4       0x30 c:/nxp/mcuxpressoide_10.0.2_411/ide/tools/bin/../lib/gcc/arm-none-eabi/5.4.1/../../../../arm-none-eabi/lib/armv7e-m/softfp\libcr_c.a(alloc.o)
                0x00000ef4                free
 .text._deferredlazyseek
                0x00000f24       0x40 c:/nxp/mcuxpressoide_10.0.2_411/ide/tools/bin/../lib/gcc/arm-none-eabi/5.4.1/../../../../arm-none-eabi/lib/armv7e-m/softfp\libcr_c.a(_deferredlazyseek.o)
                0x00000f24                _deferredlazyseek
 .text.__aeabi_memset_lowlevel
                0x00000f64       0x32 c:/nxp/mcuxpressoide_10.0.2_411/ide/tools/bin/../lib/gcc/arm-none-eabi/5.4.1/armv7e-m/softfp\libcr_eabihelpers.a(memcpy.o)
                0x00000f64                __aeabi_lowlevel_memset
 .text.__sys_clock
                0x00000f96        0x6 c:/nxp/mcuxpressoide_10.0.2_411/ide/tools/bin/../lib/gcc/arm-none-eabi/5.4.1/../../../../arm-none-eabi/lib/armv7e-m/softfp\libcr_semihost_nf.a(__sys_clock.o)
                0x00000f96                __sys_clock
 .text.__sys_close
                0x00000f9c        0xc c:/nxp/mcuxpressoide_10.0.2_411/ide/tools/bin/../lib/gcc/arm-none-eabi/5.4.1/../../../../arm-none-eabi/lib/armv7e-m/softfp\libcr_semihost_nf.a(__sys_close.o)
                0x00000f9c                __sys_close
 .text.__sys_flen
                0x00000fa8        0xc c:/nxp/mcuxpressoide_10.0.2_411/ide/tools/bin/../lib/gcc/arm-none-eabi/5.4.1/../../../../arm-none-eabi/lib/armv7e-m/softfp\libcr_semihost_nf.a(__sys_flen.o)
                0x00000fa8                __sys_flen
 .text.__sys_istty
                0x00000fb4        0xc c:/nxp/mcuxpressoide_10.0.2_411/ide/tools/bin/../lib/gcc/arm-none-eabi/5.4.1/../../../../arm-none-eabi/lib/armv7e-m/softfp\libcr_semihost_nf.a(__sys_istty.o)
                0x00000fb4                __sys_istty
 .text.__sys_remove
                0x00000fc0        0xc c:/nxp/mcuxpressoide_10.0.2_411/ide/tools/bin/../lib/gcc/arm-none-eabi/5.4.1/../../../../arm-none-eabi/lib/armv7e-m/softfp\libcr_semihost_nf.a(__sys_remove.o)
                0x00000fc0                __sys_remove
 .text.__sys_seek
                0x00000fcc        0xc c:/nxp/mcuxpressoide_10.0.2_411/ide/tools/bin/../lib/gcc/arm-none-eabi/5.4.1/../../../../arm-none-eabi/lib/armv7e-m/softfp\libcr_semihost_nf.a(__sys_seek.o)
                0x00000fcc                __sys_seek
 .text.__sys_tmpnam
                0x00000fd8        0xc c:/nxp/mcuxpressoide_10.0.2_411/ide/tools/bin/../lib/gcc/arm-none-eabi/5.4.1/../../../../arm-none-eabi/lib/armv7e-m/softfp\libcr_semihost_nf.a(__sys_tmpnam.o)
                0x00000fd8                __sys_tmpnam
 .text.__sys_write
                0x00000fe4        0xc c:/nxp/mcuxpressoide_10.0.2_411/ide/tools/bin/../lib/gcc/arm-none-eabi/5.4.1/../../../../arm-none-eabi/lib/armv7e-m/softfp\libcr_semihost_nf.a(__sys_write.o)
                0x00000fe4                __sys_write
 *(.rodata .rodata.* .constdata .constdata.*)
 .rodata.str1.1
                0x00000ff0        0xc ./example/src/main.o
 .rodata.ledports
                0x00000ffc        0x4 C:\Users\Test Bruger\Documents\MCUXpressoIDE_10.0.2_411\workspace\lpc_board_ea_devkit_4088\Release\liblpc_board_ea_devkit_4088.a(board.o)
 .rodata.OscRateIn
                0x00001000        0x4 C:\Users\Test Bruger\Documents\MCUXpressoIDE_10.0.2_411\workspace\lpc_board_ea_devkit_4088\Release\liblpc_board_ea_devkit_4088.a(board.o)
                0x00001000                OscRateIn
 .rodata.ledpins
                0x00001004        0x4 C:\Users\Test Bruger\Documents\MCUXpressoIDE_10.0.2_411\workspace\lpc_board_ea_devkit_4088\Release\liblpc_board_ea_devkit_4088.a(board.o)
 .rodata.IS42S32800D_config
                0x00001008       0x74 C:\Users\Test Bruger\Documents\MCUXpressoIDE_10.0.2_411\workspace\lpc_board_ea_devkit_4088\Release\liblpc_board_ea_devkit_4088.a(board_sysinit.o)
 .rodata.K9F1G_config
                0x0000107c       0x20 C:\Users\Test Bruger\Documents\MCUXpressoIDE_10.0.2_411\workspace\lpc_board_ea_devkit_4088\Release\liblpc_board_ea_devkit_4088.a(board_sysinit.o)
 .rodata.SST39VF320_config
                0x0000109c       0x20 C:\Users\Test Bruger\Documents\MCUXpressoIDE_10.0.2_411\workspace\lpc_board_ea_devkit_4088\Release\liblpc_board_ea_devkit_4088.a(board_sysinit.o)
 .rodata.pinmuxing
                0x000010bc       0x88 C:\Users\Test Bruger\Documents\MCUXpressoIDE_10.0.2_411\workspace\lpc_board_ea_devkit_4088\Release\liblpc_board_ea_devkit_4088.a(board_sysinit.o)
 .rodata.str1.1
                0x00001144        0x4 c:/nxp/mcuxpressoide_10.0.2_411/ide/tools/bin/../lib/gcc/arm-none-eabi/5.4.1/../../../../arm-none-eabi/lib/armv7e-m/softfp\libcr_c.a(initio.o)
 .rodata.__num_Ciob_streams
                0x00001148        0x4 c:/nxp/mcuxpressoide_10.0.2_411/ide/tools/bin/../lib/gcc/arm-none-eabi/5.4.1/../../../../arm-none-eabi/lib/armv7e-m/softfp\libcr_semihost_nf.a(__ciob.o)
                0x00001148                __num_Ciob_streams
                0x0000114c                . = ALIGN (0x4)

.glue_7         0x0000114c        0x0
 .glue_7        0x0000114c        0x0 linker stubs

.glue_7t        0x0000114c        0x0
 .glue_7t       0x0000114c        0x0 linker stubs

.vfp11_veneer   0x0000114c        0x0
 .vfp11_veneer  0x0000114c        0x0 linker stubs

.v4_bx          0x0000114c        0x0
 .v4_bx         0x0000114c        0x0 linker stubs

.iplt           0x0000114c        0x0
 .iplt          0x0000114c        0x0 ./example/src/LCD.o

.rel.dyn        0x0000114c        0x0
 .rel.iplt      0x0000114c        0x0 ./example/src/LCD.o

.ARM.extab
 *(.ARM.extab* .gnu.linkonce.armextab.*)
                0x0000114c                __exidx_start = .

.ARM.exidx
 *(.ARM.exidx* .gnu.linkonce.armexidx.*)
                0x0000114c                __exidx_end = .
                0x0000114c                _etext = .

.data_RAM2      0x20000000        0x0 load address 0x0000114c
 FILL mask 0xff
                [!provide]                PROVIDE (__start_data_RAM2, .)
 *(.ramfunc.$RAM2)
 *(.ramfunc.$RamPeriph32)
 *(.data.$RAM2*)
 *(.data.$RamPeriph32*)
                0x20000000                . = ALIGN (0x4)
                [!provide]                PROVIDE (__end_data_RAM2, .)

.uninit_RESERVED
                0x10000000        0x0
 *(.bss.$RESERVED*)
                0x10000000                . = ALIGN (0x4)
                0x10000000                _end_uninit_RESERVED = .

.data           0x10000000        0x0 load address 0x0000114c
 FILL mask 0xff
                0x10000000                _data = .
 *(vtable)
 *(.ramfunc*)
 *(.data*)
                0x10000000                . = ALIGN (0x4)
                0x10000000                _edata = .

.igot.plt       0x10000000        0x0 load address 0x0000114c
 .igot.plt      0x10000000        0x0 ./example/src/LCD.o

.bss_RAM2       0x20000000        0x0
                [!provide]                PROVIDE (__start_bss_RAM2, .)
 *(.bss.$RAM2*)
 *(.bss.$RamPeriph32*)
                0x20000000                . = ALIGN ((. != 0x0)?0x4:0x1)
                [!provide]                PROVIDE (__end_bss_RAM2, .)

.bss            0x10000000       0xbc
                0x10000000                _bss = .
 *(.bss*)
 .bss.errno     0x10000000        0x4 c:/nxp/mcuxpressoide_10.0.2_411/ide/tools/bin/../lib/gcc/arm-none-eabi/5.4.1/../../../../arm-none-eabi/lib/armv7e-m/softfp\libcr_c.a(errno.o)
                0x10000000                errno
 .bss.__Ciob    0x10000004       0xb4 c:/nxp/mcuxpressoide_10.0.2_411/ide/tools/bin/../lib/gcc/arm-none-eabi/5.4.1/../../../../arm-none-eabi/lib/armv7e-m/softfp\libcr_semihost_nf.a(__ciob.o)
                0x10000004                __Ciob
 *(COMMON)
 COMMON         0x100000b8        0x4 C:\Users\Test Bruger\Documents\MCUXpressoIDE_10.0.2_411\workspace\lpc_chip_40xx\Release\liblpc_chip_40xx.a(chip_17xx_40xx.o)
                0x100000b8                SystemCoreClock
                0x100000bc                . = ALIGN (0x4)
                0x100000bc                _ebss = .
                [!provide]                PROVIDE (end, .)

.noinit_RAM2    0x20000000        0x0
 *(.noinit.$RAM2*)
 *(.noinit.$RamPeriph32*)
                0x20000000                . = ALIGN (0x4)

.noinit         0x100000bc        0x0
                0x100000bc                _noinit = .
 *(.noinit*)
                0x100000bc                . = ALIGN (0x4)
                0x100000bc                _end_noinit = .
                0x100000bc                PROVIDE (_pvHeapStart, DEFINED (__user_heap_base)?__user_heap_base:.)
                0x10010000                PROVIDE (_vStackTop, DEFINED (__user_stack_top)?__user_stack_top:(__top_RamLoc64 - 0x0))
                [!provide]                PROVIDE (__valid_user_code_checksum, (0x0 - ((((((_vStackTop + (ResetISR + 0x1)) + (NMI_Handler + 0x1)) + (HardFault_Handler + 0x1)) + (DEFINED (MemManage_Handler)?MemManage_Handler:0x0 + 0x1)) + (DEFINED (BusFault_Handler)?BusFault_Handler:0x0 + 0x1)) + (DEFINED (UsageFault_Handler)?UsageFault_Handler:0x0 + 0x1))))
OUTPUT(lcd_driver_Tobias.axf elf32-littlearm)

.debug_info     0x00000000     0x8a38
 .debug_info    0x00000000      0xc14 ./example/src/LCD.o
 .debug_info    0x00000c14      0x29e ./example/src/cr_startup_lpc40xx.o
 .debug_info    0x00000eb2      0x174 ./example/src/main.o
 .debug_info    0x00001026      0x136 ./example/src/sysinit.o
 .debug_info    0x0000115c     0x3b7e C:\Users\Test Bruger\Documents\MCUXpressoIDE_10.0.2_411\workspace\lpc_board_ea_devkit_4088\Release\liblpc_board_ea_devkit_4088.a(board.o)
 .debug_info    0x00004cda      0xc07 C:\Users\Test Bruger\Documents\MCUXpressoIDE_10.0.2_411\workspace\lpc_board_ea_devkit_4088\Release\liblpc_board_ea_devkit_4088.a(board_sysinit.o)
 .debug_info    0x000058e1      0x669 C:\Users\Test Bruger\Documents\MCUXpressoIDE_10.0.2_411\workspace\lpc_chip_40xx\Release\liblpc_chip_40xx.a(chip_17xx_40xx.o)
 .debug_info    0x00005f4a      0xd04 C:\Users\Test Bruger\Documents\MCUXpressoIDE_10.0.2_411\workspace\lpc_chip_40xx\Release\liblpc_chip_40xx.a(clock_17xx_40xx.o)
 .debug_info    0x00006c4e      0xeb7 C:\Users\Test Bruger\Documents\MCUXpressoIDE_10.0.2_411\workspace\lpc_chip_40xx\Release\liblpc_chip_40xx.a(emc_17xx_40xx.o)
 .debug_info    0x00007b05      0x12b C:\Users\Test Bruger\Documents\MCUXpressoIDE_10.0.2_411\workspace\lpc_chip_40xx\Release\liblpc_chip_40xx.a(fpu_init.o)
 .debug_info    0x00007c30      0x213 C:\Users\Test Bruger\Documents\MCUXpressoIDE_10.0.2_411\workspace\lpc_chip_40xx\Release\liblpc_chip_40xx.a(iocon_17xx_40xx.o)
 .debug_info    0x00007e43      0x511 C:\Users\Test Bruger\Documents\MCUXpressoIDE_10.0.2_411\workspace\lpc_chip_40xx\Release\liblpc_chip_40xx.a(sysctl_17xx_40xx.o)
 .debug_info    0x00008354      0x6e4 C:\Users\Test Bruger\Documents\MCUXpressoIDE_10.0.2_411\workspace\lpc_chip_40xx\Release\liblpc_chip_40xx.a(sysinit_17xx_40xx.o)

.debug_abbrev   0x00000000     0x193e
 .debug_abbrev  0x00000000      0x21f ./example/src/LCD.o
 .debug_abbrev  0x0000021f      0x13e ./example/src/cr_startup_lpc40xx.o
 .debug_abbrev  0x0000035d       0xdb ./example/src/main.o
 .debug_abbrev  0x00000438       0xca ./example/src/sysinit.o
 .debug_abbrev  0x00000502      0x4b3 C:\Users\Test Bruger\Documents\MCUXpressoIDE_10.0.2_411\workspace\lpc_board_ea_devkit_4088\Release\liblpc_board_ea_devkit_4088.a(board.o)
 .debug_abbrev  0x000009b5      0x294 C:\Users\Test Bruger\Documents\MCUXpressoIDE_10.0.2_411\workspace\lpc_board_ea_devkit_4088\Release\liblpc_board_ea_devkit_4088.a(board_sysinit.o)
 .debug_abbrev  0x00000c49      0x1c2 C:\Users\Test Bruger\Documents\MCUXpressoIDE_10.0.2_411\workspace\lpc_chip_40xx\Release\liblpc_chip_40xx.a(chip_17xx_40xx.o)
 .debug_abbrev  0x00000e0b      0x35f C:\Users\Test Bruger\Documents\MCUXpressoIDE_10.0.2_411\workspace\lpc_chip_40xx\Release\liblpc_chip_40xx.a(clock_17xx_40xx.o)
 .debug_abbrev  0x0000116a      0x2a2 C:\Users\Test Bruger\Documents\MCUXpressoIDE_10.0.2_411\workspace\lpc_chip_40xx\Release\liblpc_chip_40xx.a(emc_17xx_40xx.o)
 .debug_abbrev  0x0000140c       0x9f C:\Users\Test Bruger\Documents\MCUXpressoIDE_10.0.2_411\workspace\lpc_chip_40xx\Release\liblpc_chip_40xx.a(fpu_init.o)
 .debug_abbrev  0x000014ab      0x151 C:\Users\Test Bruger\Documents\MCUXpressoIDE_10.0.2_411\workspace\lpc_chip_40xx\Release\liblpc_chip_40xx.a(iocon_17xx_40xx.o)
 .debug_abbrev  0x000015fc      0x157 C:\Users\Test Bruger\Documents\MCUXpressoIDE_10.0.2_411\workspace\lpc_chip_40xx\Release\liblpc_chip_40xx.a(sysctl_17xx_40xx.o)
 .debug_abbrev  0x00001753      0x1eb C:\Users\Test Bruger\Documents\MCUXpressoIDE_10.0.2_411\workspace\lpc_chip_40xx\Release\liblpc_chip_40xx.a(sysinit_17xx_40xx.o)

.debug_loc      0x00000000     0x3651
 .debug_loc     0x00000000      0x771 ./example/src/LCD.o
 .debug_loc     0x00000771      0x1a5 ./example/src/cr_startup_lpc40xx.o
 .debug_loc     0x00000916     0x2218 C:\Users\Test Bruger\Documents\MCUXpressoIDE_10.0.2_411\workspace\lpc_board_ea_devkit_4088\Release\liblpc_board_ea_devkit_4088.a(board.o)
 .debug_loc     0x00002b2e      0x192 C:\Users\Test Bruger\Documents\MCUXpressoIDE_10.0.2_411\workspace\lpc_board_ea_devkit_4088\Release\liblpc_board_ea_devkit_4088.a(board_sysinit.o)
 .debug_loc     0x00002cc0       0x14 C:\Users\Test Bruger\Documents\MCUXpressoIDE_10.0.2_411\workspace\lpc_chip_40xx\Release\liblpc_chip_40xx.a(chip_17xx_40xx.o)
 .debug_loc     0x00002cd4      0x4ca C:\Users\Test Bruger\Documents\MCUXpressoIDE_10.0.2_411\workspace\lpc_chip_40xx\Release\liblpc_chip_40xx.a(clock_17xx_40xx.o)
 .debug_loc     0x0000319e      0x337 C:\Users\Test Bruger\Documents\MCUXpressoIDE_10.0.2_411\workspace\lpc_chip_40xx\Release\liblpc_chip_40xx.a(emc_17xx_40xx.o)
 .debug_loc     0x000034d5       0x20 C:\Users\Test Bruger\Documents\MCUXpressoIDE_10.0.2_411\workspace\lpc_chip_40xx\Release\liblpc_chip_40xx.a(fpu_init.o)
 .debug_loc     0x000034f5       0x7c C:\Users\Test Bruger\Documents\MCUXpressoIDE_10.0.2_411\workspace\lpc_chip_40xx\Release\liblpc_chip_40xx.a(iocon_17xx_40xx.o)
 .debug_loc     0x00003571       0x90 C:\Users\Test Bruger\Documents\MCUXpressoIDE_10.0.2_411\workspace\lpc_chip_40xx\Release\liblpc_chip_40xx.a(sysctl_17xx_40xx.o)
 .debug_loc     0x00003601       0x50 C:\Users\Test Bruger\Documents\MCUXpressoIDE_10.0.2_411\workspace\lpc_chip_40xx\Release\liblpc_chip_40xx.a(sysinit_17xx_40xx.o)

.debug_aranges  0x00000000      0x4a8
 .debug_aranges
                0x00000000       0x90 ./example/src/LCD.o
 .debug_aranges
                0x00000090       0x80 ./example/src/cr_startup_lpc40xx.o
 .debug_aranges
                0x00000110       0x20 ./example/src/main.o
 .debug_aranges
                0x00000130       0x20 ./example/src/sysinit.o
 .debug_aranges
                0x00000150      0x120 C:\Users\Test Bruger\Documents\MCUXpressoIDE_10.0.2_411\workspace\lpc_board_ea_devkit_4088\Release\liblpc_board_ea_devkit_4088.a(board.o)
 .debug_aranges
                0x00000270       0x38 C:\Users\Test Bruger\Documents\MCUXpressoIDE_10.0.2_411\workspace\lpc_board_ea_devkit_4088\Release\liblpc_board_ea_devkit_4088.a(board_sysinit.o)
 .debug_aranges
                0x000002a8       0x28 C:\Users\Test Bruger\Documents\MCUXpressoIDE_10.0.2_411\workspace\lpc_chip_40xx\Release\liblpc_chip_40xx.a(chip_17xx_40xx.o)
 .debug_aranges
                0x000002d0       0xd8 C:\Users\Test Bruger\Documents\MCUXpressoIDE_10.0.2_411\workspace\lpc_chip_40xx\Release\liblpc_chip_40xx.a(clock_17xx_40xx.o)
 .debug_aranges
                0x000003a8       0x68 C:\Users\Test Bruger\Documents\MCUXpressoIDE_10.0.2_411\workspace\lpc_chip_40xx\Release\liblpc_chip_40xx.a(emc_17xx_40xx.o)
 .debug_aranges
                0x00000410       0x20 C:\Users\Test Bruger\Documents\MCUXpressoIDE_10.0.2_411\workspace\lpc_chip_40xx\Release\liblpc_chip_40xx.a(fpu_init.o)
 .debug_aranges
                0x00000430       0x20 C:\Users\Test Bruger\Documents\MCUXpressoIDE_10.0.2_411\workspace\lpc_chip_40xx\Release\liblpc_chip_40xx.a(iocon_17xx_40xx.o)
 .debug_aranges
                0x00000450       0x28 C:\Users\Test Bruger\Documents\MCUXpressoIDE_10.0.2_411\workspace\lpc_chip_40xx\Release\liblpc_chip_40xx.a(sysctl_17xx_40xx.o)
 .debug_aranges
                0x00000478       0x30 C:\Users\Test Bruger\Documents\MCUXpressoIDE_10.0.2_411\workspace\lpc_chip_40xx\Release\liblpc_chip_40xx.a(sysinit_17xx_40xx.o)

.debug_ranges   0x00000000      0x7b0
 .debug_ranges  0x00000000       0xc8 ./example/src/LCD.o
 .debug_ranges  0x000000c8       0x70 ./example/src/cr_startup_lpc40xx.o
 .debug_ranges  0x00000138       0x10 ./example/src/main.o
 .debug_ranges  0x00000148       0x10 ./example/src/sysinit.o
 .debug_ranges  0x00000158      0x390 C:\Users\Test Bruger\Documents\MCUXpressoIDE_10.0.2_411\workspace\lpc_board_ea_devkit_4088\Release\liblpc_board_ea_devkit_4088.a(board.o)
 .debug_ranges  0x000004e8       0x90 C:\Users\Test Bruger\Documents\MCUXpressoIDE_10.0.2_411\workspace\lpc_board_ea_devkit_4088\Release\liblpc_board_ea_devkit_4088.a(board_sysinit.o)
 .debug_ranges  0x00000578       0x18 C:\Users\Test Bruger\Documents\MCUXpressoIDE_10.0.2_411\workspace\lpc_chip_40xx\Release\liblpc_chip_40xx.a(chip_17xx_40xx.o)
 .debug_ranges  0x00000590      0x128 C:\Users\Test Bruger\Documents\MCUXpressoIDE_10.0.2_411\workspace\lpc_chip_40xx\Release\liblpc_chip_40xx.a(clock_17xx_40xx.o)
 .debug_ranges  0x000006b8       0x70 C:\Users\Test Bruger\Documents\MCUXpressoIDE_10.0.2_411\workspace\lpc_chip_40xx\Release\liblpc_chip_40xx.a(emc_17xx_40xx.o)
 .debug_ranges  0x00000728       0x10 C:\Users\Test Bruger\Documents\MCUXpressoIDE_10.0.2_411\workspace\lpc_chip_40xx\Release\liblpc_chip_40xx.a(fpu_init.o)
 .debug_ranges  0x00000738       0x10 C:\Users\Test Bruger\Documents\MCUXpressoIDE_10.0.2_411\workspace\lpc_chip_40xx\Release\liblpc_chip_40xx.a(iocon_17xx_40xx.o)
 .debug_ranges  0x00000748       0x18 C:\Users\Test Bruger\Documents\MCUXpressoIDE_10.0.2_411\workspace\lpc_chip_40xx\Release\liblpc_chip_40xx.a(sysctl_17xx_40xx.o)
 .debug_ranges  0x00000760       0x50 C:\Users\Test Bruger\Documents\MCUXpressoIDE_10.0.2_411\workspace\lpc_chip_40xx\Release\liblpc_chip_40xx.a(sysinit_17xx_40xx.o)

.debug_line     0x00000000     0x1deb
 .debug_line    0x00000000      0x314 ./example/src/LCD.o
 .debug_line    0x00000314       0x95 ./example/src/cr_startup_lpc40xx.o
 .debug_line    0x000003a9      0x173 ./example/src/main.o
 .debug_line    0x0000051c      0x17d ./example/src/sysinit.o
 .debug_line    0x00000699      0x7fa C:\Users\Test Bruger\Documents\MCUXpressoIDE_10.0.2_411\workspace\lpc_board_ea_devkit_4088\Release\liblpc_board_ea_devkit_4088.a(board.o)
 .debug_line    0x00000e93      0x254 C:\Users\Test Bruger\Documents\MCUXpressoIDE_10.0.2_411\workspace\lpc_board_ea_devkit_4088\Release\liblpc_board_ea_devkit_4088.a(board_sysinit.o)
 .debug_line    0x000010e7      0x187 C:\Users\Test Bruger\Documents\MCUXpressoIDE_10.0.2_411\workspace\lpc_chip_40xx\Release\liblpc_chip_40xx.a(chip_17xx_40xx.o)
 .debug_line    0x0000126e      0x3b1 C:\Users\Test Bruger\Documents\MCUXpressoIDE_10.0.2_411\workspace\lpc_chip_40xx\Release\liblpc_chip_40xx.a(clock_17xx_40xx.o)
 .debug_line    0x0000161f      0x299 C:\Users\Test Bruger\Documents\MCUXpressoIDE_10.0.2_411\workspace\lpc_chip_40xx\Release\liblpc_chip_40xx.a(emc_17xx_40xx.o)
 .debug_line    0x000018b8       0xfe C:\Users\Test Bruger\Documents\MCUXpressoIDE_10.0.2_411\workspace\lpc_chip_40xx\Release\liblpc_chip_40xx.a(fpu_init.o)
 .debug_line    0x000019b6      0x129 C:\Users\Test Bruger\Documents\MCUXpressoIDE_10.0.2_411\workspace\lpc_chip_40xx\Release\liblpc_chip_40xx.a(iocon_17xx_40xx.o)
 .debug_line    0x00001adf      0x124 C:\Users\Test Bruger\Documents\MCUXpressoIDE_10.0.2_411\workspace\lpc_chip_40xx\Release\liblpc_chip_40xx.a(sysctl_17xx_40xx.o)
 .debug_line    0x00001c03      0x1e8 C:\Users\Test Bruger\Documents\MCUXpressoIDE_10.0.2_411\workspace\lpc_chip_40xx\Release\liblpc_chip_40xx.a(sysinit_17xx_40xx.o)

.debug_str      0x00000000     0x2a99
 .debug_str     0x00000000      0x64e ./example/src/LCD.o
                                0x699 (size before relaxing)
 .debug_str     0x0000064e      0x190 ./example/src/cr_startup_lpc40xx.o
                                0x300 (size before relaxing)
 .debug_str     0x000007de       0x37 ./example/src/main.o
                                0x27f (size before relaxing)
 .debug_str     0x00000815       0x32 ./example/src/sysinit.o
                                0x271 (size before relaxing)
 .debug_str     0x00000847      0xe4d C:\Users\Test Bruger\Documents\MCUXpressoIDE_10.0.2_411\workspace\lpc_board_ea_devkit_4088\Release\liblpc_board_ea_devkit_4088.a(board.o)
                               0x140e (size before relaxing)
 .debug_str     0x00001694      0x718 C:\Users\Test Bruger\Documents\MCUXpressoIDE_10.0.2_411\workspace\lpc_board_ea_devkit_4088\Release\liblpc_board_ea_devkit_4088.a(board_sysinit.o)
                                0xe82 (size before relaxing)
 .debug_str     0x00001dac      0x16a C:\Users\Test Bruger\Documents\MCUXpressoIDE_10.0.2_411\workspace\lpc_chip_40xx\Release\liblpc_chip_40xx.a(chip_17xx_40xx.o)
                                0x95e (size before relaxing)
 .debug_str     0x00001f16      0x5a7 C:\Users\Test Bruger\Documents\MCUXpressoIDE_10.0.2_411\workspace\lpc_chip_40xx\Release\liblpc_chip_40xx.a(clock_17xx_40xx.o)
                                0xd96 (size before relaxing)
 .debug_str     0x000024bd      0x444 C:\Users\Test Bruger\Documents\MCUXpressoIDE_10.0.2_411\workspace\lpc_chip_40xx\Release\liblpc_chip_40xx.a(emc_17xx_40xx.o)
                                0x93c (size before relaxing)
 .debug_str     0x00002901       0x38 C:\Users\Test Bruger\Documents\MCUXpressoIDE_10.0.2_411\workspace\lpc_chip_40xx\Release\liblpc_chip_40xx.a(fpu_init.o)
                                0x23c (size before relaxing)
 .debug_str     0x00002939       0x2e C:\Users\Test Bruger\Documents\MCUXpressoIDE_10.0.2_411\workspace\lpc_chip_40xx\Release\liblpc_chip_40xx.a(iocon_17xx_40xx.o)
                                0x2a6 (size before relaxing)
 .debug_str     0x00002967       0x6f C:\Users\Test Bruger\Documents\MCUXpressoIDE_10.0.2_411\workspace\lpc_chip_40xx\Release\liblpc_chip_40xx.a(sysctl_17xx_40xx.o)
                                0x699 (size before relaxing)
 .debug_str     0x000029d6       0xc3 C:\Users\Test Bruger\Documents\MCUXpressoIDE_10.0.2_411\workspace\lpc_chip_40xx\Release\liblpc_chip_40xx.a(sysinit_17xx_40xx.o)
                                0x5e8 (size before relaxing)

.comment        0x00000000       0x6e
 .comment       0x00000000       0x6e ./example/src/LCD.o
                                 0x6f (size before relaxing)
 .comment       0x0000006e       0x6f ./example/src/cr_startup_lpc40xx.o
 .comment       0x0000006e       0x6f ./example/src/main.o
 .comment       0x0000006e       0x6f ./example/src/sysinit.o
 .comment       0x0000006e       0x6f C:\Users\Test Bruger\Documents\MCUXpressoIDE_10.0.2_411\workspace\lpc_board_ea_devkit_4088\Release\liblpc_board_ea_devkit_4088.a(board.o)
 .comment       0x0000006e       0x6f C:\Users\Test Bruger\Documents\MCUXpressoIDE_10.0.2_411\workspace\lpc_board_ea_devkit_4088\Release\liblpc_board_ea_devkit_4088.a(board_sysinit.o)
 .comment       0x0000006e       0x6f C:\Users\Test Bruger\Documents\MCUXpressoIDE_10.0.2_411\workspace\lpc_chip_40xx\Release\liblpc_chip_40xx.a(chip_17xx_40xx.o)
 .comment       0x0000006e       0x6f C:\Users\Test Bruger\Documents\MCUXpressoIDE_10.0.2_411\workspace\lpc_chip_40xx\Release\liblpc_chip_40xx.a(clock_17xx_40xx.o)
 .comment       0x0000006e       0x6f C:\Users\Test Bruger\Documents\MCUXpressoIDE_10.0.2_411\workspace\lpc_chip_40xx\Release\liblpc_chip_40xx.a(emc_17xx_40xx.o)
 .comment       0x0000006e       0x6f C:\Users\Test Bruger\Documents\MCUXpressoIDE_10.0.2_411\workspace\lpc_chip_40xx\Release\liblpc_chip_40xx.a(fpu_init.o)
 .comment       0x0000006e       0x6f C:\Users\Test Bruger\Documents\MCUXpressoIDE_10.0.2_411\workspace\lpc_chip_40xx\Release\liblpc_chip_40xx.a(iocon_17xx_40xx.o)
 .comment       0x0000006e       0x6f C:\Users\Test Bruger\Documents\MCUXpressoIDE_10.0.2_411\workspace\lpc_chip_40xx\Release\liblpc_chip_40xx.a(sysctl_17xx_40xx.o)
 .comment       0x0000006e       0x6f C:\Users\Test Bruger\Documents\MCUXpressoIDE_10.0.2_411\workspace\lpc_chip_40xx\Release\liblpc_chip_40xx.a(sysinit_17xx_40xx.o)
 .comment       0x0000006e       0x6f c:/nxp/mcuxpressoide_10.0.2_411/ide/tools/bin/../lib/gcc/arm-none-eabi/5.4.1/../../../../arm-none-eabi/lib/armv7e-m/softfp\libcr_semihost_nf.a(_cr__main.o)
 .comment       0x0000006e       0x6f c:/nxp/mcuxpressoide_10.0.2_411/ide/tools/bin/../lib/gcc/arm-none-eabi/5.4.1/../../../../arm-none-eabi/lib/armv7e-m/softfp\libcr_c.a(memset.o)
 .comment       0x0000006e       0x6f c:/nxp/mcuxpressoide_10.0.2_411/ide/tools/bin/../lib/gcc/arm-none-eabi/5.4.1/../../../../arm-none-eabi/lib/armv7e-m/softfp\libcr_c.a(cr_clock.o)
 .comment       0x0000006e       0x6f c:/nxp/mcuxpressoide_10.0.2_411/ide/tools/bin/../lib/gcc/arm-none-eabi/5.4.1/../../../../arm-none-eabi/lib/armv7e-m/softfp\libcr_c.a(initio.o)
 .comment       0x0000006e       0x6f c:/nxp/mcuxpressoide_10.0.2_411/ide/tools/bin/../lib/gcc/arm-none-eabi/5.4.1/../../../../arm-none-eabi/lib/armv7e-m/softfp\libcr_c.a(setvbuf.o)
 .comment       0x0000006e       0x6f c:/nxp/mcuxpressoide_10.0.2_411/ide/tools/bin/../lib/gcc/arm-none-eabi/5.4.1/../../../../arm-none-eabi/lib/armv7e-m/softfp\libcr_c.a(_fdopen.o)
 .comment       0x0000006e       0x6f c:/nxp/mcuxpressoide_10.0.2_411/ide/tools/bin/../lib/gcc/arm-none-eabi/5.4.1/../../../../arm-none-eabi/lib/armv7e-m/softfp\libcr_c.a(fclose.o)
 .comment       0x0000006e       0x6f c:/nxp/mcuxpressoide_10.0.2_411/ide/tools/bin/../lib/gcc/arm-none-eabi/5.4.1/../../../../arm-none-eabi/lib/armv7e-m/softfp\libcr_c.a(fflush.o)
 .comment       0x0000006e       0x6f c:/nxp/mcuxpressoide_10.0.2_411/ide/tools/bin/../lib/gcc/arm-none-eabi/5.4.1/../../../../arm-none-eabi/lib/armv7e-m/softfp\libcr_c.a(fseek.o)
 .comment       0x0000006e       0x6f c:/nxp/mcuxpressoide_10.0.2_411/ide/tools/bin/../lib/gcc/arm-none-eabi/5.4.1/../../../../arm-none-eabi/lib/armv7e-m/softfp\libcr_c.a(ftell.o)
 .comment       0x0000006e       0x6f c:/nxp/mcuxpressoide_10.0.2_411/ide/tools/bin/../lib/gcc/arm-none-eabi/5.4.1/../../../../arm-none-eabi/lib/armv7e-m/softfp\libcr_c.a(remove.o)
 .comment       0x0000006e       0x6f c:/nxp/mcuxpressoide_10.0.2_411/ide/tools/bin/../lib/gcc/arm-none-eabi/5.4.1/../../../../arm-none-eabi/lib/armv7e-m/softfp\libcr_c.a(strlen.o)
 .comment       0x0000006e       0x6f c:/nxp/mcuxpressoide_10.0.2_411/ide/tools/bin/../lib/gcc/arm-none-eabi/5.4.1/../../../../arm-none-eabi/lib/armv7e-m/softfp\libcr_c.a(_do_fflush.o)
 .comment       0x0000006e       0x6f c:/nxp/mcuxpressoide_10.0.2_411/ide/tools/bin/../lib/gcc/arm-none-eabi/5.4.1/../../../../arm-none-eabi/lib/armv7e-m/softfp\libcr_c.a(_fflush.o)
 .comment       0x0000006e       0x6f c:/nxp/mcuxpressoide_10.0.2_411/ide/tools/bin/../lib/gcc/arm-none-eabi/5.4.1/../../../../arm-none-eabi/lib/armv7e-m/softfp\libcr_c.a(_writebuf.o)
 .comment       0x0000006e       0x6f c:/nxp/mcuxpressoide_10.0.2_411/ide/tools/bin/../lib/gcc/arm-none-eabi/5.4.1/../../../../arm-none-eabi/lib/armv7e-m/softfp\libcr_c.a(alloc.o)
 .comment       0x0000006e       0x6f c:/nxp/mcuxpressoide_10.0.2_411/ide/tools/bin/../lib/gcc/arm-none-eabi/5.4.1/../../../../arm-none-eabi/lib/armv7e-m/softfp\libcr_c.a(errno.o)
 .comment       0x0000006e       0x6f c:/nxp/mcuxpressoide_10.0.2_411/ide/tools/bin/../lib/gcc/arm-none-eabi/5.4.1/../../../../arm-none-eabi/lib/armv7e-m/softfp\libcr_c.a(_deferredlazyseek.o)
 .comment       0x0000006e       0x6f c:/nxp/mcuxpressoide_10.0.2_411/ide/tools/bin/../lib/gcc/arm-none-eabi/5.4.1/../../../../arm-none-eabi/lib/armv7e-m/softfp\libcr_semihost_nf.a(__ciob.o)

.ARM.attributes
                0x00000000       0x35
 .ARM.attributes
                0x00000000       0x37 ./example/src/LCD.o
 .ARM.attributes
                0x00000037       0x37 ./example/src/cr_startup_lpc40xx.o
 .ARM.attributes
                0x0000006e       0x37 ./example/src/main.o
 .ARM.attributes
                0x000000a5       0x37 ./example/src/sysinit.o
 .ARM.attributes
                0x000000dc       0x37 C:\Users\Test Bruger\Documents\MCUXpressoIDE_10.0.2_411\workspace\lpc_board_ea_devkit_4088\Release\liblpc_board_ea_devkit_4088.a(board.o)
 .ARM.attributes
                0x00000113       0x37 C:\Users\Test Bruger\Documents\MCUXpressoIDE_10.0.2_411\workspace\lpc_board_ea_devkit_4088\Release\liblpc_board_ea_devkit_4088.a(board_sysinit.o)
 .ARM.attributes
                0x0000014a       0x37 C:\Users\Test Bruger\Documents\MCUXpressoIDE_10.0.2_411\workspace\lpc_chip_40xx\Release\liblpc_chip_40xx.a(chip_17xx_40xx.o)
 .ARM.attributes
                0x00000181       0x37 C:\Users\Test Bruger\Documents\MCUXpressoIDE_10.0.2_411\workspace\lpc_chip_40xx\Release\liblpc_chip_40xx.a(clock_17xx_40xx.o)
 .ARM.attributes
                0x000001b8       0x37 C:\Users\Test Bruger\Documents\MCUXpressoIDE_10.0.2_411\workspace\lpc_chip_40xx\Release\liblpc_chip_40xx.a(emc_17xx_40xx.o)
 .ARM.attributes
                0x000001ef       0x37 C:\Users\Test Bruger\Documents\MCUXpressoIDE_10.0.2_411\workspace\lpc_chip_40xx\Release\liblpc_chip_40xx.a(fpu_init.o)
 .ARM.attributes
                0x00000226       0x37 C:\Users\Test Bruger\Documents\MCUXpressoIDE_10.0.2_411\workspace\lpc_chip_40xx\Release\liblpc_chip_40xx.a(iocon_17xx_40xx.o)
 .ARM.attributes
                0x0000025d       0x37 C:\Users\Test Bruger\Documents\MCUXpressoIDE_10.0.2_411\workspace\lpc_chip_40xx\Release\liblpc_chip_40xx.a(sysctl_17xx_40xx.o)
 .ARM.attributes
                0x00000294       0x37 C:\Users\Test Bruger\Documents\MCUXpressoIDE_10.0.2_411\workspace\lpc_chip_40xx\Release\liblpc_chip_40xx.a(sysinit_17xx_40xx.o)
 .ARM.attributes
                0x000002cb       0x37 c:/nxp/mcuxpressoide_10.0.2_411/ide/tools/bin/../lib/gcc/arm-none-eabi/5.4.1/../../../../arm-none-eabi/lib/armv7e-m/softfp\libcr_semihost_nf.a(_cr__main.o)
 .ARM.attributes
                0x00000302       0x37 c:/nxp/mcuxpressoide_10.0.2_411/ide/tools/bin/../lib/gcc/arm-none-eabi/5.4.1/../../../../arm-none-eabi/lib/armv7e-m/softfp\libcr_c.a(memset.o)
 .ARM.attributes
                0x00000339       0x37 c:/nxp/mcuxpressoide_10.0.2_411/ide/tools/bin/../lib/gcc/arm-none-eabi/5.4.1/../../../../arm-none-eabi/lib/armv7e-m/softfp\libcr_c.a(cr_clock.o)
 .ARM.attributes
                0x00000370       0x37 c:/nxp/mcuxpressoide_10.0.2_411/ide/tools/bin/../lib/gcc/arm-none-eabi/5.4.1/../../../../arm-none-eabi/lib/armv7e-m/softfp\libcr_c.a(initio.o)
 .ARM.attributes
                0x000003a7       0x37 c:/nxp/mcuxpressoide_10.0.2_411/ide/tools/bin/../lib/gcc/arm-none-eabi/5.4.1/../../../../arm-none-eabi/lib/armv7e-m/softfp\libcr_c.a(setvbuf.o)
 .ARM.attributes
                0x000003de       0x37 c:/nxp/mcuxpressoide_10.0.2_411/ide/tools/bin/../lib/gcc/arm-none-eabi/5.4.1/../../../../arm-none-eabi/lib/armv7e-m/softfp\libcr_c.a(_fdopen.o)
 .ARM.attributes
                0x00000415       0x37 c:/nxp/mcuxpressoide_10.0.2_411/ide/tools/bin/../lib/gcc/arm-none-eabi/5.4.1/../../../../arm-none-eabi/lib/armv7e-m/softfp\libcr_c.a(fclose.o)
 .ARM.attributes
                0x0000044c       0x37 c:/nxp/mcuxpressoide_10.0.2_411/ide/tools/bin/../lib/gcc/arm-none-eabi/5.4.1/../../../../arm-none-eabi/lib/armv7e-m/softfp\libcr_c.a(fflush.o)
 .ARM.attributes
                0x00000483       0x37 c:/nxp/mcuxpressoide_10.0.2_411/ide/tools/bin/../lib/gcc/arm-none-eabi/5.4.1/../../../../arm-none-eabi/lib/armv7e-m/softfp\libcr_c.a(fseek.o)
 .ARM.attributes
                0x000004ba       0x37 c:/nxp/mcuxpressoide_10.0.2_411/ide/tools/bin/../lib/gcc/arm-none-eabi/5.4.1/../../../../arm-none-eabi/lib/armv7e-m/softfp\libcr_c.a(ftell.o)
 .ARM.attributes
                0x000004f1       0x37 c:/nxp/mcuxpressoide_10.0.2_411/ide/tools/bin/../lib/gcc/arm-none-eabi/5.4.1/../../../../arm-none-eabi/lib/armv7e-m/softfp\libcr_c.a(remove.o)
 .ARM.attributes
                0x00000528       0x37 c:/nxp/mcuxpressoide_10.0.2_411/ide/tools/bin/../lib/gcc/arm-none-eabi/5.4.1/../../../../arm-none-eabi/lib/armv7e-m/softfp\libcr_c.a(strlen.o)
 .ARM.attributes
                0x0000055f       0x37 c:/nxp/mcuxpressoide_10.0.2_411/ide/tools/bin/../lib/gcc/arm-none-eabi/5.4.1/../../../../arm-none-eabi/lib/armv7e-m/softfp\libcr_c.a(_do_fflush.o)
 .ARM.attributes
                0x00000596       0x37 c:/nxp/mcuxpressoide_10.0.2_411/ide/tools/bin/../lib/gcc/arm-none-eabi/5.4.1/../../../../arm-none-eabi/lib/armv7e-m/softfp\libcr_c.a(_fflush.o)
 .ARM.attributes
                0x000005cd       0x37 c:/nxp/mcuxpressoide_10.0.2_411/ide/tools/bin/../lib/gcc/arm-none-eabi/5.4.1/../../../../arm-none-eabi/lib/armv7e-m/softfp\libcr_c.a(_writebuf.o)
 .ARM.attributes
                0x00000604       0x37 c:/nxp/mcuxpressoide_10.0.2_411/ide/tools/bin/../lib/gcc/arm-none-eabi/5.4.1/../../../../arm-none-eabi/lib/armv7e-m/softfp\libcr_c.a(alloc.o)
 .ARM.attributes
                0x0000063b       0x37 c:/nxp/mcuxpressoide_10.0.2_411/ide/tools/bin/../lib/gcc/arm-none-eabi/5.4.1/../../../../arm-none-eabi/lib/armv7e-m/softfp\libcr_c.a(errno.o)
 .ARM.attributes
                0x00000672       0x37 c:/nxp/mcuxpressoide_10.0.2_411/ide/tools/bin/../lib/gcc/arm-none-eabi/5.4.1/../../../../arm-none-eabi/lib/armv7e-m/softfp\libcr_c.a(_deferredlazyseek.o)
 .ARM.attributes
                0x000006a9       0x25 c:/nxp/mcuxpressoide_10.0.2_411/ide/tools/bin/../lib/gcc/arm-none-eabi/5.4.1/armv7e-m/softfp\libcr_eabihelpers.a(memcpy.o)
 .ARM.attributes
                0x000006ce       0x37 c:/nxp/mcuxpressoide_10.0.2_411/ide/tools/bin/../lib/gcc/arm-none-eabi/5.4.1/../../../../arm-none-eabi/lib/armv7e-m/softfp\libcr_semihost_nf.a(__ciob.o)
 .ARM.attributes
                0x00000705       0x25 c:/nxp/mcuxpressoide_10.0.2_411/ide/tools/bin/../lib/gcc/arm-none-eabi/5.4.1/../../../../arm-none-eabi/lib/armv7e-m/softfp\libcr_semihost_nf.a(__sys_clock.o)
 .ARM.attributes
                0x0000072a       0x25 c:/nxp/mcuxpressoide_10.0.2_411/ide/tools/bin/../lib/gcc/arm-none-eabi/5.4.1/../../../../arm-none-eabi/lib/armv7e-m/softfp\libcr_semihost_nf.a(__sys_close.o)
 .ARM.attributes
                0x0000074f       0x25 c:/nxp/mcuxpressoide_10.0.2_411/ide/tools/bin/../lib/gcc/arm-none-eabi/5.4.1/../../../../arm-none-eabi/lib/armv7e-m/softfp\libcr_semihost_nf.a(__sys_flen.o)
 .ARM.attributes
                0x00000774       0x25 c:/nxp/mcuxpressoide_10.0.2_411/ide/tools/bin/../lib/gcc/arm-none-eabi/5.4.1/../../../../arm-none-eabi/lib/armv7e-m/softfp\libcr_semihost_nf.a(__sys_istty.o)
 .ARM.attributes
                0x00000799       0x25 c:/nxp/mcuxpressoide_10.0.2_411/ide/tools/bin/../lib/gcc/arm-none-eabi/5.4.1/../../../../arm-none-eabi/lib/armv7e-m/softfp\libcr_semihost_nf.a(__sys_remove.o)
 .ARM.attributes
                0x000007be       0x25 c:/nxp/mcuxpressoide_10.0.2_411/ide/tools/bin/../lib/gcc/arm-none-eabi/5.4.1/../../../../arm-none-eabi/lib/armv7e-m/softfp\libcr_semihost_nf.a(__sys_seek.o)
 .ARM.attributes
                0x000007e3       0x25 c:/nxp/mcuxpressoide_10.0.2_411/ide/tools/bin/../lib/gcc/arm-none-eabi/5.4.1/../../../../arm-none-eabi/lib/armv7e-m/softfp\libcr_semihost_nf.a(__sys_tmpnam.o)
 .ARM.attributes
                0x00000808       0x25 c:/nxp/mcuxpressoide_10.0.2_411/ide/tools/bin/../lib/gcc/arm-none-eabi/5.4.1/../../../../arm-none-eabi/lib/armv7e-m/softfp\libcr_semihost_nf.a(__sys_write.o)

.debug_frame    0x00000000      0x9dc
 .debug_frame   0x00000000      0x170 ./example/src/LCD.o
 .debug_frame   0x00000170       0xfc ./example/src/cr_startup_lpc40xx.o
 .debug_frame   0x0000026c       0x28 ./example/src/main.o
 .debug_frame   0x00000294       0x2c ./example/src/sysinit.o
 .debug_frame   0x000002c0      0x2c8 C:\Users\Test Bruger\Documents\MCUXpressoIDE_10.0.2_411\workspace\lpc_board_ea_devkit_4088\Release\liblpc_board_ea_devkit_4088.a(board.o)
 .debug_frame   0x00000588       0x80 C:\Users\Test Bruger\Documents\MCUXpressoIDE_10.0.2_411\workspace\lpc_board_ea_devkit_4088\Release\liblpc_board_ea_devkit_4088.a(board_sysinit.o)
 .debug_frame   0x00000608       0x44 C:\Users\Test Bruger\Documents\MCUXpressoIDE_10.0.2_411\workspace\lpc_chip_40xx\Release\liblpc_chip_40xx.a(chip_17xx_40xx.o)
 .debug_frame   0x0000064c      0x1d0 C:\Users\Test Bruger\Documents\MCUXpressoIDE_10.0.2_411\workspace\lpc_chip_40xx\Release\liblpc_chip_40xx.a(clock_17xx_40xx.o)
 .debug_frame   0x0000081c       0xe4 C:\Users\Test Bruger\Documents\MCUXpressoIDE_10.0.2_411\workspace\lpc_chip_40xx\Release\liblpc_chip_40xx.a(emc_17xx_40xx.o)
 .debug_frame   0x00000900       0x28 C:\Users\Test Bruger\Documents\MCUXpressoIDE_10.0.2_411\workspace\lpc_chip_40xx\Release\liblpc_chip_40xx.a(fpu_init.o)
 .debug_frame   0x00000928       0x2c C:\Users\Test Bruger\Documents\MCUXpressoIDE_10.0.2_411\workspace\lpc_chip_40xx\Release\liblpc_chip_40xx.a(iocon_17xx_40xx.o)
 .debug_frame   0x00000954       0x30 C:\Users\Test Bruger\Documents\MCUXpressoIDE_10.0.2_411\workspace\lpc_chip_40xx\Release\liblpc_chip_40xx.a(sysctl_17xx_40xx.o)
 .debug_frame   0x00000984       0x58 C:\Users\Test Bruger\Documents\MCUXpressoIDE_10.0.2_411\workspace\lpc_chip_40xx\Release\liblpc_chip_40xx.a(sysinit_17xx_40xx.o)
