Archive member included to satisfy reference by file (symbol)

C:\Users\Test Bruger\Documents\MCUXpressoIDE_10.0.2_411\workspace\lpc_board_ea_devkit_4088\Release\liblpc_board_ea_devkit_4088.a(board.o)
                              ./example/src/main.o (Board_Init)
C:\Users\Test Bruger\Documents\MCUXpressoIDE_10.0.2_411\workspace\lpc_board_ea_devkit_4088\Release\liblpc_board_ea_devkit_4088.a(board_sysinit.o)
                              ./example/src/sysinit.o (Board_SystemInit)
C:\Users\Test Bruger\Documents\MCUXpressoIDE_10.0.2_411\workspace\lpc_board_ea_devkit_4088\Release\liblpc_board_ea_devkit_4088.a(uda1380.o)
                              C:\Users\Test Bruger\Documents\MCUXpressoIDE_10.0.2_411\workspace\lpc_board_ea_devkit_4088\Release\liblpc_board_ea_devkit_4088.a(board.o) (UDA1380_Init)
C:\Users\Test Bruger\Documents\MCUXpressoIDE_10.0.2_411\workspace\lpc_chip_40xx\Release\liblpc_chip_40xx.a(chip_17xx_40xx.o)
                              ./example/src/main.o (SystemCoreClockUpdate)
C:\Users\Test Bruger\Documents\MCUXpressoIDE_10.0.2_411\workspace\lpc_chip_40xx\Release\liblpc_chip_40xx.a(clock_17xx_40xx.o)
                              C:\Users\Test Bruger\Documents\MCUXpressoIDE_10.0.2_411\workspace\lpc_chip_40xx\Release\liblpc_chip_40xx.a(chip_17xx_40xx.o) (Chip_Clock_SetupPLL)
C:\Users\Test Bruger\Documents\MCUXpressoIDE_10.0.2_411\workspace\lpc_chip_40xx\Release\liblpc_chip_40xx.a(emc_17xx_40xx.o)
                              C:\Users\Test Bruger\Documents\MCUXpressoIDE_10.0.2_411\workspace\lpc_board_ea_devkit_4088\Release\liblpc_board_ea_devkit_4088.a(board_sysinit.o) (Chip_EMC_Dynamic_Init)
C:\Users\Test Bruger\Documents\MCUXpressoIDE_10.0.2_411\workspace\lpc_chip_40xx\Release\liblpc_chip_40xx.a(fpu_init.o)
                              ./example/src/sysinit.o (fpuInit)
C:\Users\Test Bruger\Documents\MCUXpressoIDE_10.0.2_411\workspace\lpc_chip_40xx\Release\liblpc_chip_40xx.a(i2c_17xx_40xx.o)
                              C:\Users\Test Bruger\Documents\MCUXpressoIDE_10.0.2_411\workspace\lpc_board_ea_devkit_4088\Release\liblpc_board_ea_devkit_4088.a(uda1380.o) (Chip_I2C_Init)
C:\Users\Test Bruger\Documents\MCUXpressoIDE_10.0.2_411\workspace\lpc_chip_40xx\Release\liblpc_chip_40xx.a(i2s_17xx_40xx.o)
                              C:\Users\Test Bruger\Documents\MCUXpressoIDE_10.0.2_411\workspace\lpc_board_ea_devkit_4088\Release\liblpc_board_ea_devkit_4088.a(board.o) (Chip_I2S_Init)
C:\Users\Test Bruger\Documents\MCUXpressoIDE_10.0.2_411\workspace\lpc_chip_40xx\Release\liblpc_chip_40xx.a(iocon_17xx_40xx.o)
                              C:\Users\Test Bruger\Documents\MCUXpressoIDE_10.0.2_411\workspace\lpc_board_ea_devkit_4088\Release\liblpc_board_ea_devkit_4088.a(board_sysinit.o) (Chip_IOCON_SetPinMuxing)
C:\Users\Test Bruger\Documents\MCUXpressoIDE_10.0.2_411\workspace\lpc_chip_40xx\Release\liblpc_chip_40xx.a(ssp_17xx_40xx.o)
                              C:\Users\Test Bruger\Documents\MCUXpressoIDE_10.0.2_411\workspace\lpc_board_ea_devkit_4088\Release\liblpc_board_ea_devkit_4088.a(board.o) (Chip_SSP_WriteFrames_Blocking)
C:\Users\Test Bruger\Documents\MCUXpressoIDE_10.0.2_411\workspace\lpc_chip_40xx\Release\liblpc_chip_40xx.a(sysctl_17xx_40xx.o)
                              C:\Users\Test Bruger\Documents\MCUXpressoIDE_10.0.2_411\workspace\lpc_board_ea_devkit_4088\Release\liblpc_board_ea_devkit_4088.a(board_sysinit.o) (Chip_SYSCTL_PeriphReset)
C:\Users\Test Bruger\Documents\MCUXpressoIDE_10.0.2_411\workspace\lpc_chip_40xx\Release\liblpc_chip_40xx.a(sysinit_17xx_40xx.o)
                              C:\Users\Test Bruger\Documents\MCUXpressoIDE_10.0.2_411\workspace\lpc_board_ea_devkit_4088\Release\liblpc_board_ea_devkit_4088.a(board_sysinit.o) (Chip_SetupXtalClocking)
c:/nxp/mcuxpressoide_10.0.2_411/ide/tools/bin/../lib/gcc/arm-none-eabi/5.4.1/../../../../arm-none-eabi/lib/armv7e-m/softfp\libcr_semihost_nf.a(_cr__main.o)
                              ./example/src/cr_startup_lpc40xx.o (__main)
c:/nxp/mcuxpressoide_10.0.2_411/ide/tools/bin/../lib/gcc/arm-none-eabi/5.4.1/../../../../arm-none-eabi/lib/armv7e-m/softfp\libcr_c.a(memcpy.o)
                              C:\Users\Test Bruger\Documents\MCUXpressoIDE_10.0.2_411\workspace\lpc_board_ea_devkit_4088\Release\liblpc_board_ea_devkit_4088.a(board.o) (memcpy)
c:/nxp/mcuxpressoide_10.0.2_411/ide/tools/bin/../lib/gcc/arm-none-eabi/5.4.1/../../../../arm-none-eabi/lib/armv7e-m/softfp\libcr_c.a(memset.o)
                              C:\Users\Test Bruger\Documents\MCUXpressoIDE_10.0.2_411\workspace\lpc_chip_40xx\Release\liblpc_chip_40xx.a(i2c_17xx_40xx.o) (memset)
c:/nxp/mcuxpressoide_10.0.2_411/ide/tools/bin/../lib/gcc/arm-none-eabi/5.4.1/../../../../arm-none-eabi/lib/armv7e-m/softfp\libcr_c.a(initio.o)
                              c:/nxp/mcuxpressoide_10.0.2_411/ide/tools/bin/../lib/gcc/arm-none-eabi/5.4.1/../../../../arm-none-eabi/lib/armv7e-m/softfp\libcr_semihost_nf.a(_cr__main.o) (_initio)
[...]
Memory Configuration

Name             Origin             Length             Attributes
MFlash512        0x00000000         0x00080000         xr
RamLoc64         0x10000000         0x00010000         xrw
RamPeriph32      0x20000000         0x00008000         xrw
*default*        0x00000000         0xffffffff

Linker script and memory map

LOAD ./example/src/LCD.o
LOAD ./example/src/cr_startup_lpc40xx.o
LOAD ./example/src/main.o
LOAD ./example/src/sysinit.o
LOAD C:\Users\Test Bruger\Documents\MCUXpressoIDE_10.0.2_411\workspace\lpc_board_ea_devkit_4088\Release\liblpc_board_ea_devkit_4088.a
LOAD C:\Users\Test Bruger\Documents\MCUXpressoIDE_10.0.2_411\workspace\lpc_chip_40xx\Release\liblpc_chip_40xx.a
START GROUP
LOAD c:/nxp/mcuxpressoide_10.0.2_411/ide/tools/bin/../lib/gcc/arm-none-eabi/5.4.1/../../../../arm-none-eabi/lib/armv7e-m/softfp\libcr_semihost_nf.a
LOAD c:/nxp/mcuxpressoide_10.0.2_411/ide/tools/bin/../lib/gcc/arm-none-eabi/5.4.1/../../../../arm-none-eabi/lib/armv7e-m/softfp\libcr_c.a
LOAD c:/nxp/mcuxpressoide_10.0.2_411/ide/tools/bin/../lib/gcc/arm-none-eabi/5.4.1/armv7e-m/softfp\libcr_eabihelpers.a
END GROUP
                0x00000000                __base_MFlash512 = 0x0
                0x00000000                __base_Flash = 0x0
                0x00080000                __top_MFlash512 = 0x80000
                0x00080000                __top_Flash = 0x80000
                0x10000000                __base_RamLoc64 = 0x10000000
                0x10000000                __base_RAM = 0x10000000
                0x10010000                __top_RamLoc64 = 0x10010000
                0x10010000                __top_RAM = 0x10010000
                0x20000000                __base_RamPeriph32 = 0x20000000
                0x20000000                __base_RAM2 = 0x20000000
                0x20008000                __top_RamPeriph32 = 0x20008000
                0x20008000                __top_RAM2 = 0x20008000

.text           0x00000000     0x1474
 FILL mask 0xff
                0x00000000                __vectors_start__ = ABSOLUTE (.)
 *(.isr_vector)
 .isr_vector    0x00000000       0xe4 ./example/src/cr_startup_lpc40xx.o
                0x00000000                g_pfnVectors
                0x000000e4                . = ALIGN (0x4)
                0x000000e4                __section_table_start = .
                0x000000e4                __data_section_table = .
                0x000000e4        0x4 LONG 0x1474 LOADADDR (.data)
                0x000000e8        0x4 LONG 0x10000000 ADDR (.data)
                0x000000ec        0x4 LONG 0x0 SIZEOF (.data)
                0x000000f0        0x4 LONG 0x1474 LOADADDR (.data_RAM2)
                0x000000f4        0x4 LONG 0x20000000 ADDR (.data_RAM2)
                0x000000f8        0x4 LONG 0x0 SIZEOF (.data_RAM2)
                0x000000fc                __data_section_table_end = .
                0x000000fc                __bss_section_table = .
                0x000000fc        0x4 LONG 0x10000000 ADDR (.bss)
                0x00000100        0x4 LONG 0xbc SIZEOF (.bss)
                0x00000104        0x4 LONG 0x20000000 ADDR (.bss_RAM2)
                0x00000108        0x4 LONG 0x0 SIZEOF (.bss_RAM2)
                0x0000010c                __bss_section_table_end = .
                0x0000010c                __section_table_end = .
 *(.after_vectors*)
 .after_vectors
                0x0000010c      0x168 ./example/src/cr_startup_lpc40xx.o
                0x0000010c                data_init
                0x00000150                bss_init
                0x00000188                ResetISR
                0x00000220                NMI_Handler
                0x00000228                HardFault_Handler
                0x00000230                MemManage_Handler
                0x00000238                BusFault_Handler
                0x00000240                UsageFault_Handler
                0x00000248                SVC_Handler
                0x00000250                DebugMon_Handler
                0x00000258                PendSV_Handler
                0x00000260                SysTick_Handler
                0x00000268                I2C1_IRQHandler
                0x00000268                EINT2_IRQHandler
                0x00000268                UART1_IRQHandler
                0x00000268                EINT3_IRQHandler
                0x00000268                CANActivity_IRQHandler
                0x00000268                TIMER3_IRQHandler
                0x00000268                UART0_IRQHandler
                0x00000268                I2C0_IRQHandler
                0x00000268                PWM1_IRQHandler
                0x00000268                IntDefaultHandler
                0x00000268                PLL0_IRQHandler
                0x00000268                CAN_IRQHandler
                0x00000268                PLL1_IRQHandler
                0x00000268                RIT_IRQHandler
                0x00000268                I2S_IRQHandler
                0x00000268                I2C2_IRQHandler
                0x00000268                RTC_IRQHandler
                0x00000268                TIMER0_IRQHandler
                0x00000268                SPI_IRQHandler
                0x00000268                LCD_IRQHandler
                0x00000268                SDIO_IRQHandler
                0x00000268                EINT1_IRQHandler
                0x00000268                TIMER1_IRQHandler
                0x00000268                UART2_IRQHandler
                0x00000268                UART4_IRQHandler
                0x00000268                ADC_IRQHandler
                0x00000268                SSP1_IRQHandler
                0x00000268                USB_IRQHandler
                0x00000268                BOD_IRQHandler
                0x00000268                TIMER2_IRQHandler
                0x00000268                WDT_IRQHandler
                0x00000268                USBActivity_IRQHandler
                0x00000268                QEI_IRQHandler
                0x00000268                EINT0_IRQHandler
                0x00000268                ETH_IRQHandler
                0x00000268                PWM0_IRQHandler
                0x00000268                SSP2_IRQHandler
                0x00000268                EEPROM_IRQHandler
                0x00000268                SSP0_IRQHandler
                0x00000268                DMA_IRQHandler
                0x00000268                GPIO_IRQHandler
                0x00000268                UART3_IRQHandler
                0x00000268                MCPWM_IRQHandler
 *(.text*)
 .text.Chip_IOCON_Init
                0x00000274       0x18 ./example/src/LCD.o
 .text.Chip_IOCON_PinMuxSet
                0x0000028c       0x30 ./example/src/LCD.o
 .text.Chip_GPIO_Init
                0x000002bc       0x18 ./example/src/LCD.o
 .text.Chip_GPIO_SetPinState
                0x000002d4       0x6c ./example/src/LCD.o
 .text.Chip_GPIO_SetPinDIROutput
                0x00000340       0x3c ./example/src/LCD.o
 .text.delay_ms
                0x0000037c       0x2c ./example/src/LCD.o
                0x0000037c                delay_ms
 .text.controlpin_output
                0x000003a8       0x54 ./example/src/LCD.o
                0x000003a8                controlpin_output
 .text.datapin_output
                0x000003fc       0x5c ./example/src/LCD.o
                0x000003fc                datapin_output
 .text.command_mode
                0x00000458       0x30 ./example/src/LCD.o
                0x00000458                command_mode
 .text.data_mode
                0x00000488       0x18 ./example/src/LCD.o
                0x00000488                data_mode
 .text.setbus   0x000004a0       0xe8 ./example/src/LCD.o
                0x000004a0                setbus
 .text.toggle_enable
                0x00000588       0x30 ./example/src/LCD.o
                0x00000588                toggle_enable
 .text.lcd_write
                0x000005b8       0x20 ./example/src/LCD.o
                0x000005b8                lcd_write
 .text.function_mode
                0x000005d8       0x14 ./example/src/LCD.o
                0x000005d8                function_mode
 .text.display_mode
                0x000005ec       0x14 ./example/src/LCD.o
                0x000005ec                display_mode
 .text.clear_mode
                0x00000600       0x14 ./example/src/LCD.o
                0x00000600                clear_mode
 .text.lcd_init
                0x00000614       0x3c ./example/src/LCD.o
                0x00000614                lcd_init
 .text.set_line
                0x00000650       0x2c ./example/src/LCD.o
                0x00000650                set_line
 .text.char_to_LCD
                0x0000067c       0x20 ./example/src/LCD.o
                0x0000067c                char_to_LCD
 .text.string_to_LCD
                0x0000069c       0x28 ./example/src/LCD.o
                0x0000069c                string_to_LCD
 .text.main     0x000006c4       0x40 ./example/src/main.o
                0x000006c4                main
 .text.SystemInit
                0x00000704       0x28 ./example/src/sysinit.o
                0x00000704                SystemInit
 .text.Board_Init
                0x0000072c       0x50 C:\Users\Test Bruger\Documents\MCUXpressoIDE_10.0.2_411\workspace\lpc_board_ea_devkit_4088\Release\liblpc_board_ea_devkit_4088.a(board.o)
                0x0000072c                Board_Init
 .text.Board_SetupMuxing
                0x0000077c       0x68 C:\Users\Test Bruger\Documents\MCUXpressoIDE_10.0.2_411\workspace\lpc_board_ea_devkit_4088\Release\liblpc_board_ea_devkit_4088.a(board_sysinit.o)
                0x0000077c                Board_SetupMuxing
 .text.Board_SetupClocking
                0x000007e4       0x24 C:\Users\Test Bruger\Documents\MCUXpressoIDE_10.0.2_411\workspace\lpc_board_ea_devkit_4088\Release\liblpc_board_ea_devkit_4088.a(board_sysinit.o)
                0x000007e4                Board_SetupClocking
 .text.Board_SetupExtMemory
                0x00000808       0x50 C:\Users\Test Bruger\Documents\MCUXpressoIDE_10.0.2_411\workspace\lpc_board_ea_devkit_4088\Release\liblpc_board_ea_devkit_4088.a(board_sysinit.o)
                0x00000808                Board_SetupExtMemory
 .text.Board_SystemInit
                0x00000858       0x12 C:\Users\Test Bruger\Documents\MCUXpressoIDE_10.0.2_411\workspace\lpc_board_ea_devkit_4088\Release\liblpc_board_ea_devkit_4088.a(board_sysinit.o)
                0x00000858                Board_SystemInit
 *fill*         0x0000086a        0x2 ff
 .text.SystemCoreClockUpdate
                0x0000086c       0x10 C:\Users\Test Bruger\Documents\MCUXpressoIDE_10.0.2_411\workspace\lpc_chip_40xx\Release\liblpc_chip_40xx.a(chip_17xx_40xx.o)
                0x0000086c                SystemCoreClockUpdate
 .text.Chip_Clock_EnablePLL
                0x0000087c       0x24 C:\Users\Test Bruger\Documents\MCUXpressoIDE_10.0.2_411\workspace\lpc_chip_40xx\Release\liblpc_chip_40xx.a(clock_17xx_40xx.o)
                0x0000087c                Chip_Clock_EnablePLL
 .text.Chip_Clock_DisablePLL
                0x000008a0       0x26 C:\Users\Test Bruger\Documents\MCUXpressoIDE_10.0.2_411\workspace\lpc_chip_40xx\Release\liblpc_chip_40xx.a(clock_17xx_40xx.o)
                0x000008a0                Chip_Clock_DisablePLL
 .text.Chip_Clock_SetupPLL
                0x000008c6       0x28 C:\Users\Test Bruger\Documents\MCUXpressoIDE_10.0.2_411\workspace\lpc_chip_40xx\Release\liblpc_chip_40xx.a(clock_17xx_40xx.o)
                0x000008c6                Chip_Clock_SetupPLL
 *fill*         0x000008ee        0x2 ff
 .text.Chip_Clock_EnablePeriphClock
                0x000008f0       0x2c C:\Users\Test Bruger\Documents\MCUXpressoIDE_10.0.2_411\workspace\lpc_chip_40xx\Release\liblpc_chip_40xx.a(clock_17xx_40xx.o)
                0x000008f0                Chip_Clock_EnablePeriphClock
 .text.Chip_Clock_SetCPUClockSource
                0x0000091c       0x1c C:\Users\Test Bruger\Documents\MCUXpressoIDE_10.0.2_411\workspace\lpc_chip_40xx\Release\liblpc_chip_40xx.a(clock_17xx_40xx.o)
                0x0000091c                Chip_Clock_SetCPUClockSource
 .text.Chip_Clock_GetCPUClockSource
                0x00000938       0x10 C:\Users\Test Bruger\Documents\MCUXpressoIDE_10.0.2_411\workspace\lpc_chip_40xx\Release\liblpc_chip_40xx.a(clock_17xx_40xx.o)
                0x00000938                Chip_Clock_GetCPUClockSource
 .text.Chip_Clock_SetCPUClockDiv
                0x00000948       0x18 C:\Users\Test Bruger\Documents\MCUXpressoIDE_10.0.2_411\workspace\lpc_chip_40xx\Release\liblpc_chip_40xx.a(clock_17xx_40xx.o)
                0x00000948                Chip_Clock_SetCPUClockDiv
 .text.Chip_Clock_GetSYSCLKRate
                0x00000960       0x28 C:\Users\Test Bruger\Documents\MCUXpressoIDE_10.0.2_411\workspace\lpc_chip_40xx\Release\liblpc_chip_40xx.a(clock_17xx_40xx.o)
                0x00000960                Chip_Clock_GetSYSCLKRate
 .text.Chip_Clock_GetMainPLLOutClockRate
                0x00000988       0x24 C:\Users\Test Bruger\Documents\MCUXpressoIDE_10.0.2_411\workspace\lpc_chip_40xx\Release\liblpc_chip_40xx.a(clock_17xx_40xx.o)
                0x00000988                Chip_Clock_GetMainPLLOutClockRate
 .text.Chip_Clock_GetMainClockRate
                0x000009ac       0x20 C:\Users\Test Bruger\Documents\MCUXpressoIDE_10.0.2_411\workspace\lpc_chip_40xx\Release\liblpc_chip_40xx.a(clock_17xx_40xx.o)
                0x000009ac                Chip_Clock_GetMainClockRate
 .text.Chip_Clock_GetSystemClockRate
                0x000009cc       0x1c C:\Users\Test Bruger\Documents\MCUXpressoIDE_10.0.2_411\workspace\lpc_chip_40xx\Release\liblpc_chip_40xx.a(clock_17xx_40xx.o)
                0x000009cc                Chip_Clock_GetSystemClockRate
 .text.Chip_Clock_SetSPIFIClockSource
                0x000009e8       0x18 C:\Users\Test Bruger\Documents\MCUXpressoIDE_10.0.2_411\workspace\lpc_chip_40xx\Release\liblpc_chip_40xx.a(clock_17xx_40xx.o)
                0x000009e8                Chip_Clock_SetSPIFIClockSource
 .text.Chip_Clock_SetSPIFIClockDiv
                0x00000a00       0x18 C:\Users\Test Bruger\Documents\MCUXpressoIDE_10.0.2_411\workspace\lpc_chip_40xx\Release\liblpc_chip_40xx.a(clock_17xx_40xx.o)
                0x00000a00                Chip_Clock_SetSPIFIClockDiv
 .text.convertTimmingParam
                0x00000a18       0x2c C:\Users\Test Bruger\Documents\MCUXpressoIDE_10.0.2_411\workspace\lpc_chip_40xx\Release\liblpc_chip_40xx.a(emc_17xx_40xx.o)
 .text.initDynMem
                0x00000a44      0x15e C:\Users\Test Bruger\Documents\MCUXpressoIDE_10.0.2_411\workspace\lpc_chip_40xx\Release\liblpc_chip_40xx.a(emc_17xx_40xx.o)
                0x00000a44                initDynMem
 .text.initStaticMem
                0x00000ba2       0x68 C:\Users\Test Bruger\Documents\MCUXpressoIDE_10.0.2_411\workspace\lpc_chip_40xx\Release\liblpc_chip_40xx.a(emc_17xx_40xx.o)
                0x00000ba2                initStaticMem
 *fill*         0x00000c0a        0x2 ff
 .text.Chip_EMC_Dynamic_Init
                0x00000c0c       0x28 C:\Users\Test Bruger\Documents\MCUXpressoIDE_10.0.2_411\workspace\lpc_chip_40xx\Release\liblpc_chip_40xx.a(emc_17xx_40xx.o)
                0x00000c0c                Chip_EMC_Dynamic_Init
 .text.Chip_EMC_Static_Init
                0x00000c34       0x28 C:\Users\Test Bruger\Documents\MCUXpressoIDE_10.0.2_411\workspace\lpc_chip_40xx\Release\liblpc_chip_40xx.a(emc_17xx_40xx.o)
                0x00000c34                Chip_EMC_Static_Init
 .text.Chip_EMC_Init
                0x00000c5c       0x28 C:\Users\Test Bruger\Documents\MCUXpressoIDE_10.0.2_411\workspace\lpc_chip_40xx\Release\liblpc_chip_40xx.a(emc_17xx_40xx.o)
                0x00000c5c                Chip_EMC_Init
 .text.fpuInit  0x00000c84       0x48 C:\Users\Test Bruger\Documents\MCUXpressoIDE_10.0.2_411\workspace\lpc_chip_40xx\Release\liblpc_chip_40xx.a(fpu_init.o)
                0x00000c84                fpuInit
 .text.Chip_IOCON_SetPinMuxing
                0x00000ccc       0x26 C:\Users\Test Bruger\Documents\MCUXpressoIDE_10.0.2_411\workspace\lpc_chip_40xx\Release\liblpc_chip_40xx.a(iocon_17xx_40xx.o)
                0x00000ccc                Chip_IOCON_SetPinMuxing
 .text.Chip_SYSCTL_PeriphReset
                0x00000cf2       0x26 C:\Users\Test Bruger\Documents\MCUXpressoIDE_10.0.2_411\workspace\lpc_chip_40xx\Release\liblpc_chip_40xx.a(sysctl_17xx_40xx.o)
                0x00000cf2                Chip_SYSCTL_PeriphReset
 .text.Chip_SetupXtalClocking
                0x00000d18       0x74 C:\Users\Test Bruger\Documents\MCUXpressoIDE_10.0.2_411\workspace\lpc_chip_40xx\Release\liblpc_chip_40xx.a(sysinit_17xx_40xx.o)
                0x00000d18                Chip_SetupXtalClocking
 .text.__main   0x00000d8c        0xe c:/nxp/mcuxpressoide_10.0.2_411/ide/tools/bin/../lib/gcc/arm-none-eabi/5.4.1/../../../../arm-none-eabi/lib/armv7e-m/softfp\libcr_semihost_nf.a(_cr__main.o)
                0x00000d8c                __CR_SEMIHOST
                0x00000d8c                __main
 .text.memset   0x00000d9a        0x4 c:/nxp/mcuxpressoide_10.0.2_411/ide/tools/bin/../lib/gcc/arm-none-eabi/5.4.1/../../../../arm-none-eabi/lib/armv7e-m/softfp\libcr_c.a(memset.o)
                0x00000d9a                memset
 *fill*         0x00000d9e        0x2 ff
 .text._initio  0x00000da0       0x78 c:/nxp/mcuxpressoide_10.0.2_411/ide/tools/bin/../lib/gcc/arm-none-eabi/5.4.1/../../../../arm-none-eabi/lib/armv7e-m/softfp\libcr_c.a(initio.o)
                0x00000da0                _initio
 .text.setvbuf  0x00000e18       0x44 c:/nxp/mcuxpressoide_10.0.2_411/ide/tools/bin/../lib/gcc/arm-none-eabi/5.4.1/../../../../arm-none-eabi/lib/armv7e-m/softfp\libcr_c.a(setvbuf.o)
                0x00000e18                setvbuf
 .text._fdopen  0x00000e5c       0x6a c:/nxp/mcuxpressoide_10.0.2_411/ide/tools/bin/../lib/gcc/arm-none-eabi/5.4.1/../../../../arm-none-eabi/lib/armv7e-m/softfp\libcr_c.a(_fdopen.o)
                0x00000e5c                _fdopen
 .text.fclose   0x00000ec6       0x58 c:/nxp/mcuxpressoide_10.0.2_411/ide/tools/bin/../lib/gcc/arm-none-eabi/5.4.1/../../../../arm-none-eabi/lib/armv7e-m/softfp\libcr_c.a(fclose.o)
                0x00000ec6                fclose
 *fill*         0x00000f1e        0x2 ff
 .text.fflush   0x00000f20       0x48 c:/nxp/mcuxpressoide_10.0.2_411/ide/tools/bin/../lib/gcc/arm-none-eabi/5.4.1/../../../../arm-none-eabi/lib/armv7e-m/softfp\libcr_c.a(fflush.o)
                0x00000f20                fflush
 .text.fseek    0x00000f68      0x100 c:/nxp/mcuxpressoide_10.0.2_411/ide/tools/bin/../lib/gcc/arm-none-eabi/5.4.1/../../../../arm-none-eabi/lib/armv7e-m/softfp\libcr_c.a(fseek.o)
                0x00000f68                fseek
 .text.ftell    0x00001068       0x48 c:/nxp/mcuxpressoide_10.0.2_411/ide/tools/bin/../lib/gcc/arm-none-eabi/5.4.1/../../../../arm-none-eabi/lib/armv7e-m/softfp\libcr_c.a(ftell.o)
                0x00001068                ftell
 .text.remove   0x000010b0       0x14 c:/nxp/mcuxpressoide_10.0.2_411/ide/tools/bin/../lib/gcc/arm-none-eabi/5.4.1/../../../../arm-none-eabi/lib/armv7e-m/softfp\libcr_c.a(remove.o)
                0x000010b0                remove
 .text.strlen   0x000010c4       0x4a c:/nxp/mcuxpressoide_10.0.2_411/ide/tools/bin/../lib/gcc/arm-none-eabi/5.4.1/../../../../arm-none-eabi/lib/armv7e-m/softfp\libcr_c.a(strlen.o)
                0x000010c4                strlen
 .text._do_fflush
                0x0000110e       0x42 c:/nxp/mcuxpressoide_10.0.2_411/ide/tools/bin/../lib/gcc/arm-none-eabi/5.4.1/../../../../arm-none-eabi/lib/armv7e-m/softfp\libcr_c.a(_do_fflush.o)
                0x0000110e                _do_fflush
 .text._fflush  0x00001150       0x54 c:/nxp/mcuxpressoide_10.0.2_411/ide/tools/bin/../lib/gcc/arm-none-eabi/5.4.1/../../../../arm-none-eabi/lib/armv7e-m/softfp\libcr_c.a(_fflush.o)
                0x00001150                _fflush
 .text._Cwritebuf
                0x000011a4       0x68 c:/nxp/mcuxpressoide_10.0.2_411/ide/tools/bin/../lib/gcc/arm-none-eabi/5.4.1/../../../../arm-none-eabi/lib/armv7e-m/softfp\libcr_c.a(_writebuf.o)
                0x000011a4                _Cwritebuf
 .text.free     0x0000120c       0x30 c:/nxp/mcuxpressoide_10.0.2_411/ide/tools/bin/../lib/gcc/arm-none-eabi/5.4.1/../../../../arm-none-eabi/lib/armv7e-m/softfp\libcr_c.a(alloc.o)
                0x0000120c                free
 .text._deferredlazyseek
                0x0000123c       0x40 c:/nxp/mcuxpressoide_10.0.2_411/ide/tools/bin/../lib/gcc/arm-none-eabi/5.4.1/../../../../arm-none-eabi/lib/armv7e-m/softfp\libcr_c.a(_deferredlazyseek.o)
                0x0000123c                _deferredlazyseek
 .text.__aeabi_memset_lowlevel
                0x0000127c       0x32 c:/nxp/mcuxpressoide_10.0.2_411/ide/tools/bin/../lib/gcc/arm-none-eabi/5.4.1/armv7e-m/softfp\libcr_eabihelpers.a(memcpy.o)
                0x0000127c                __aeabi_lowlevel_memset
 .text.__sys_close
                0x000012ae        0xc c:/nxp/mcuxpressoide_10.0.2_411/ide/tools/bin/../lib/gcc/arm-none-eabi/5.4.1/../../../../arm-none-eabi/lib/armv7e-m/softfp\libcr_semihost_nf.a(__sys_close.o)
                0x000012ae                __sys_close
 .text.__sys_flen
                0x000012ba        0xc c:/nxp/mcuxpressoide_10.0.2_411/ide/tools/bin/../lib/gcc/arm-none-eabi/5.4.1/../../../../arm-none-eabi/lib/armv7e-m/softfp\libcr_semihost_nf.a(__sys_flen.o)
                0x000012ba                __sys_flen
 .text.__sys_istty
                0x000012c6        0xc c:/nxp/mcuxpressoide_10.0.2_411/ide/tools/bin/../lib/gcc/arm-none-eabi/5.4.1/../../../../arm-none-eabi/lib/armv7e-m/softfp\libcr_semihost_nf.a(__sys_istty.o)
                0x000012c6                __sys_istty
 .text.__sys_remove
                0x000012d2        0xc c:/nxp/mcuxpressoide_10.0.2_411/ide/tools/bin/../lib/gcc/arm-none-eabi/5.4.1/../../../../arm-none-eabi/lib/armv7e-m/softfp\libcr_semihost_nf.a(__sys_remove.o)
                0x000012d2                __sys_remove
 .text.__sys_seek
                0x000012de        0xc c:/nxp/mcuxpressoide_10.0.2_411/ide/tools/bin/../lib/gcc/arm-none-eabi/5.4.1/../../../../arm-none-eabi/lib/armv7e-m/softfp\libcr_semihost_nf.a(__sys_seek.o)
                0x000012de                __sys_seek
 .text.__sys_tmpnam
                0x000012ea        0xc c:/nxp/mcuxpressoide_10.0.2_411/ide/tools/bin/../lib/gcc/arm-none-eabi/5.4.1/../../../../arm-none-eabi/lib/armv7e-m/softfp\libcr_semihost_nf.a(__sys_tmpnam.o)
                0x000012ea                __sys_tmpnam
 .text.__sys_write
                0x000012f6        0xc c:/nxp/mcuxpressoide_10.0.2_411/ide/tools/bin/../lib/gcc/arm-none-eabi/5.4.1/../../../../arm-none-eabi/lib/armv7e-m/softfp\libcr_semihost_nf.a(__sys_write.o)
                0x000012f6                __sys_write
 *(.rodata .rodata.* .constdata .constdata.*)
 *fill*         0x00001302        0x2 ff
 .rodata        0x00001304       0x1f ./example/src/main.o
 .rodata.ledports
                0x00001323        0x4 C:\Users\Test Bruger\Documents\MCUXpressoIDE_10.0.2_411\workspace\lpc_board_ea_devkit_4088\Release\liblpc_board_ea_devkit_4088.a(board.o)
 *fill*         0x00001327        0x1 ff
 .rodata.OscRateIn
                0x00001328        0x4 C:\Users\Test Bruger\Documents\MCUXpressoIDE_10.0.2_411\workspace\lpc_board_ea_devkit_4088\Release\liblpc_board_ea_devkit_4088.a(board.o)
                0x00001328                OscRateIn
 .rodata.ledpins
                0x0000132c        0x4 C:\Users\Test Bruger\Documents\MCUXpressoIDE_10.0.2_411\workspace\lpc_board_ea_devkit_4088\Release\liblpc_board_ea_devkit_4088.a(board.o)
 .rodata.IS42S32800D_config
                0x00001330       0x74 C:\Users\Test Bruger\Documents\MCUXpressoIDE_10.0.2_411\workspace\lpc_board_ea_devkit_4088\Release\liblpc_board_ea_devkit_4088.a(board_sysinit.o)
 .rodata.K9F1G_config
                0x000013a4       0x20 C:\Users\Test Bruger\Documents\MCUXpressoIDE_10.0.2_411\workspace\lpc_board_ea_devkit_4088\Release\liblpc_board_ea_devkit_4088.a(board_sysinit.o)
 .rodata.SST39VF320_config
                0x000013c4       0x20 C:\Users\Test Bruger\Documents\MCUXpressoIDE_10.0.2_411\workspace\lpc_board_ea_devkit_4088\Release\liblpc_board_ea_devkit_4088.a(board_sysinit.o)
 .rodata.pinmuxing
                0x000013e4       0x88 C:\Users\Test Bruger\Documents\MCUXpressoIDE_10.0.2_411\workspace\lpc_board_ea_devkit_4088\Release\liblpc_board_ea_devkit_4088.a(board_sysinit.o)
 .rodata.str1.1
                0x0000146c        0x4 c:/nxp/mcuxpressoide_10.0.2_411/ide/tools/bin/../lib/gcc/arm-none-eabi/5.4.1/../../../../arm-none-eabi/lib/armv7e-m/softfp\libcr_c.a(initio.o)
 .rodata.__num_Ciob_streams
                0x00001470        0x4 c:/nxp/mcuxpressoide_10.0.2_411/ide/tools/bin/../lib/gcc/arm-none-eabi/5.4.1/../../../../arm-none-eabi/lib/armv7e-m/softfp\libcr_semihost_nf.a(__ciob.o)
                0x00001470                __num_Ciob_streams
                0x00001474                . = ALIGN (0x4)

.glue_7         0x00001474        0x0
 .glue_7        0x00001474        0x0 linker stubs

.glue_7t        0x00001474        0x0
 .glue_7t       0x00001474        0x0 linker stubs

.vfp11_veneer   0x00001474        0x0
 .vfp11_veneer  0x00001474        0x0 linker stubs

.v4_bx          0x00001474        0x0
 .v4_bx         0x00001474        0x0 linker stubs

.iplt           0x00001474        0x0
 .iplt          0x00001474        0x0 ./example/src/LCD.o

.rel.dyn        0x00001474        0x0
 .rel.iplt      0x00001474        0x0 ./example/src/LCD.o

.ARM.extab
 *(.ARM.extab* .gnu.linkonce.armextab.*)
                0x00001474                __exidx_start = .

.ARM.exidx
 *(.ARM.exidx* .gnu.linkonce.armexidx.*)
                0x00001474                __exidx_end = .
                0x00001474                _etext = .

.data_RAM2      0x20000000        0x0 load address 0x00001474
 FILL mask 0xff
                [!provide]                PROVIDE (__start_data_RAM2, .)
 *(.ramfunc.$RAM2)
 *(.ramfunc.$RamPeriph32)
 *(.data.$RAM2*)
 *(.data.$RamPeriph32*)
                0x20000000                . = ALIGN (0x4)
                [!provide]                PROVIDE (__end_data_RAM2, .)

.uninit_RESERVED
                0x10000000        0x0
 *(.bss.$RESERVED*)
                0x10000000                . = ALIGN (0x4)
                0x10000000                _end_uninit_RESERVED = .

.data           0x10000000        0x0 load address 0x00001474
 FILL mask 0xff
                0x10000000                _data = .
 *(vtable)
 *(.ramfunc*)
 *(.data*)
                0x10000000                . = ALIGN (0x4)
                0x10000000                _edata = .

.igot.plt       0x10000000        0x0 load address 0x00001474
 .igot.plt      0x10000000        0x0 ./example/src/LCD.o

.bss_RAM2       0x20000000        0x0
                [!provide]                PROVIDE (__start_bss_RAM2, .)
 *(.bss.$RAM2*)
 *(.bss.$RamPeriph32*)
                0x20000000                . = ALIGN ((. != 0x0)?0x4:0x1)
                [!provide]                PROVIDE (__end_bss_RAM2, .)

.bss            0x10000000       0xbc
                0x10000000                _bss = .
 *(.bss*)
 .bss.errno     0x10000000        0x4 c:/nxp/mcuxpressoide_10.0.2_411/ide/tools/bin/../lib/gcc/arm-none-eabi/5.4.1/../../../../arm-none-eabi/lib/armv7e-m/softfp\libcr_c.a(errno.o)
                0x10000000                errno
 .bss.__Ciob    0x10000004       0xb4 c:/nxp/mcuxpressoide_10.0.2_411/ide/tools/bin/../lib/gcc/arm-none-eabi/5.4.1/../../../../arm-none-eabi/lib/armv7e-m/softfp\libcr_semihost_nf.a(__ciob.o)
                0x10000004                __Ciob
 *(COMMON)
 COMMON         0x100000b8        0x4 C:\Users\Test Bruger\Documents\MCUXpressoIDE_10.0.2_411\workspace\lpc_chip_40xx\Release\liblpc_chip_40xx.a(chip_17xx_40xx.o)
                0x100000b8                SystemCoreClock
                0x100000bc                . = ALIGN (0x4)
                0x100000bc                _ebss = .
                [!provide]                PROVIDE (end, .)

.noinit_RAM2    0x20000000        0x0
 *(.noinit.$RAM2*)
 *(.noinit.$RamPeriph32*)
                0x20000000                . = ALIGN (0x4)

.noinit         0x100000bc        0x0
                0x100000bc                _noinit = .
 *(.noinit*)
                0x100000bc                . = ALIGN (0x4)
                0x100000bc                _end_noinit = .
                0x100000bc                PROVIDE (_pvHeapStart, DEFINED (__user_heap_base)?__user_heap_base:.)
                0x10010000                PROVIDE (_vStackTop, DEFINED (__user_stack_top)?__user_stack_top:(__top_RamLoc64 - 0x0))
                [!provide]                PROVIDE (__valid_user_code_checksum, (0x0 - ((((((_vStackTop + (ResetISR + 0x1)) + (NMI_Handler + 0x1)) + (HardFault_Handler + 0x1)) + (DEFINED (MemManage_Handler)?MemManage_Handler:0x0 + 0x1)) + (DEFINED (BusFault_Handler)?BusFault_Handler:0x0 + 0x1)) + (DEFINED (UsageFault_Handler)?UsageFault_Handler:0x0 + 0x1))))
OUTPUT(lcd_driver_Tobias.axf elf32-littlearm)

.debug_info     0x00000000     0x8255
 .debug_info    0x00000000      0x517 ./example/src/LCD.o
 .debug_info    0x00000517      0x25e ./example/src/cr_startup_lpc40xx.o
 .debug_info    0x00000775       0xf8 ./example/src/main.o
 .debug_info    0x0000086d      0x10c ./example/src/sysinit.o
 .debug_info    0x00000979     0x3b7e C:\Users\Test Bruger\Documents\MCUXpressoIDE_10.0.2_411\workspace\lpc_board_ea_devkit_4088\Release\liblpc_board_ea_devkit_4088.a(board.o)
 .debug_info    0x000044f7      0xc07 C:\Users\Test Bruger\Documents\MCUXpressoIDE_10.0.2_411\workspace\lpc_board_ea_devkit_4088\Release\liblpc_board_ea_devkit_4088.a(board_sysinit.o)
 .debug_info    0x000050fe      0x669 C:\Users\Test Bruger\Documents\MCUXpressoIDE_10.0.2_411\workspace\lpc_chip_40xx\Release\liblpc_chip_40xx.a(chip_17xx_40xx.o)
 .debug_info    0x00005767      0xd04 C:\Users\Test Bruger\Documents\MCUXpressoIDE_10.0.2_411\workspace\lpc_chip_40xx\Release\liblpc_chip_40xx.a(clock_17xx_40xx.o)
 .debug_info    0x0000646b      0xeb7 C:\Users\Test Bruger\Documents\MCUXpressoIDE_10.0.2_411\workspace\lpc_chip_40xx\Release\liblpc_chip_40xx.a(emc_17xx_40xx.o)
 .debug_info    0x00007322      0x12b C:\Users\Test Bruger\Documents\MCUXpressoIDE_10.0.2_411\workspace\lpc_chip_40xx\Release\liblpc_chip_40xx.a(fpu_init.o)
 .debug_info    0x0000744d      0x213 C:\Users\Test Bruger\Documents\MCUXpressoIDE_10.0.2_411\workspace\lpc_chip_40xx\Release\liblpc_chip_40xx.a(iocon_17xx_40xx.o)
 .debug_info    0x00007660      0x511 C:\Users\Test Bruger\Documents\MCUXpressoIDE_10.0.2_411\workspace\lpc_chip_40xx\Release\liblpc_chip_40xx.a(sysctl_17xx_40xx.o)
 .debug_info    0x00007b71      0x6e4 C:\Users\Test Bruger\Documents\MCUXpressoIDE_10.0.2_411\workspace\lpc_chip_40xx\Release\liblpc_chip_40xx.a(sysinit_17xx_40xx.o)

.debug_abbrev   0x00000000     0x17e6
 .debug_abbrev  0x00000000      0x17d ./example/src/LCD.o
 .debug_abbrev  0x0000017d       0xf2 ./example/src/cr_startup_lpc40xx.o
 .debug_abbrev  0x0000026f       0x9b ./example/src/main.o
 .debug_abbrev  0x0000030a       0xa0 ./example/src/sysinit.o
 .debug_abbrev  0x000003aa      0x4b3 C:\Users\Test Bruger\Documents\MCUXpressoIDE_10.0.2_411\workspace\lpc_board_ea_devkit_4088\Release\liblpc_board_ea_devkit_4088.a(board.o)
 .debug_abbrev  0x0000085d      0x294 C:\Users\Test Bruger\Documents\MCUXpressoIDE_10.0.2_411\workspace\lpc_board_ea_devkit_4088\Release\liblpc_board_ea_devkit_4088.a(board_sysinit.o)
 .debug_abbrev  0x00000af1      0x1c2 C:\Users\Test Bruger\Documents\MCUXpressoIDE_10.0.2_411\workspace\lpc_chip_40xx\Release\liblpc_chip_40xx.a(chip_17xx_40xx.o)
 .debug_abbrev  0x00000cb3      0x35f C:\Users\Test Bruger\Documents\MCUXpressoIDE_10.0.2_411\workspace\lpc_chip_40xx\Release\liblpc_chip_40xx.a(clock_17xx_40xx.o)
 .debug_abbrev  0x00001012      0x2a2 C:\Users\Test Bruger\Documents\MCUXpressoIDE_10.0.2_411\workspace\lpc_chip_40xx\Release\liblpc_chip_40xx.a(emc_17xx_40xx.o)
 .debug_abbrev  0x000012b4       0x9f C:\Users\Test Bruger\Documents\MCUXpressoIDE_10.0.2_411\workspace\lpc_chip_40xx\Release\liblpc_chip_40xx.a(fpu_init.o)
 .debug_abbrev  0x00001353      0x151 C:\Users\Test Bruger\Documents\MCUXpressoIDE_10.0.2_411\workspace\lpc_chip_40xx\Release\liblpc_chip_40xx.a(iocon_17xx_40xx.o)
 .debug_abbrev  0x000014a4      0x157 C:\Users\Test Bruger\Documents\MCUXpressoIDE_10.0.2_411\workspace\lpc_chip_40xx\Release\liblpc_chip_40xx.a(sysctl_17xx_40xx.o)
 .debug_abbrev  0x000015fb      0x1eb C:\Users\Test Bruger\Documents\MCUXpressoIDE_10.0.2_411\workspace\lpc_chip_40xx\Release\liblpc_chip_40xx.a(sysinit_17xx_40xx.o)

.debug_aranges  0x00000000      0x4d0
 .debug_aranges
                0x00000000       0xb8 ./example/src/LCD.o
 .debug_aranges
                0x000000b8       0x80 ./example/src/cr_startup_lpc40xx.o
 .debug_aranges
                0x00000138       0x20 ./example/src/main.o
 .debug_aranges
                0x00000158       0x20 ./example/src/sysinit.o
 .debug_aranges
                0x00000178      0x120 C:\Users\Test Bruger\Documents\MCUXpressoIDE_10.0.2_411\workspace\lpc_board_ea_devkit_4088\Release\liblpc_board_ea_devkit_4088.a(board.o)
 .debug_aranges
                0x00000298       0x38 C:\Users\Test Bruger\Documents\MCUXpressoIDE_10.0.2_411\workspace\lpc_board_ea_devkit_4088\Release\liblpc_board_ea_devkit_4088.a(board_sysinit.o)
 .debug_aranges
                0x000002d0       0x28 C:\Users\Test Bruger\Documents\MCUXpressoIDE_10.0.2_411\workspace\lpc_chip_40xx\Release\liblpc_chip_40xx.a(chip_17xx_40xx.o)
 .debug_aranges
                0x000002f8       0xd8 C:\Users\Test Bruger\Documents\MCUXpressoIDE_10.0.2_411\workspace\lpc_chip_40xx\Release\liblpc_chip_40xx.a(clock_17xx_40xx.o)
 .debug_aranges
                0x000003d0       0x68 C:\Users\Test Bruger\Documents\MCUXpressoIDE_10.0.2_411\workspace\lpc_chip_40xx\Release\liblpc_chip_40xx.a(emc_17xx_40xx.o)
 .debug_aranges
                0x00000438       0x20 C:\Users\Test Bruger\Documents\MCUXpressoIDE_10.0.2_411\workspace\lpc_chip_40xx\Release\liblpc_chip_40xx.a(fpu_init.o)
 .debug_aranges
                0x00000458       0x20 C:\Users\Test Bruger\Documents\MCUXpressoIDE_10.0.2_411\workspace\lpc_chip_40xx\Release\liblpc_chip_40xx.a(iocon_17xx_40xx.o)
 .debug_aranges
                0x00000478       0x28 C:\Users\Test Bruger\Documents\MCUXpressoIDE_10.0.2_411\workspace\lpc_chip_40xx\Release\liblpc_chip_40xx.a(sysctl_17xx_40xx.o)
 .debug_aranges
                0x000004a0       0x30 C:\Users\Test Bruger\Documents\MCUXpressoIDE_10.0.2_411\workspace\lpc_chip_40xx\Release\liblpc_chip_40xx.a(sysinit_17xx_40xx.o)

.debug_ranges   0x00000000      0x790
 .debug_ranges  0x00000000       0xa8 ./example/src/LCD.o
 .debug_ranges  0x000000a8       0x70 ./example/src/cr_startup_lpc40xx.o
 .debug_ranges  0x00000118       0x10 ./example/src/main.o
 .debug_ranges  0x00000128       0x10 ./example/src/sysinit.o
 .debug_ranges  0x00000138      0x390 C:\Users\Test Bruger\Documents\MCUXpressoIDE_10.0.2_411\workspace\lpc_board_ea_devkit_4088\Release\liblpc_board_ea_devkit_4088.a(board.o)
 .debug_ranges  0x000004c8       0x90 C:\Users\Test Bruger\Documents\MCUXpressoIDE_10.0.2_411\workspace\lpc_board_ea_devkit_4088\Release\liblpc_board_ea_devkit_4088.a(board_sysinit.o)
 .debug_ranges  0x00000558       0x18 C:\Users\Test Bruger\Documents\MCUXpressoIDE_10.0.2_411\workspace\lpc_chip_40xx\Release\liblpc_chip_40xx.a(chip_17xx_40xx.o)
 .debug_ranges  0x00000570      0x128 C:\Users\Test Bruger\Documents\MCUXpressoIDE_10.0.2_411\workspace\lpc_chip_40xx\Release\liblpc_chip_40xx.a(clock_17xx_40xx.o)
 .debug_ranges  0x00000698       0x70 C:\Users\Test Bruger\Documents\MCUXpressoIDE_10.0.2_411\workspace\lpc_chip_40xx\Release\liblpc_chip_40xx.a(emc_17xx_40xx.o)
 .debug_ranges  0x00000708       0x10 C:\Users\Test Bruger\Documents\MCUXpressoIDE_10.0.2_411\workspace\lpc_chip_40xx\Release\liblpc_chip_40xx.a(fpu_init.o)
 .debug_ranges  0x00000718       0x10 C:\Users\Test Bruger\Documents\MCUXpressoIDE_10.0.2_411\workspace\lpc_chip_40xx\Release\liblpc_chip_40xx.a(iocon_17xx_40xx.o)
 .debug_ranges  0x00000728       0x18 C:\Users\Test Bruger\Documents\MCUXpressoIDE_10.0.2_411\workspace\lpc_chip_40xx\Release\liblpc_chip_40xx.a(sysctl_17xx_40xx.o)
 .debug_ranges  0x00000740       0x50 C:\Users\Test Bruger\Documents\MCUXpressoIDE_10.0.2_411\workspace\lpc_chip_40xx\Release\liblpc_chip_40xx.a(sysinit_17xx_40xx.o)

.debug_line     0x00000000     0x1d15
 .debug_line    0x00000000      0x2e2 ./example/src/LCD.o
 .debug_line    0x000002e2       0xe1 ./example/src/cr_startup_lpc40xx.o
 .debug_line    0x000003c3      0x100 ./example/src/main.o
 .debug_line    0x000004c3      0x100 ./example/src/sysinit.o
 .debug_line    0x000005c3      0x7fa C:\Users\Test Bruger\Documents\MCUXpressoIDE_10.0.2_411\workspace\lpc_board_ea_devkit_4088\Release\liblpc_board_ea_devkit_4088.a(board.o)
 .debug_line    0x00000dbd      0x254 C:\Users\Test Bruger\Documents\MCUXpressoIDE_10.0.2_411\workspace\lpc_board_ea_devkit_4088\Release\liblpc_board_ea_devkit_4088.a(board_sysinit.o)
 .debug_line    0x00001011      0x187 C:\Users\Test Bruger\Documents\MCUXpressoIDE_10.0.2_411\workspace\lpc_chip_40xx\Release\liblpc_chip_40xx.a(chip_17xx_40xx.o)
 .debug_line    0x00001198      0x3b1 C:\Users\Test Bruger\Documents\MCUXpressoIDE_10.0.2_411\workspace\lpc_chip_40xx\Release\liblpc_chip_40xx.a(clock_17xx_40xx.o)
 .debug_line    0x00001549      0x299 C:\Users\Test Bruger\Documents\MCUXpressoIDE_10.0.2_411\workspace\lpc_chip_40xx\Release\liblpc_chip_40xx.a(emc_17xx_40xx.o)
 .debug_line    0x000017e2       0xfe C:\Users\Test Bruger\Documents\MCUXpressoIDE_10.0.2_411\workspace\lpc_chip_40xx\Release\liblpc_chip_40xx.a(fpu_init.o)
 .debug_line    0x000018e0      0x129 C:\Users\Test Bruger\Documents\MCUXpressoIDE_10.0.2_411\workspace\lpc_chip_40xx\Release\liblpc_chip_40xx.a(iocon_17xx_40xx.o)
 .debug_line    0x00001a09      0x124 C:\Users\Test Bruger\Documents\MCUXpressoIDE_10.0.2_411\workspace\lpc_chip_40xx\Release\liblpc_chip_40xx.a(sysctl_17xx_40xx.o)
 .debug_line    0x00001b2d      0x1e8 C:\Users\Test Bruger\Documents\MCUXpressoIDE_10.0.2_411\workspace\lpc_chip_40xx\Release\liblpc_chip_40xx.a(sysinit_17xx_40xx.o)

.debug_str      0x00000000     0x2b55
 .debug_str     0x00000000      0x602 ./example/src/LCD.o
                                0x652 (size before relaxing)
 .debug_str     0x00000602      0x189 ./example/src/cr_startup_lpc40xx.o
                                0x2ee (size before relaxing)
 .debug_str     0x0000078b       0x1b ./example/src/main.o
                                0x23f (size before relaxing)
 .debug_str     0x000007a6       0x19 ./example/src/sysinit.o
                                0x258 (size before relaxing)
 .debug_str     0x000007bf      0xf62 C:\Users\Test Bruger\Documents\MCUXpressoIDE_10.0.2_411\workspace\lpc_board_ea_devkit_4088\Release\liblpc_board_ea_devkit_4088.a(board.o)
                               0x140e (size before relaxing)
 .debug_str     0x00001721      0x729 C:\Users\Test Bruger\Documents\MCUXpressoIDE_10.0.2_411\workspace\lpc_board_ea_devkit_4088\Release\liblpc_board_ea_devkit_4088.a(board_sysinit.o)
                                0xe82 (size before relaxing)
 .debug_str     0x00001e4a      0x180 C:\Users\Test Bruger\Documents\MCUXpressoIDE_10.0.2_411\workspace\lpc_chip_40xx\Release\liblpc_chip_40xx.a(chip_17xx_40xx.o)
                                0x95e (size before relaxing)
 .debug_str     0x00001fca      0x5a7 C:\Users\Test Bruger\Documents\MCUXpressoIDE_10.0.2_411\workspace\lpc_chip_40xx\Release\liblpc_chip_40xx.a(clock_17xx_40xx.o)
                                0xd96 (size before relaxing)
 .debug_str     0x00002571      0x444 C:\Users\Test Bruger\Documents\MCUXpressoIDE_10.0.2_411\workspace\lpc_chip_40xx\Release\liblpc_chip_40xx.a(emc_17xx_40xx.o)
                                0x93c (size before relaxing)
 .debug_str     0x000029b5       0x40 C:\Users\Test Bruger\Documents\MCUXpressoIDE_10.0.2_411\workspace\lpc_chip_40xx\Release\liblpc_chip_40xx.a(fpu_init.o)
                                0x23c (size before relaxing)
 .debug_str     0x000029f5       0x2e C:\Users\Test Bruger\Documents\MCUXpressoIDE_10.0.2_411\workspace\lpc_chip_40xx\Release\liblpc_chip_40xx.a(iocon_17xx_40xx.o)
                                0x2a6 (size before relaxing)
 .debug_str     0x00002a23       0x6f C:\Users\Test Bruger\Documents\MCUXpressoIDE_10.0.2_411\workspace\lpc_chip_40xx\Release\liblpc_chip_40xx.a(sysctl_17xx_40xx.o)
                                0x699 (size before relaxing)
 .debug_str     0x00002a92       0xc3 C:\Users\Test Bruger\Documents\MCUXpressoIDE_10.0.2_411\workspace\lpc_chip_40xx\Release\liblpc_chip_40xx.a(sysinit_17xx_40xx.o)
                                0x5e8 (size before relaxing)

.comment        0x00000000       0x6e
 .comment       0x00000000       0x6e ./example/src/LCD.o
                                 0x6f (size before relaxing)
 .comment       0x0000006e       0x6f ./example/src/cr_startup_lpc40xx.o
 .comment       0x0000006e       0x6f ./example/src/main.o
 .comment       0x0000006e       0x6f ./example/src/sysinit.o
 .comment       0x0000006e       0x6f C:\Users\Test Bruger\Documents\MCUXpressoIDE_10.0.2_411\workspace\lpc_board_ea_devkit_4088\Release\liblpc_board_ea_devkit_4088.a(board.o)
 .comment       0x0000006e       0x6f C:\Users\Test Bruger\Documents\MCUXpressoIDE_10.0.2_411\workspace\lpc_board_ea_devkit_4088\Release\liblpc_board_ea_devkit_4088.a(board_sysinit.o)
 .comment       0x0000006e       0x6f C:\Users\Test Bruger\Documents\MCUXpressoIDE_10.0.2_411\workspace\lpc_chip_40xx\Release\liblpc_chip_40xx.a(chip_17xx_40xx.o)
 .comment       0x0000006e       0x6f C:\Users\Test Bruger\Documents\MCUXpressoIDE_10.0.2_411\workspace\lpc_chip_40xx\Release\liblpc_chip_40xx.a(clock_17xx_40xx.o)
 .comment       0x0000006e       0x6f C:\Users\Test Bruger\Documents\MCUXpressoIDE_10.0.2_411\workspace\lpc_chip_40xx\Release\liblpc_chip_40xx.a(emc_17xx_40xx.o)
 .comment       0x0000006e       0x6f C:\Users\Test Bruger\Documents\MCUXpressoIDE_10.0.2_411\workspace\lpc_chip_40xx\Release\liblpc_chip_40xx.a(fpu_init.o)
 .comment       0x0000006e       0x6f C:\Users\Test Bruger\Documents\MCUXpressoIDE_10.0.2_411\workspace\lpc_chip_40xx\Release\liblpc_chip_40xx.a(iocon_17xx_40xx.o)
 .comment       0x0000006e       0x6f C:\Users\Test Bruger\Documents\MCUXpressoIDE_10.0.2_411\workspace\lpc_chip_40xx\Release\liblpc_chip_40xx.a(sysctl_17xx_40xx.o)
 .comment       0x0000006e       0x6f C:\Users\Test Bruger\Documents\MCUXpressoIDE_10.0.2_411\workspace\lpc_chip_40xx\Release\liblpc_chip_40xx.a(sysinit_17xx_40xx.o)
 .comment       0x0000006e       0x6f c:/nxp/mcuxpressoide_10.0.2_411/ide/tools/bin/../lib/gcc/arm-none-eabi/5.4.1/../../../../arm-none-eabi/lib/armv7e-m/softfp\libcr_semihost_nf.a(_cr__main.o)
 .comment       0x0000006e       0x6f c:/nxp/mcuxpressoide_10.0.2_411/ide/tools/bin/../lib/gcc/arm-none-eabi/5.4.1/../../../../arm-none-eabi/lib/armv7e-m/softfp\libcr_c.a(memset.o)
 .comment       0x0000006e       0x6f c:/nxp/mcuxpressoide_10.0.2_411/ide/tools/bin/../lib/gcc/arm-none-eabi/5.4.1/../../../../arm-none-eabi/lib/armv7e-m/softfp\libcr_c.a(initio.o)
 .comment       0x0000006e       0x6f c:/nxp/mcuxpressoide_10.0.2_411/ide/tools/bin/../lib/gcc/arm-none-eabi/5.4.1/../../../../arm-none-eabi/lib/armv7e-m/softfp\libcr_c.a(setvbuf.o)
 .comment       0x0000006e       0x6f c:/nxp/mcuxpressoide_10.0.2_411/ide/tools/bin/../lib/gcc/arm-none-eabi/5.4.1/../../../../arm-none-eabi/lib/armv7e-m/softfp\libcr_c.a(_fdopen.o)
 .comment       0x0000006e       0x6f c:/nxp/mcuxpressoide_10.0.2_411/ide/tools/bin/../lib/gcc/arm-none-eabi/5.4.1/../../../../arm-none-eabi/lib/armv7e-m/softfp\libcr_c.a(fclose.o)
 .comment       0x0000006e       0x6f c:/nxp/mcuxpressoide_10.0.2_411/ide/tools/bin/../lib/gcc/arm-none-eabi/5.4.1/../../../../arm-none-eabi/lib/armv7e-m/softfp\libcr_c.a(fflush.o)
 .comment       0x0000006e       0x6f c:/nxp/mcuxpressoide_10.0.2_411/ide/tools/bin/../lib/gcc/arm-none-eabi/5.4.1/../../../../arm-none-eabi/lib/armv7e-m/softfp\libcr_c.a(fseek.o)
 .comment       0x0000006e       0x6f c:/nxp/mcuxpressoide_10.0.2_411/ide/tools/bin/../lib/gcc/arm-none-eabi/5.4.1/../../../../arm-none-eabi/lib/armv7e-m/softfp\libcr_c.a(ftell.o)
 .comment       0x0000006e       0x6f c:/nxp/mcuxpressoide_10.0.2_411/ide/tools/bin/../lib/gcc/arm-none-eabi/5.4.1/../../../../arm-none-eabi/lib/armv7e-m/softfp\libcr_c.a(remove.o)
 .comment       0x0000006e       0x6f c:/nxp/mcuxpressoide_10.0.2_411/ide/tools/bin/../lib/gcc/arm-none-eabi/5.4.1/../../../../arm-none-eabi/lib/armv7e-m/softfp\libcr_c.a(strlen.o)
 .comment       0x0000006e       0x6f c:/nxp/mcuxpressoide_10.0.2_411/ide/tools/bin/../lib/gcc/arm-none-eabi/5.4.1/../../../../arm-none-eabi/lib/armv7e-m/softfp\libcr_c.a(_do_fflush.o)
 .comment       0x0000006e       0x6f c:/nxp/mcuxpressoide_10.0.2_411/ide/tools/bin/../lib/gcc/arm-none-eabi/5.4.1/../../../../arm-none-eabi/lib/armv7e-m/softfp\libcr_c.a(_fflush.o)
 .comment       0x0000006e       0x6f c:/nxp/mcuxpressoide_10.0.2_411/ide/tools/bin/../lib/gcc/arm-none-eabi/5.4.1/../../../../arm-none-eabi/lib/armv7e-m/softfp\libcr_c.a(_writebuf.o)
 .comment       0x0000006e       0x6f c:/nxp/mcuxpressoide_10.0.2_411/ide/tools/bin/../lib/gcc/arm-none-eabi/5.4.1/../../../../arm-none-eabi/lib/armv7e-m/softfp\libcr_c.a(alloc.o)
 .comment       0x0000006e       0x6f c:/nxp/mcuxpressoide_10.0.2_411/ide/tools/bin/../lib/gcc/arm-none-eabi/5.4.1/../../../../arm-none-eabi/lib/armv7e-m/softfp\libcr_c.a(errno.o)
 .comment       0x0000006e       0x6f c:/nxp/mcuxpressoide_10.0.2_411/ide/tools/bin/../lib/gcc/arm-none-eabi/5.4.1/../../../../arm-none-eabi/lib/armv7e-m/softfp\libcr_c.a(_deferredlazyseek.o)
 .comment       0x0000006e       0x6f c:/nxp/mcuxpressoide_10.0.2_411/ide/tools/bin/../lib/gcc/arm-none-eabi/5.4.1/../../../../arm-none-eabi/lib/armv7e-m/softfp\libcr_semihost_nf.a(__ciob.o)

.ARM.attributes
                0x00000000       0x35
 .ARM.attributes
                0x00000000       0x37 ./example/src/LCD.o
 .ARM.attributes
                0x00000037       0x37 ./example/src/cr_startup_lpc40xx.o
 .ARM.attributes
                0x0000006e       0x37 ./example/src/main.o
 .ARM.attributes
                0x000000a5       0x37 ./example/src/sysinit.o
 .ARM.attributes
                0x000000dc       0x37 C:\Users\Test Bruger\Documents\MCUXpressoIDE_10.0.2_411\workspace\lpc_board_ea_devkit_4088\Release\liblpc_board_ea_devkit_4088.a(board.o)
 .ARM.attributes
                0x00000113       0x37 C:\Users\Test Bruger\Documents\MCUXpressoIDE_10.0.2_411\workspace\lpc_board_ea_devkit_4088\Release\liblpc_board_ea_devkit_4088.a(board_sysinit.o)
 .ARM.attributes
                0x0000014a       0x37 C:\Users\Test Bruger\Documents\MCUXpressoIDE_10.0.2_411\workspace\lpc_chip_40xx\Release\liblpc_chip_40xx.a(chip_17xx_40xx.o)
 .ARM.attributes
                0x00000181       0x37 C:\Users\Test Bruger\Documents\MCUXpressoIDE_10.0.2_411\workspace\lpc_chip_40xx\Release\liblpc_chip_40xx.a(clock_17xx_40xx.o)
 .ARM.attributes
                0x000001b8       0x37 C:\Users\Test Bruger\Documents\MCUXpressoIDE_10.0.2_411\workspace\lpc_chip_40xx\Release\liblpc_chip_40xx.a(emc_17xx_40xx.o)
 .ARM.attributes
                0x000001ef       0x37 C:\Users\Test Bruger\Documents\MCUXpressoIDE_10.0.2_411\workspace\lpc_chip_40xx\Release\liblpc_chip_40xx.a(fpu_init.o)
 .ARM.attributes
                0x00000226       0x37 C:\Users\Test Bruger\Documents\MCUXpressoIDE_10.0.2_411\workspace\lpc_chip_40xx\Release\liblpc_chip_40xx.a(iocon_17xx_40xx.o)
 .ARM.attributes
                0x0000025d       0x37 C:\Users\Test Bruger\Documents\MCUXpressoIDE_10.0.2_411\workspace\lpc_chip_40xx\Release\liblpc_chip_40xx.a(sysctl_17xx_40xx.o)
 .ARM.attributes
                0x00000294       0x37 C:\Users\Test Bruger\Documents\MCUXpressoIDE_10.0.2_411\workspace\lpc_chip_40xx\Release\liblpc_chip_40xx.a(sysinit_17xx_40xx.o)
 .ARM.attributes
                0x000002cb       0x37 c:/nxp/mcuxpressoide_10.0.2_411/ide/tools/bin/../lib/gcc/arm-none-eabi/5.4.1/../../../../arm-none-eabi/lib/armv7e-m/softfp\libcr_semihost_nf.a(_cr__main.o)
 .ARM.attributes
                0x00000302       0x37 c:/nxp/mcuxpressoide_10.0.2_411/ide/tools/bin/../lib/gcc/arm-none-eabi/5.4.1/../../../../arm-none-eabi/lib/armv7e-m/softfp\libcr_c.a(memset.o)
 .ARM.attributes
                0x00000339       0x37 c:/nxp/mcuxpressoide_10.0.2_411/ide/tools/bin/../lib/gcc/arm-none-eabi/5.4.1/../../../../arm-none-eabi/lib/armv7e-m/softfp\libcr_c.a(initio.o)
 .ARM.attributes
                0x00000370       0x37 c:/nxp/mcuxpressoide_10.0.2_411/ide/tools/bin/../lib/gcc/arm-none-eabi/5.4.1/../../../../arm-none-eabi/lib/armv7e-m/softfp\libcr_c.a(setvbuf.o)
 .ARM.attributes
                0x000003a7       0x37 c:/nxp/mcuxpressoide_10.0.2_411/ide/tools/bin/../lib/gcc/arm-none-eabi/5.4.1/../../../../arm-none-eabi/lib/armv7e-m/softfp\libcr_c.a(_fdopen.o)
 .ARM.attributes
                0x000003de       0x37 c:/nxp/mcuxpressoide_10.0.2_411/ide/tools/bin/../lib/gcc/arm-none-eabi/5.4.1/../../../../arm-none-eabi/lib/armv7e-m/softfp\libcr_c.a(fclose.o)
 .ARM.attributes
                0x00000415       0x37 c:/nxp/mcuxpressoide_10.0.2_411/ide/tools/bin/../lib/gcc/arm-none-eabi/5.4.1/../../../../arm-none-eabi/lib/armv7e-m/softfp\libcr_c.a(fflush.o)
 .ARM.attributes
                0x0000044c       0x37 c:/nxp/mcuxpressoide_10.0.2_411/ide/tools/bin/../lib/gcc/arm-none-eabi/5.4.1/../../../../arm-none-eabi/lib/armv7e-m/softfp\libcr_c.a(fseek.o)
 .ARM.attributes
                0x00000483       0x37 c:/nxp/mcuxpressoide_10.0.2_411/ide/tools/bin/../lib/gcc/arm-none-eabi/5.4.1/../../../../arm-none-eabi/lib/armv7e-m/softfp\libcr_c.a(ftell.o)
 .ARM.attributes
                0x000004ba       0x37 c:/nxp/mcuxpressoide_10.0.2_411/ide/tools/bin/../lib/gcc/arm-none-eabi/5.4.1/../../../../arm-none-eabi/lib/armv7e-m/softfp\libcr_c.a(remove.o)
 .ARM.attributes
                0x000004f1       0x37 c:/nxp/mcuxpressoide_10.0.2_411/ide/tools/bin/../lib/gcc/arm-none-eabi/5.4.1/../../../../arm-none-eabi/lib/armv7e-m/softfp\libcr_c.a(strlen.o)
 .ARM.attributes
                0x00000528       0x37 c:/nxp/mcuxpressoide_10.0.2_411/ide/tools/bin/../lib/gcc/arm-none-eabi/5.4.1/../../../../arm-none-eabi/lib/armv7e-m/softfp\libcr_c.a(_do_fflush.o)
 .ARM.attributes
                0x0000055f       0x37 c:/nxp/mcuxpressoide_10.0.2_411/ide/tools/bin/../lib/gcc/arm-none-eabi/5.4.1/../../../../arm-none-eabi/lib/armv7e-m/softfp\libcr_c.a(_fflush.o)
 .ARM.attributes
                0x00000596       0x37 c:/nxp/mcuxpressoide_10.0.2_411/ide/tools/bin/../lib/gcc/arm-none-eabi/5.4.1/../../../../arm-none-eabi/lib/armv7e-m/softfp\libcr_c.a(_writebuf.o)
 .ARM.attributes
                0x000005cd       0x37 c:/nxp/mcuxpressoide_10.0.2_411/ide/tools/bin/../lib/gcc/arm-none-eabi/5.4.1/../../../../arm-none-eabi/lib/armv7e-m/softfp\libcr_c.a(alloc.o)
 .ARM.attributes
                0x00000604       0x37 c:/nxp/mcuxpressoide_10.0.2_411/ide/tools/bin/../lib/gcc/arm-none-eabi/5.4.1/../../../../arm-none-eabi/lib/armv7e-m/softfp\libcr_c.a(errno.o)
 .ARM.attributes
                0x0000063b       0x37 c:/nxp/mcuxpressoide_10.0.2_411/ide/tools/bin/../lib/gcc/arm-none-eabi/5.4.1/../../../../arm-none-eabi/lib/armv7e-m/softfp\libcr_c.a(_deferredlazyseek.o)
 .ARM.attributes
                0x00000672       0x25 c:/nxp/mcuxpressoide_10.0.2_411/ide/tools/bin/../lib/gcc/arm-none-eabi/5.4.1/armv7e-m/softfp\libcr_eabihelpers.a(memcpy.o)
 .ARM.attributes
                0x00000697       0x37 c:/nxp/mcuxpressoide_10.0.2_411/ide/tools/bin/../lib/gcc/arm-none-eabi/5.4.1/../../../../arm-none-eabi/lib/armv7e-m/softfp\libcr_semihost_nf.a(__ciob.o)
 .ARM.attributes
                0x000006ce       0x25 c:/nxp/mcuxpressoide_10.0.2_411/ide/tools/bin/../lib/gcc/arm-none-eabi/5.4.1/../../../../arm-none-eabi/lib/armv7e-m/softfp\libcr_semihost_nf.a(__sys_close.o)
 .ARM.attributes
                0x000006f3       0x25 c:/nxp/mcuxpressoide_10.0.2_411/ide/tools/bin/../lib/gcc/arm-none-eabi/5.4.1/../../../../arm-none-eabi/lib/armv7e-m/softfp\libcr_semihost_nf.a(__sys_flen.o)
 .ARM.attributes
                0x00000718       0x25 c:/nxp/mcuxpressoide_10.0.2_411/ide/tools/bin/../lib/gcc/arm-none-eabi/5.4.1/../../../../arm-none-eabi/lib/armv7e-m/softfp\libcr_semihost_nf.a(__sys_istty.o)
 .ARM.attributes
                0x0000073d       0x25 c:/nxp/mcuxpressoide_10.0.2_411/ide/tools/bin/../lib/gcc/arm-none-eabi/5.4.1/../../../../arm-none-eabi/lib/armv7e-m/softfp\libcr_semihost_nf.a(__sys_remove.o)
 .ARM.attributes
                0x00000762       0x25 c:/nxp/mcuxpressoide_10.0.2_411/ide/tools/bin/../lib/gcc/arm-none-eabi/5.4.1/../../../../arm-none-eabi/lib/armv7e-m/softfp\libcr_semihost_nf.a(__sys_seek.o)
 .ARM.attributes
                0x00000787       0x25 c:/nxp/mcuxpressoide_10.0.2_411/ide/tools/bin/../lib/gcc/arm-none-eabi/5.4.1/../../../../arm-none-eabi/lib/armv7e-m/softfp\libcr_semihost_nf.a(__sys_tmpnam.o)
 .ARM.attributes
                0x000007ac       0x25 c:/nxp/mcuxpressoide_10.0.2_411/ide/tools/bin/../lib/gcc/arm-none-eabi/5.4.1/../../../../arm-none-eabi/lib/armv7e-m/softfp\libcr_semihost_nf.a(__sys_write.o)

.debug_frame    0x00000000      0xb9c
 .debug_frame   0x00000000      0x2a8 ./example/src/LCD.o
 .debug_frame   0x000002a8      0x170 ./example/src/cr_startup_lpc40xx.o
 .debug_frame   0x00000418       0x34 ./example/src/main.o
 .debug_frame   0x0000044c       0x34 ./example/src/sysinit.o
 .debug_frame   0x00000480      0x2c8 C:\Users\Test Bruger\Documents\MCUXpressoIDE_10.0.2_411\workspace\lpc_board_ea_devkit_4088\Release\liblpc_board_ea_devkit_4088.a(board.o)
 .debug_frame   0x00000748       0x80 C:\Users\Test Bruger\Documents\MCUXpressoIDE_10.0.2_411\workspace\lpc_board_ea_devkit_4088\Release\liblpc_board_ea_devkit_4088.a(board_sysinit.o)
 .debug_frame   0x000007c8       0x44 C:\Users\Test Bruger\Documents\MCUXpressoIDE_10.0.2_411\workspace\lpc_chip_40xx\Release\liblpc_chip_40xx.a(chip_17xx_40xx.o)
 .debug_frame   0x0000080c      0x1d0 C:\Users\Test Bruger\Documents\MCUXpressoIDE_10.0.2_411\workspace\lpc_chip_40xx\Release\liblpc_chip_40xx.a(clock_17xx_40xx.o)
 .debug_frame   0x000009dc       0xe4 C:\Users\Test Bruger\Documents\MCUXpressoIDE_10.0.2_411\workspace\lpc_chip_40xx\Release\liblpc_chip_40xx.a(emc_17xx_40xx.o)
 .debug_frame   0x00000ac0       0x28 C:\Users\Test Bruger\Documents\MCUXpressoIDE_10.0.2_411\workspace\lpc_chip_40xx\Release\liblpc_chip_40xx.a(fpu_init.o)
 .debug_frame   0x00000ae8       0x2c C:\Users\Test Bruger\Documents\MCUXpressoIDE_10.0.2_411\workspace\lpc_chip_40xx\Release\liblpc_chip_40xx.a(iocon_17xx_40xx.o)
 .debug_frame   0x00000b14       0x30 C:\Users\Test Bruger\Documents\MCUXpressoIDE_10.0.2_411\workspace\lpc_chip_40xx\Release\liblpc_chip_40xx.a(sysctl_17xx_40xx.o)
 .debug_frame   0x00000b44       0x58 C:\Users\Test Bruger\Documents\MCUXpressoIDE_10.0.2_411\workspace\lpc_chip_40xx\Release\liblpc_chip_40xx.a(sysinit_17xx_40xx.o)

.debug_loc      0x00000000     0x2d3b
 .debug_loc     0x00000000     0x2218 C:\Users\Test Bruger\Documents\MCUXpressoIDE_10.0.2_411\workspace\lpc_board_ea_devkit_4088\Release\liblpc_board_ea_devkit_4088.a(board.o)
 .debug_loc     0x00002218      0x192 C:\Users\Test Bruger\Documents\MCUXpressoIDE_10.0.2_411\workspace\lpc_board_ea_devkit_4088\Release\liblpc_board_ea_devkit_4088.a(board_sysinit.o)
 .debug_loc     0x000023aa       0x14 C:\Users\Test Bruger\Documents\MCUXpressoIDE_10.0.2_411\workspace\lpc_chip_40xx\Release\liblpc_chip_40xx.a(chip_17xx_40xx.o)
 .debug_loc     0x000023be      0x4ca C:\Users\Test Bruger\Documents\MCUXpressoIDE_10.0.2_411\workspace\lpc_chip_40xx\Release\liblpc_chip_40xx.a(clock_17xx_40xx.o)
 .debug_loc     0x00002888      0x337 C:\Users\Test Bruger\Documents\MCUXpressoIDE_10.0.2_411\workspace\lpc_chip_40xx\Release\liblpc_chip_40xx.a(emc_17xx_40xx.o)
 .debug_loc     0x00002bbf       0x20 C:\Users\Test Bruger\Documents\MCUXpressoIDE_10.0.2_411\workspace\lpc_chip_40xx\Release\liblpc_chip_40xx.a(fpu_init.o)
 .debug_loc     0x00002bdf       0x7c C:\Users\Test Bruger\Documents\MCUXpressoIDE_10.0.2_411\workspace\lpc_chip_40xx\Release\liblpc_chip_40xx.a(iocon_17xx_40xx.o)
 .debug_loc     0x00002c5b       0x90 C:\Users\Test Bruger\Documents\MCUXpressoIDE_10.0.2_411\workspace\lpc_chip_40xx\Release\liblpc_chip_40xx.a(sysctl_17xx_40xx.o)
 .debug_loc     0x00002ceb       0x50 C:\Users\Test Bruger\Documents\MCUXpressoIDE_10.0.2_411\workspace\lpc_chip_40xx\Release\liblpc_chip_40xx.a(sysinit_17xx_40xx.o)
